Archive member included to satisfy reference by file (symbol)

/usr/lib/gcc/arm-none-eabi/13.1.0/../../../../arm-none-eabi/lib/thumb/v7-m/nofp/libc_nano.a(libc_a-atexit.o)
                              /usr/lib/gcc/arm-none-eabi/13.1.0/../../../../arm-none-eabi/lib/thumb/v7-m/nofp/crt0.o (atexit)
/usr/lib/gcc/arm-none-eabi/13.1.0/../../../../arm-none-eabi/lib/thumb/v7-m/nofp/libc_nano.a(libc_a-exit.o)
                              /usr/lib/gcc/arm-none-eabi/13.1.0/../../../../arm-none-eabi/lib/thumb/v7-m/nofp/crt0.o (exit)
/usr/lib/gcc/arm-none-eabi/13.1.0/../../../../arm-none-eabi/lib/thumb/v7-m/nofp/libc_nano.a(libc_a-findfp.o)
                              /usr/lib/gcc/arm-none-eabi/13.1.0/../../../../arm-none-eabi/lib/thumb/v7-m/nofp/libc_nano.a(libc_a-exit.o) (__stdio_exit_handler)
/usr/lib/gcc/arm-none-eabi/13.1.0/../../../../arm-none-eabi/lib/thumb/v7-m/nofp/libc_nano.a(libc_a-fwalk.o)
                              /usr/lib/gcc/arm-none-eabi/13.1.0/../../../../arm-none-eabi/lib/thumb/v7-m/nofp/libc_nano.a(libc_a-findfp.o) (_fwalk_sglue)
/usr/lib/gcc/arm-none-eabi/13.1.0/../../../../arm-none-eabi/lib/thumb/v7-m/nofp/libc_nano.a(libc_a-stdio.o)
                              /usr/lib/gcc/arm-none-eabi/13.1.0/../../../../arm-none-eabi/lib/thumb/v7-m/nofp/libc_nano.a(libc_a-findfp.o) (__sread)
/usr/lib/gcc/arm-none-eabi/13.1.0/../../../../arm-none-eabi/lib/thumb/v7-m/nofp/libc_nano.a(libc_a-memset.o)
                              /usr/lib/gcc/arm-none-eabi/13.1.0/../../../../arm-none-eabi/lib/thumb/v7-m/nofp/crt0.o (memset)
/usr/lib/gcc/arm-none-eabi/13.1.0/../../../../arm-none-eabi/lib/thumb/v7-m/nofp/libc_nano.a(libc_a-closer.o)
                              /usr/lib/gcc/arm-none-eabi/13.1.0/../../../../arm-none-eabi/lib/thumb/v7-m/nofp/libc_nano.a(libc_a-stdio.o) (_close_r)
/usr/lib/gcc/arm-none-eabi/13.1.0/../../../../arm-none-eabi/lib/thumb/v7-m/nofp/libc_nano.a(libc_a-reent.o)
                              /usr/lib/gcc/arm-none-eabi/13.1.0/../../../../arm-none-eabi/lib/thumb/v7-m/nofp/libc_nano.a(libc_a-closer.o) (errno)
/usr/lib/gcc/arm-none-eabi/13.1.0/../../../../arm-none-eabi/lib/thumb/v7-m/nofp/libc_nano.a(libc_a-impure.o)
                              /usr/lib/gcc/arm-none-eabi/13.1.0/../../../../arm-none-eabi/lib/thumb/v7-m/nofp/libc_nano.a(libc_a-reent.o) (_impure_ptr)
/usr/lib/gcc/arm-none-eabi/13.1.0/../../../../arm-none-eabi/lib/thumb/v7-m/nofp/libc_nano.a(libc_a-lseekr.o)
                              /usr/lib/gcc/arm-none-eabi/13.1.0/../../../../arm-none-eabi/lib/thumb/v7-m/nofp/libc_nano.a(libc_a-stdio.o) (_lseek_r)
/usr/lib/gcc/arm-none-eabi/13.1.0/../../../../arm-none-eabi/lib/thumb/v7-m/nofp/libc_nano.a(libc_a-readr.o)
                              /usr/lib/gcc/arm-none-eabi/13.1.0/../../../../arm-none-eabi/lib/thumb/v7-m/nofp/libc_nano.a(libc_a-stdio.o) (_read_r)
/usr/lib/gcc/arm-none-eabi/13.1.0/../../../../arm-none-eabi/lib/thumb/v7-m/nofp/libc_nano.a(libc_a-writer.o)
                              /usr/lib/gcc/arm-none-eabi/13.1.0/../../../../arm-none-eabi/lib/thumb/v7-m/nofp/libc_nano.a(libc_a-stdio.o) (_write_r)
/usr/lib/gcc/arm-none-eabi/13.1.0/../../../../arm-none-eabi/lib/thumb/v7-m/nofp/libc_nano.a(libc_a-init.o)
                              /usr/lib/gcc/arm-none-eabi/13.1.0/../../../../arm-none-eabi/lib/thumb/v7-m/nofp/crt0.o (__libc_init_array)
/usr/lib/gcc/arm-none-eabi/13.1.0/../../../../arm-none-eabi/lib/thumb/v7-m/nofp/libc_nano.a(libc_a-fini.o)
                              /usr/lib/gcc/arm-none-eabi/13.1.0/../../../../arm-none-eabi/lib/thumb/v7-m/nofp/crt0.o (__libc_fini_array)
/usr/lib/gcc/arm-none-eabi/13.1.0/../../../../arm-none-eabi/lib/thumb/v7-m/nofp/libc_nano.a(libc_a-lock.o)
                              /usr/lib/gcc/arm-none-eabi/13.1.0/../../../../arm-none-eabi/lib/thumb/v7-m/nofp/libc_nano.a(libc_a-findfp.o) (__retarget_lock_init_recursive)
/usr/lib/gcc/arm-none-eabi/13.1.0/../../../../arm-none-eabi/lib/thumb/v7-m/nofp/libc_nano.a(libc_a-__atexit.o)
                              /usr/lib/gcc/arm-none-eabi/13.1.0/../../../../arm-none-eabi/lib/thumb/v7-m/nofp/libc_nano.a(libc_a-atexit.o) (__register_exitproc)
/usr/lib/gcc/arm-none-eabi/13.1.0/../../../../arm-none-eabi/lib/thumb/v7-m/nofp/libc_nano.a(libc_a-__call_atexit.o)
                              /usr/lib/gcc/arm-none-eabi/13.1.0/../../../../arm-none-eabi/lib/thumb/v7-m/nofp/libc_nano.a(libc_a-__atexit.o) (__call_exitprocs)
/usr/lib/gcc/arm-none-eabi/13.1.0/../../../../arm-none-eabi/lib/thumb/v7-m/nofp/libc_nano.a(libc_a-freer.o)
                              /usr/lib/gcc/arm-none-eabi/13.1.0/../../../../arm-none-eabi/lib/thumb/v7-m/nofp/libc_nano.a(libc_a-reent.o) (_free_r)
/usr/lib/gcc/arm-none-eabi/13.1.0/../../../../arm-none-eabi/lib/thumb/v7-m/nofp/libc_nano.a(libc_a-mallocr.o)
                              /usr/lib/gcc/arm-none-eabi/13.1.0/../../../../arm-none-eabi/lib/thumb/v7-m/nofp/libc_nano.a(libc_a-findfp.o) (_malloc_r)
[...]
Memory Configuration

Name             Origin             Length             Attributes
RAM              0x20000000         0x00014000         xrw
FLASH            0x08000000         0x00080000         xr
*default*        0x00000000         0xffffffff

Linker script and memory map

LOAD /usr/lib/gcc/arm-none-eabi/13.1.0/thumb/v7-m/nofp/crti.o
LOAD /usr/lib/gcc/arm-none-eabi/13.1.0/thumb/v7-m/nofp/crtbegin.o
LOAD /usr/lib/gcc/arm-none-eabi/13.1.0/../../../../arm-none-eabi/lib/thumb/v7-m/nofp/crt0.o
LOAD build/main.o
LOAD build/stm32l1xx_it.o
LOAD build/stm32l1xx_hal_msp.o
LOAD build/stm32l1xx_hal_tim.o
LOAD build/stm32l1xx_hal_tim_ex.o
LOAD build/stm32l1xx_hal_uart.o
LOAD build/stm32l1xx_hal.o
LOAD build/stm32l1xx_hal_rcc.o
LOAD build/stm32l1xx_hal_rcc_ex.o
LOAD build/stm32l1xx_hal_flash.o
LOAD build/stm32l1xx_hal_flash_ex.o
LOAD build/stm32l1xx_hal_flash_ramfunc.o
LOAD build/stm32l1xx_hal_gpio.o
LOAD build/stm32l1xx_hal_dma.o
LOAD build/stm32l1xx_hal_pwr.o
LOAD build/stm32l1xx_hal_pwr_ex.o
LOAD build/stm32l1xx_hal_cortex.o
LOAD build/stm32l1xx_hal_exti.o
LOAD build/system_stm32l1xx.o
LOAD build/startup_stm32l152xe.o
LOAD /usr/lib/gcc/arm-none-eabi/13.1.0/../../../../arm-none-eabi/lib/thumb/v7-m/nofp/libc_nano.a
LOAD /usr/lib/gcc/arm-none-eabi/13.1.0/../../../../arm-none-eabi/lib/thumb/v7-m/nofp/libm.a
LOAD /usr/lib/gcc/arm-none-eabi/13.1.0/../../../../arm-none-eabi/lib/thumb/v7-m/nofp/libnosys.a
START GROUP
LOAD /usr/lib/gcc/arm-none-eabi/13.1.0/thumb/v7-m/nofp/libgcc.a
LOAD /usr/lib/gcc/arm-none-eabi/13.1.0/../../../../arm-none-eabi/lib/thumb/v7-m/nofp/libc_nano.a
END GROUP
START GROUP
LOAD /usr/lib/gcc/arm-none-eabi/13.1.0/thumb/v7-m/nofp/libgcc.a
LOAD /usr/lib/gcc/arm-none-eabi/13.1.0/../../../../arm-none-eabi/lib/thumb/v7-m/nofp/libc_nano.a
END GROUP
LOAD /usr/lib/gcc/arm-none-eabi/13.1.0/thumb/v7-m/nofp/crtend.o
LOAD /usr/lib/gcc/arm-none-eabi/13.1.0/thumb/v7-m/nofp/crtn.o
                0x20014000                        _estack = (ORIGIN (RAM) + LENGTH (RAM))
                0x00000200                        _Min_Heap_Size = 0x200
                0x00000400                        _Min_Stack_Size = 0x400

.isr_vector     0x08000000      0x13c
                0x08000000                        . = ALIGN (0x4)
 *(.isr_vector)
 .isr_vector    0x08000000      0x13c build/startup_stm32l152xe.o
                0x08000000                g_pfnVectors
                0x0800013c                        . = ALIGN (0x4)

.text           0x0800013c     0x1330
                0x0800013c                        . = ALIGN (0x4)
 *(.text)
 .text          0x0800013c       0x30 /usr/lib/gcc/arm-none-eabi/13.1.0/thumb/v7-m/nofp/libgcc.a(_aeabi_uldivmod.o)
                0x0800013c                __aeabi_uldivmod
 .text          0x0800016c        0x4 /usr/lib/gcc/arm-none-eabi/13.1.0/thumb/v7-m/nofp/libgcc.a(_dvmd_tls.o)
                0x0800016c                __aeabi_ldiv0
                0x0800016c                __aeabi_idiv0
 *(.text*)
 .text.__do_global_dtors_aux
                0x08000170       0x24 /usr/lib/gcc/arm-none-eabi/13.1.0/thumb/v7-m/nofp/crtbegin.o
 .text.frame_dummy
                0x08000194       0x1c /usr/lib/gcc/arm-none-eabi/13.1.0/thumb/v7-m/nofp/crtbegin.o
 .text.MX_GPIO_Init
                0x080001b0       0xa0 build/main.o
 .text.Error_Handler
                0x08000250        0x4 build/main.o
                0x08000250                Error_Handler
 .text.MX_USART2_UART_Init
                0x08000254       0x34 build/main.o
 .text.SystemClock_Config
                0x08000288       0x78 build/main.o
                0x08000288                SystemClock_Config
 .text.main     0x08000300       0x28 build/main.o
                0x08000300                main
 .text.NMI_Handler
                0x08000328        0x2 build/stm32l1xx_it.o
                0x08000328                NMI_Handler
 .text.HardFault_Handler
                0x0800032a        0x2 build/stm32l1xx_it.o
                0x0800032a                HardFault_Handler
 .text.MemManage_Handler
                0x0800032c        0x2 build/stm32l1xx_it.o
                0x0800032c                MemManage_Handler
 .text.BusFault_Handler
                0x0800032e        0x2 build/stm32l1xx_it.o
                0x0800032e                BusFault_Handler
 .text.UsageFault_Handler
                0x08000330        0x2 build/stm32l1xx_it.o
                0x08000330                UsageFault_Handler
 .text.SVC_Handler
                0x08000332        0x2 build/stm32l1xx_it.o
                0x08000332                SVC_Handler
 .text.DebugMon_Handler
                0x08000334        0x2 build/stm32l1xx_it.o
                0x08000334                DebugMon_Handler
 .text.PendSV_Handler
                0x08000336        0x2 build/stm32l1xx_it.o
                0x08000336                PendSV_Handler
 .text.SysTick_Handler
                0x08000338        0x8 build/stm32l1xx_it.o
                0x08000338                SysTick_Handler
 .text.HAL_MspInit
                0x08000340       0x4c build/stm32l1xx_hal_msp.o
                0x08000340                HAL_MspInit
 .text.HAL_UART_MspInit
                0x0800038c       0x6c build/stm32l1xx_hal_msp.o
                0x0800038c                HAL_UART_MspInit
 .text.UART_SetConfig
                0x080003f8       0xdc build/stm32l1xx_hal_uart.o
 .text.HAL_UART_Init
                0x080004d4       0x60 build/stm32l1xx_hal_uart.o
                0x080004d4                HAL_UART_Init
 .text.HAL_InitTick
                0x08000534       0x50 build/stm32l1xx_hal.o
                0x08000534                HAL_InitTick
 .text.HAL_Init
                0x08000584       0x1e build/stm32l1xx_hal.o
                0x08000584                HAL_Init
 *fill*         0x080005a2        0x2 
 .text.HAL_IncTick
                0x080005a4       0x18 build/stm32l1xx_hal.o
                0x080005a4                HAL_IncTick
 .text.HAL_GetTick
                0x080005bc        0xc build/stm32l1xx_hal.o
                0x080005bc                HAL_GetTick
 .text.HAL_Delay
                0x080005c8       0x28 build/stm32l1xx_hal.o
                0x080005c8                HAL_Delay
 .text.RCC_SetFlashLatencyFromMSIRange
                0x080005f0       0x90 build/stm32l1xx_hal_rcc.o
 .text.HAL_RCC_OscConfig
                0x08000680      0x4fc build/stm32l1xx_hal_rcc.o
                0x08000680                HAL_RCC_OscConfig
 .text.HAL_RCC_GetSysClockFreq
                0x08000b7c       0xd8 build/stm32l1xx_hal_rcc.o
                0x08000b7c                HAL_RCC_GetSysClockFreq
 .text.HAL_RCC_ClockConfig
                0x08000c54      0x1dc build/stm32l1xx_hal_rcc.o
                0x08000c54                HAL_RCC_ClockConfig
 .text.HAL_RCC_GetHCLKFreq
                0x08000e30        0xc build/stm32l1xx_hal_rcc.o
                0x08000e30                HAL_RCC_GetHCLKFreq
 .text.HAL_RCC_GetPCLK1Freq
                0x08000e3c       0x20 build/stm32l1xx_hal_rcc.o
                0x08000e3c                HAL_RCC_GetPCLK1Freq
 .text.HAL_RCC_GetPCLK2Freq
                0x08000e5c       0x20 build/stm32l1xx_hal_rcc.o
                0x08000e5c                HAL_RCC_GetPCLK2Freq
 .text.HAL_GPIO_Init
                0x08000e7c      0x1b8 build/stm32l1xx_hal_gpio.o
                0x08000e7c                HAL_GPIO_Init
 .text.HAL_GPIO_WritePin
                0x08001034        0xc build/stm32l1xx_hal_gpio.o
                0x08001034                HAL_GPIO_WritePin
 .text.HAL_GPIO_TogglePin
                0x08001040       0x12 build/stm32l1xx_hal_gpio.o
                0x08001040                HAL_GPIO_TogglePin
 *fill*         0x08001052        0x2 
 .text.HAL_NVIC_SetPriorityGrouping
                0x08001054       0x24 build/stm32l1xx_hal_cortex.o
                0x08001054                HAL_NVIC_SetPriorityGrouping
 .text.HAL_NVIC_SetPriority
                0x08001078       0x68 build/stm32l1xx_hal_cortex.o
                0x08001078                HAL_NVIC_SetPriority
 .text.HAL_SYSTICK_Config
                0x080010e0       0x2c build/stm32l1xx_hal_cortex.o
                0x080010e0                HAL_SYSTICK_Config
 .text.SystemInit
                0x0800110c        0x2 build/system_stm32l1xx.o
                0x0800110c                SystemInit
 *fill*         0x0800110e        0x2 
 .text.Reset_Handler
                0x08001110       0x48 build/startup_stm32l152xe.o
                0x08001110                Reset_Handler
 .text.Default_Handler
                0x08001158        0x2 build/startup_stm32l152xe.o
                0x08001158                RTC_Alarm_IRQHandler
                0x08001158                EXTI2_IRQHandler
                0x08001158                COMP_ACQ_IRQHandler
                0x08001158                TIM10_IRQHandler
                0x08001158                USB_HP_IRQHandler
                0x08001158                TIM6_IRQHandler
                0x08001158                PVD_IRQHandler
                0x08001158                EXTI3_IRQHandler
                0x08001158                EXTI0_IRQHandler
                0x08001158                I2C2_EV_IRQHandler
                0x08001158                SPI1_IRQHandler
                0x08001158                USB_FS_WKUP_IRQHandler
                0x08001158                DMA2_Channel2_IRQHandler
                0x08001158                DMA1_Channel4_IRQHandler
                0x08001158                ADC1_IRQHandler
                0x08001158                USART3_IRQHandler
                0x08001158                DMA1_Channel7_IRQHandler
                0x08001158                LCD_IRQHandler
                0x08001158                UART5_IRQHandler
                0x08001158                TIM4_IRQHandler
                0x08001158                DMA2_Channel1_IRQHandler
                0x08001158                I2C1_EV_IRQHandler
                0x08001158                DMA1_Channel6_IRQHandler
                0x08001158                UART4_IRQHandler
                0x08001158                DMA2_Channel4_IRQHandler
                0x08001158                TIM3_IRQHandler
                0x08001158                RCC_IRQHandler
                0x08001158                DMA1_Channel1_IRQHandler
                0x08001158                Default_Handler
                0x08001158                EXTI15_10_IRQHandler
                0x08001158                TIM7_IRQHandler
                0x08001158                TIM5_IRQHandler
                0x08001158                EXTI9_5_IRQHandler
                0x08001158                TIM9_IRQHandler
                0x08001158                TAMPER_STAMP_IRQHandler
                0x08001158                RTC_WKUP_IRQHandler
                0x08001158                SPI2_IRQHandler
                0x08001158                DMA2_Channel5_IRQHandler
                0x08001158                DMA1_Channel5_IRQHandler
                0x08001158                USB_LP_IRQHandler
                0x08001158                EXTI4_IRQHandler
                0x08001158                DMA1_Channel3_IRQHandler
                0x08001158                COMP_IRQHandler
                0x08001158                WWDG_IRQHandler
                0x08001158                TIM2_IRQHandler
                0x08001158                DAC_IRQHandler
                0x08001158                EXTI1_IRQHandler
                0x08001158                TIM11_IRQHandler
                0x08001158                USART2_IRQHandler
                0x08001158                I2C2_ER_IRQHandler
                0x08001158                DMA1_Channel2_IRQHandler
                0x08001158                FLASH_IRQHandler
                0x08001158                USART1_IRQHandler
                0x08001158                SPI3_IRQHandler
                0x08001158                I2C1_ER_IRQHandler
                0x08001158                DMA2_Channel3_IRQHandler
 .text.memset   0x0800115a       0x10 /usr/lib/gcc/arm-none-eabi/13.1.0/../../../../arm-none-eabi/lib/thumb/v7-m/nofp/libc_nano.a(libc_a-memset.o)
                0x0800115a                memset
 *fill*         0x0800116a        0x2 
 .text.__libc_init_array
                0x0800116c       0x48 /usr/lib/gcc/arm-none-eabi/13.1.0/../../../../arm-none-eabi/lib/thumb/v7-m/nofp/libc_nano.a(libc_a-init.o)
                0x0800116c                __libc_init_array
 .text.__udivmoddi4
                0x080011b4      0x2a0 /usr/lib/gcc/arm-none-eabi/13.1.0/thumb/v7-m/nofp/libgcc.a(_udivmoddi4.o)
                0x080011b4                __udivmoddi4
 *(.glue_7)
 .glue_7        0x08001454        0x0 linker stubs
 *(.glue_7t)
 .glue_7t       0x08001454        0x0 linker stubs
 *(.eh_frame)
 .eh_frame      0x08001454        0x0 /usr/lib/gcc/arm-none-eabi/13.1.0/thumb/v7-m/nofp/crtbegin.o
 *(.init)
 .init          0x08001454        0x4 /usr/lib/gcc/arm-none-eabi/13.1.0/thumb/v7-m/nofp/crti.o
                0x08001454                _init
 .init          0x08001458        0x8 /usr/lib/gcc/arm-none-eabi/13.1.0/thumb/v7-m/nofp/crtn.o
 *(.fini)
 .fini          0x08001460        0x4 /usr/lib/gcc/arm-none-eabi/13.1.0/thumb/v7-m/nofp/crti.o
                0x08001460                _fini
 .fini          0x08001464        0x8 /usr/lib/gcc/arm-none-eabi/13.1.0/thumb/v7-m/nofp/crtn.o
                0x0800146c                        . = ALIGN (0x4)
                0x0800146c                        _etext = .

.vfp11_veneer   0x0800146c        0x0
 .vfp11_veneer  0x0800146c        0x0 linker stubs

.v4_bx          0x0800146c        0x0
 .v4_bx         0x0800146c        0x0 linker stubs

.iplt           0x0800146c        0x0
 .iplt          0x0800146c        0x0 /usr/lib/gcc/arm-none-eabi/13.1.0/thumb/v7-m/nofp/crtbegin.o

.rodata         0x0800146c       0x24
                0x0800146c                        . = ALIGN (0x4)
 *(.rodata)
 *(.rodata*)
 .rodata.AHBPrescTable
                0x0800146c       0x10 build/system_stm32l1xx.o
                0x0800146c                AHBPrescTable
 .rodata.APBPrescTable
                0x0800147c        0x8 build/system_stm32l1xx.o
                0x0800147c                APBPrescTable
 .rodata.PLLMulTable
                0x08001484        0x9 build/system_stm32l1xx.o
                0x08001484                PLLMulTable
                0x08001490                        . = ALIGN (0x4)
 *fill*         0x0800148d        0x3 

.ARM.extab
 *(.ARM.extab* .gnu.linkonce.armextab.*)

.ARM            0x08001490        0x8
                0x08001490                        __exidx_start = .
 *(.ARM.exidx*)
 .ARM.exidx.text.__udivmoddi4
                0x08001490        0x8 /usr/lib/gcc/arm-none-eabi/13.1.0/thumb/v7-m/nofp/libgcc.a(_udivmoddi4.o)
                0x08001498                        __exidx_end = .

.rel.dyn        0x08001498        0x0
 .rel.iplt      0x08001498        0x0 /usr/lib/gcc/arm-none-eabi/13.1.0/thumb/v7-m/nofp/crtbegin.o

.preinit_array  0x08001498        0x0
                0x08001498                        PROVIDE (__preinit_array_start = .)
 *(.preinit_array*)
                0x08001498                        PROVIDE (__preinit_array_end = .)

.init_array     0x08001498        0x4
                0x08001498                        PROVIDE (__init_array_start = .)
 *(SORT_BY_NAME(.init_array.*))
 *(.init_array*)
 .init_array    0x08001498        0x4 /usr/lib/gcc/arm-none-eabi/13.1.0/thumb/v7-m/nofp/crtbegin.o
                0x0800149c                        PROVIDE (__init_array_end = .)

.fini_array     0x0800149c        0x4
                0x0800149c                        PROVIDE (__fini_array_start = .)
 *(SORT_BY_NAME(.fini_array.*))
 *(.fini_array*)
 .fini_array    0x0800149c        0x4 /usr/lib/gcc/arm-none-eabi/13.1.0/thumb/v7-m/nofp/crtbegin.o
                0x080014a0                        PROVIDE (__fini_array_end = .)
                0x080014a0                        _sidata = LOADADDR (.data)

.data           0x20000000        0xc load address 0x080014a0
                0x20000000                        . = ALIGN (0x4)
                0x20000000                        _sdata = .
 *(.data)
 *(.data*)
 .data.uwTickFreq
                0x20000000        0x4 build/stm32l1xx_hal.o
                0x20000000                uwTickFreq
 .data.uwTickPrio
                0x20000004        0x4 build/stm32l1xx_hal.o
                0x20000004                uwTickPrio
 .data.SystemCoreClock
                0x20000008        0x4 build/system_stm32l1xx.o
                0x20000008                SystemCoreClock
                0x2000000c                        . = ALIGN (0x4)
                0x2000000c                        _edata = .

.igot.plt       0x2000000c        0x0 load address 0x080014ac
 .igot.plt      0x2000000c        0x0 /usr/lib/gcc/arm-none-eabi/13.1.0/thumb/v7-m/nofp/crtbegin.o
                0x2000000c                        . = ALIGN (0x4)

.bss            0x2000000c       0x68 load address 0x080014ac
                0x2000000c                        _sbss = .
                0x2000000c                        __bss_start__ = _sbss
 *(.bss)
 *(.bss*)
 .bss.completed.1
                0x2000000c        0x1 /usr/lib/gcc/arm-none-eabi/13.1.0/thumb/v7-m/nofp/crtbegin.o
 *fill*         0x2000000d        0x3 
 .bss.object.0  0x20000010       0x18 /usr/lib/gcc/arm-none-eabi/13.1.0/thumb/v7-m/nofp/crtbegin.o
 .bss.huart2    0x20000028       0x48 build/main.o
                0x20000028                huart2
 *(COMMON)
 COMMON         0x20000070        0x4 build/stm32l1xx_hal.o
                0x20000070                uwTick
                0x20000074                        . = ALIGN (0x4)
                0x20000074                        _ebss = .
                0x20000074                        __bss_end__ = _ebss

._user_heap_stack
                0x20000074      0x604 load address 0x080014ac
                0x20000078                        . = ALIGN (0x8)
 *fill*         0x20000074        0x4 
                0x20000078                        PROVIDE (end = .)
                [!provide]                        PROVIDE (_end = .)
                0x20000278                        . = (. + _Min_Heap_Size)
 *fill*         0x20000078      0x200 
                0x20000678                        . = (. + _Min_Stack_Size)
 *fill*         0x20000278      0x400 
                0x20000678                        . = ALIGN (0x8)

/DISCARD/
 libc.a(*)
 libm.a(*)
 libgcc.a(*)

.ARM.attributes
                0x00000000       0x29
 *(.ARM.attributes)
 .ARM.attributes
                0x00000000       0x1d /usr/lib/gcc/arm-none-eabi/13.1.0/thumb/v7-m/nofp/crti.o
 .ARM.attributes
                0x0000001d       0x2d /usr/lib/gcc/arm-none-eabi/13.1.0/thumb/v7-m/nofp/crtbegin.o
 .ARM.attributes
                0x0000004a       0x2d build/main.o
 .ARM.attributes
                0x00000077       0x2d build/stm32l1xx_it.o
 .ARM.attributes
                0x000000a4       0x2d build/stm32l1xx_hal_msp.o
 .ARM.attributes
                0x000000d1       0x2d build/stm32l1xx_hal_uart.o
 .ARM.attributes
                0x000000fe       0x2d build/stm32l1xx_hal.o
 .ARM.attributes
                0x0000012b       0x2d build/stm32l1xx_hal_rcc.o
 .ARM.attributes
                0x00000158       0x2d build/stm32l1xx_hal_gpio.o
 .ARM.attributes
                0x00000185       0x2d build/stm32l1xx_hal_cortex.o
 .ARM.attributes
                0x000001b2       0x2d build/system_stm32l1xx.o
 .ARM.attributes
                0x000001df       0x21 build/startup_stm32l152xe.o
 .ARM.attributes
                0x00000200       0x2d /usr/lib/gcc/arm-none-eabi/13.1.0/../../../../arm-none-eabi/lib/thumb/v7-m/nofp/libc_nano.a(libc_a-memset.o)
 .ARM.attributes
                0x0000022d       0x2d /usr/lib/gcc/arm-none-eabi/13.1.0/../../../../arm-none-eabi/lib/thumb/v7-m/nofp/libc_nano.a(libc_a-init.o)
 .ARM.attributes
                0x0000025a       0x1d /usr/lib/gcc/arm-none-eabi/13.1.0/thumb/v7-m/nofp/libgcc.a(_aeabi_uldivmod.o)
 .ARM.attributes
                0x00000277       0x2d /usr/lib/gcc/arm-none-eabi/13.1.0/thumb/v7-m/nofp/libgcc.a(_udivmoddi4.o)
 .ARM.attributes
                0x000002a4       0x1d /usr/lib/gcc/arm-none-eabi/13.1.0/thumb/v7-m/nofp/libgcc.a(_dvmd_tls.o)
 .ARM.attributes
                0x000002c1       0x1d /usr/lib/gcc/arm-none-eabi/13.1.0/thumb/v7-m/nofp/crtn.o
OUTPUT(build/template.elf elf32-littlearm)
LOAD linker stubs
LOAD /usr/lib/gcc/arm-none-eabi/13.1.0/../../../../arm-none-eabi/lib/thumb/v7-m/nofp/libc.a
LOAD /usr/lib/gcc/arm-none-eabi/13.1.0/../../../../arm-none-eabi/lib/thumb/v7-m/nofp/libm.a
LOAD /usr/lib/gcc/arm-none-eabi/13.1.0/thumb/v7-m/nofp/libgcc.a

.debug_info     0x00000000     0x997b
 .debug_info    0x00000000      0xd6b build/main.o
 .debug_info    0x00000d6b      0x241 build/stm32l1xx_it.o
 .debug_info    0x00000fac      0xa1c build/stm32l1xx_hal_msp.o
 .debug_info    0x000019c8     0x4440 build/stm32l1xx_hal_uart.o
 .debug_info    0x00005e08      0x8d8 build/stm32l1xx_hal.o
 .debug_info    0x000066e0      0xcf0 build/stm32l1xx_hal_rcc.o
 .debug_info    0x000073d0      0x7a2 build/stm32l1xx_hal_gpio.o
 .debug_info    0x00007b72     0x1178 build/stm32l1xx_hal_cortex.o
 .debug_info    0x00008cea      0x321 build/system_stm32l1xx.o
 .debug_info    0x0000900b       0x22 build/startup_stm32l152xe.o
 .debug_info    0x0000902d       0xe0 /usr/lib/gcc/arm-none-eabi/13.1.0/../../../../arm-none-eabi/lib/thumb/v7-m/nofp/libc_nano.a(libc_a-memset.o)
 .debug_info    0x0000910d      0x10b /usr/lib/gcc/arm-none-eabi/13.1.0/../../../../arm-none-eabi/lib/thumb/v7-m/nofp/libc_nano.a(libc_a-init.o)
 .debug_info    0x00009218       0x24 /usr/lib/gcc/arm-none-eabi/13.1.0/thumb/v7-m/nofp/libgcc.a(_aeabi_uldivmod.o)
 .debug_info    0x0000923c      0x703 /usr/lib/gcc/arm-none-eabi/13.1.0/thumb/v7-m/nofp/libgcc.a(_udivmoddi4.o)
 .debug_info    0x0000993f       0x3c /usr/lib/gcc/arm-none-eabi/13.1.0/thumb/v7-m/nofp/libgcc.a(_dvmd_tls.o)

.debug_abbrev   0x00000000     0x17dd
 .debug_abbrev  0x00000000      0x261 build/main.o
 .debug_abbrev  0x00000261       0xd6 build/stm32l1xx_it.o
 .debug_abbrev  0x00000337      0x1b6 build/stm32l1xx_hal_msp.o
 .debug_abbrev  0x000004ed      0x36c build/stm32l1xx_hal_uart.o
 .debug_abbrev  0x00000859      0x261 build/stm32l1xx_hal.o
 .debug_abbrev  0x00000aba      0x2d8 build/stm32l1xx_hal_rcc.o
 .debug_abbrev  0x00000d92      0x258 build/stm32l1xx_hal_gpio.o
 .debug_abbrev  0x00000fea      0x3a8 build/stm32l1xx_hal_cortex.o
 .debug_abbrev  0x00001392      0x12e build/system_stm32l1xx.o
 .debug_abbrev  0x000014c0       0x12 build/startup_stm32l152xe.o
 .debug_abbrev  0x000014d2       0x9e /usr/lib/gcc/arm-none-eabi/13.1.0/../../../../arm-none-eabi/lib/thumb/v7-m/nofp/libc_nano.a(libc_a-memset.o)
 .debug_abbrev  0x00001570       0xc9 /usr/lib/gcc/arm-none-eabi/13.1.0/../../../../arm-none-eabi/lib/thumb/v7-m/nofp/libc_nano.a(libc_a-init.o)
 .debug_abbrev  0x00001639       0x14 /usr/lib/gcc/arm-none-eabi/13.1.0/thumb/v7-m/nofp/libgcc.a(_aeabi_uldivmod.o)
 .debug_abbrev  0x0000164d      0x16a /usr/lib/gcc/arm-none-eabi/13.1.0/thumb/v7-m/nofp/libgcc.a(_udivmoddi4.o)
 .debug_abbrev  0x000017b7       0x26 /usr/lib/gcc/arm-none-eabi/13.1.0/thumb/v7-m/nofp/libgcc.a(_dvmd_tls.o)

.debug_loc      0x00000000     0x6a56
 .debug_loc     0x00000000       0xbe build/main.o
 .debug_loc     0x000000be       0x20 build/stm32l1xx_it.o
 .debug_loc     0x000000de      0x120 build/stm32l1xx_hal_msp.o
 .debug_loc     0x000001fe     0x4ebf build/stm32l1xx_hal_uart.o
 .debug_loc     0x000050bd      0x26d build/stm32l1xx_hal.o
 .debug_loc     0x0000532a      0x8ec build/stm32l1xx_hal_rcc.o
 .debug_loc     0x00005c16      0x4a3 build/stm32l1xx_hal_gpio.o
 .debug_loc     0x000060b9      0x7d4 build/stm32l1xx_hal_cortex.o
 .debug_loc     0x0000688d      0x1c9 build/system_stm32l1xx.o

.debug_aranges  0x00000000      0x638
 .debug_aranges
                0x00000000       0x40 build/main.o
 .debug_aranges
                0x00000040       0x60 build/stm32l1xx_it.o
 .debug_aranges
                0x000000a0       0x30 build/stm32l1xx_hal_msp.o
 .debug_aranges
                0x000000d0      0x208 build/stm32l1xx_hal_uart.o
 .debug_aranges
                0x000002d8       0xe0 build/stm32l1xx_hal.o
 .debug_aranges
                0x000003b8       0x90 build/stm32l1xx_hal_rcc.o
 .debug_aranges
                0x00000448       0x58 build/stm32l1xx_hal_gpio.o
 .debug_aranges
                0x000004a0       0xa8 build/stm32l1xx_hal_cortex.o
 .debug_aranges
                0x00000548       0x28 build/system_stm32l1xx.o
 .debug_aranges
                0x00000570       0x28 build/startup_stm32l152xe.o
 .debug_aranges
                0x00000598       0x20 /usr/lib/gcc/arm-none-eabi/13.1.0/../../../../arm-none-eabi/lib/thumb/v7-m/nofp/libc_nano.a(libc_a-memset.o)
 .debug_aranges
                0x000005b8       0x20 /usr/lib/gcc/arm-none-eabi/13.1.0/../../../../arm-none-eabi/lib/thumb/v7-m/nofp/libc_nano.a(libc_a-init.o)
 .debug_aranges
                0x000005d8       0x20 /usr/lib/gcc/arm-none-eabi/13.1.0/thumb/v7-m/nofp/libgcc.a(_aeabi_uldivmod.o)
 .debug_aranges
                0x000005f8       0x20 /usr/lib/gcc/arm-none-eabi/13.1.0/thumb/v7-m/nofp/libgcc.a(_udivmoddi4.o)
 .debug_aranges
                0x00000618       0x20 /usr/lib/gcc/arm-none-eabi/13.1.0/thumb/v7-m/nofp/libgcc.a(_dvmd_tls.o)

.debug_ranges   0x00000000      0x590
 .debug_ranges  0x00000000       0x30 build/main.o
 .debug_ranges  0x00000030       0x50 build/stm32l1xx_it.o
 .debug_ranges  0x00000080       0x20 build/stm32l1xx_hal_msp.o
 .debug_ranges  0x000000a0      0x210 build/stm32l1xx_hal_uart.o
 .debug_ranges  0x000002b0       0xd0 build/stm32l1xx_hal.o
 .debug_ranges  0x00000380       0x98 build/stm32l1xx_hal_rcc.o
 .debug_ranges  0x00000418       0x48 build/stm32l1xx_hal_gpio.o
 .debug_ranges  0x00000460       0xf8 build/stm32l1xx_hal_cortex.o
 .debug_ranges  0x00000558       0x18 build/system_stm32l1xx.o
 .debug_ranges  0x00000570       0x20 build/startup_stm32l152xe.o

.debug_line     0x00000000     0x743c
 .debug_line    0x00000000      0x382 build/main.o
 .debug_line    0x00000382      0x210 build/stm32l1xx_it.o
 .debug_line    0x00000592      0x259 build/stm32l1xx_hal_msp.o
 .debug_line    0x000007eb     0x4345 build/stm32l1xx_hal_uart.o
 .debug_line    0x00004b30      0x4b6 build/stm32l1xx_hal.o
 .debug_line    0x00004fe6      0xd78 build/stm32l1xx_hal_rcc.o
 .debug_line    0x00005d5e      0x54f build/stm32l1xx_hal_gpio.o
 .debug_line    0x000062ad      0x704 build/stm32l1xx_hal_cortex.o
 .debug_line    0x000069b1      0x20f build/system_stm32l1xx.o
 .debug_line    0x00006bc0       0x75 build/startup_stm32l152xe.o
 .debug_line    0x00006c35      0x123 /usr/lib/gcc/arm-none-eabi/13.1.0/../../../../arm-none-eabi/lib/thumb/v7-m/nofp/libc_nano.a(libc_a-memset.o)
 .debug_line    0x00006d58      0x12a /usr/lib/gcc/arm-none-eabi/13.1.0/../../../../arm-none-eabi/lib/thumb/v7-m/nofp/libc_nano.a(libc_a-init.o)
 .debug_line    0x00006e82       0x4e /usr/lib/gcc/arm-none-eabi/13.1.0/thumb/v7-m/nofp/libgcc.a(_aeabi_uldivmod.o)
 .debug_line    0x00006ed0      0x522 /usr/lib/gcc/arm-none-eabi/13.1.0/thumb/v7-m/nofp/libgcc.a(_udivmoddi4.o)
 .debug_line    0x000073f2       0x4a /usr/lib/gcc/arm-none-eabi/13.1.0/thumb/v7-m/nofp/libgcc.a(_dvmd_tls.o)

.debug_str      0x00000000     0x279e
 .debug_str     0x00000000      0x817 build/main.o
                                0x8bb (size before relaxing)
 .debug_str     0x00000817      0x1e5 build/stm32l1xx_it.o
                                0x28e (size before relaxing)
 .debug_str     0x000009fc       0x80 build/stm32l1xx_hal_msp.o
                                0x719 (size before relaxing)
 .debug_str     0x00000a7c      0x6b1 build/stm32l1xx_hal_uart.o
                                0xd2f (size before relaxing)
 .debug_str     0x0000112d      0x597 build/stm32l1xx_hal.o
                                0x87e (size before relaxing)
 .debug_str     0x000016c4      0x21b build/stm32l1xx_hal_rcc.o
                                0x6e0 (size before relaxing)
 .debug_str     0x000018df       0xf3 build/stm32l1xx_hal_gpio.o
                                0x45d (size before relaxing)
 .debug_str     0x000019d2      0x4d7 build/stm32l1xx_hal_cortex.o
                                0xac2 (size before relaxing)
 .debug_str     0x00001ea9       0x5e build/system_stm32l1xx.o
                                0x29d (size before relaxing)
 .debug_str     0x00001f07       0x22 build/startup_stm32l152xe.o
                                 0x40 (size before relaxing)
 .debug_str     0x00001f29      0x11b /usr/lib/gcc/arm-none-eabi/13.1.0/../../../../arm-none-eabi/lib/thumb/v7-m/nofp/libc_nano.a(libc_a-memset.o)
                                0x1b7 (size before relaxing)
 .debug_str     0x00002044       0xac /usr/lib/gcc/arm-none-eabi/13.1.0/../../../../arm-none-eabi/lib/thumb/v7-m/nofp/libc_nano.a(libc_a-init.o)
                                0x218 (size before relaxing)
 .debug_str     0x000020f0       0x9a /usr/lib/gcc/arm-none-eabi/13.1.0/thumb/v7-m/nofp/libgcc.a(_aeabi_uldivmod.o)
 .debug_str     0x0000218a      0x5b2 /usr/lib/gcc/arm-none-eabi/13.1.0/thumb/v7-m/nofp/libgcc.a(_udivmoddi4.o)
                                0x6ae (size before relaxing)
 .debug_str     0x0000273c       0x62 /usr/lib/gcc/arm-none-eabi/13.1.0/thumb/v7-m/nofp/libgcc.a(_dvmd_tls.o)
                                 0xba (size before relaxing)

.comment        0x00000000       0x95
 .comment       0x00000000       0x1e build/main.o
                                 0x1f (size before relaxing)
 .comment       0x0000001e       0x59 build/stm32l1xx_it.o
                                 0x5a (size before relaxing)
 .comment       0x00000077       0x5a build/stm32l1xx_hal_msp.o
 .comment       0x00000077       0x5a build/stm32l1xx_hal_uart.o
 .comment       0x00000077       0x5a build/stm32l1xx_hal.o
 .comment       0x00000077       0x5a build/stm32l1xx_hal_rcc.o
 .comment       0x00000077       0x5a build/stm32l1xx_hal_gpio.o
 .comment       0x00000077       0x5a build/stm32l1xx_hal_cortex.o
 .comment       0x00000077       0x5a build/system_stm32l1xx.o
 .comment       0x00000077       0x1e /usr/lib/gcc/arm-none-eabi/13.1.0/../../../../arm-none-eabi/lib/thumb/v7-m/nofp/libc_nano.a(libc_a-memset.o)
                                 0x1f (size before relaxing)
 .comment       0x00000095       0x1f /usr/lib/gcc/arm-none-eabi/13.1.0/../../../../arm-none-eabi/lib/thumb/v7-m/nofp/libc_nano.a(libc_a-init.o)
 .comment       0x00000095       0x1f /usr/lib/gcc/arm-none-eabi/13.1.0/thumb/v7-m/nofp/libgcc.a(_udivmoddi4.o)

.debug_frame    0x00000000      0xe18
 .debug_frame   0x00000000       0x90 build/main.o
 .debug_frame   0x00000090       0xa8 build/stm32l1xx_it.o
 .debug_frame   0x00000138       0x64 build/stm32l1xx_hal_msp.o
 .debug_frame   0x0000019c      0x5dc build/stm32l1xx_hal_uart.o
 .debug_frame   0x00000778      0x1cc build/stm32l1xx_hal.o
 .debug_frame   0x00000944      0x1b0 build/stm32l1xx_hal_rcc.o
 .debug_frame   0x00000af4       0xec build/stm32l1xx_hal_gpio.o
 .debug_frame   0x00000be0      0x15c build/stm32l1xx_hal_cortex.o
 .debug_frame   0x00000d3c       0x30 build/system_stm32l1xx.o
 .debug_frame   0x00000d6c       0x20 /usr/lib/gcc/arm-none-eabi/13.1.0/../../../../arm-none-eabi/lib/thumb/v7-m/nofp/libc_nano.a(libc_a-memset.o)
 .debug_frame   0x00000d8c       0x2c /usr/lib/gcc/arm-none-eabi/13.1.0/../../../../arm-none-eabi/lib/thumb/v7-m/nofp/libc_nano.a(libc_a-init.o)
 .debug_frame   0x00000db8       0x2c /usr/lib/gcc/arm-none-eabi/13.1.0/thumb/v7-m/nofp/libgcc.a(_aeabi_uldivmod.o)
 .debug_frame   0x00000de4       0x34 /usr/lib/gcc/arm-none-eabi/13.1.0/thumb/v7-m/nofp/libgcc.a(_udivmoddi4.o)

.debug_loclists
                0x00000000      0x7cf
 .debug_loclists
                0x00000000       0x3b /usr/lib/gcc/arm-none-eabi/13.1.0/../../../../arm-none-eabi/lib/thumb/v7-m/nofp/libc_nano.a(libc_a-memset.o)
 .debug_loclists
                0x0000003b       0x34 /usr/lib/gcc/arm-none-eabi/13.1.0/../../../../arm-none-eabi/lib/thumb/v7-m/nofp/libc_nano.a(libc_a-init.o)
 .debug_loclists
                0x0000006f      0x760 /usr/lib/gcc/arm-none-eabi/13.1.0/thumb/v7-m/nofp/libgcc.a(_udivmoddi4.o)

.debug_rnglists
                0x00000000       0x99
 .debug_rnglists
                0x00000000       0x13 /usr/lib/gcc/arm-none-eabi/13.1.0/../../../../arm-none-eabi/lib/thumb/v7-m/nofp/libc_nano.a(libc_a-memset.o)
 .debug_rnglists
                0x00000013       0x13 /usr/lib/gcc/arm-none-eabi/13.1.0/../../../../arm-none-eabi/lib/thumb/v7-m/nofp/libc_nano.a(libc_a-init.o)
 .debug_rnglists
                0x00000026       0x73 /usr/lib/gcc/arm-none-eabi/13.1.0/thumb/v7-m/nofp/libgcc.a(_udivmoddi4.o)

.debug_line_str
                0x00000000       0x9a
 .debug_line_str
                0x00000000       0x8e /usr/lib/gcc/arm-none-eabi/13.1.0/thumb/v7-m/nofp/libgcc.a(_aeabi_uldivmod.o)
 .debug_line_str
                0x0000008e        0xc /usr/lib/gcc/arm-none-eabi/13.1.0/thumb/v7-m/nofp/libgcc.a(_dvmd_tls.o)
                                 0x92 (size before relaxing)

Cross Reference Table

Symbol                                            File
ADC1_IRQHandler                                   build/startup_stm32l152xe.o
AHBPrescTable                                     build/system_stm32l1xx.o
                                                  build/stm32l1xx_hal_rcc.o
APBPrescTable                                     build/system_stm32l1xx.o
                                                  build/stm32l1xx_hal_rcc.o
BusFault_Handler                                  build/stm32l1xx_it.o
COMP_ACQ_IRQHandler                               build/startup_stm32l152xe.o
COMP_IRQHandler                                   build/startup_stm32l152xe.o
DAC_IRQHandler                                    build/startup_stm32l152xe.o
DMA1_Channel1_IRQHandler                          build/startup_stm32l152xe.o
DMA1_Channel2_IRQHandler                          build/startup_stm32l152xe.o
DMA1_Channel3_IRQHandler                          build/startup_stm32l152xe.o
DMA1_Channel4_IRQHandler                          build/startup_stm32l152xe.o
DMA1_Channel5_IRQHandler                          build/startup_stm32l152xe.o
DMA1_Channel6_IRQHandler                          build/startup_stm32l152xe.o
DMA1_Channel7_IRQHandler                          build/startup_stm32l152xe.o
DMA2_Channel1_IRQHandler                          build/startup_stm32l152xe.o
DMA2_Channel2_IRQHandler                          build/startup_stm32l152xe.o
DMA2_Channel3_IRQHandler                          build/startup_stm32l152xe.o
DMA2_Channel4_IRQHandler                          build/startup_stm32l152xe.o
DMA2_Channel5_IRQHandler                          build/startup_stm32l152xe.o
DebugMon_Handler                                  build/stm32l1xx_it.o
Default_Handler                                   build/startup_stm32l152xe.o
EXTI0_IRQHandler                                  build/startup_stm32l152xe.o
EXTI15_10_IRQHandler                              build/startup_stm32l152xe.o
EXTI1_IRQHandler                                  build/startup_stm32l152xe.o
EXTI2_IRQHandler                                  build/startup_stm32l152xe.o
EXTI3_IRQHandler                                  build/startup_stm32l152xe.o
EXTI4_IRQHandler                                  build/startup_stm32l152xe.o
EXTI9_5_IRQHandler                                build/startup_stm32l152xe.o
Error_Handler                                     build/main.o
FLASH_IRQHandler                                  build/startup_stm32l152xe.o
FLASH_PageErase                                   build/stm32l1xx_hal_flash_ex.o
                                                  build/stm32l1xx_hal_flash.o
FLASH_WaitForLastOperation                        build/stm32l1xx_hal_flash.o
                                                  build/stm32l1xx_hal_flash_ex.o
HAL_DBGMCU_DisableDBGSleepMode                    build/stm32l1xx_hal.o
HAL_DBGMCU_DisableDBGStandbyMode                  build/stm32l1xx_hal.o
HAL_DBGMCU_DisableDBGStopMode                     build/stm32l1xx_hal.o
HAL_DBGMCU_EnableDBGSleepMode                     build/stm32l1xx_hal.o
HAL_DBGMCU_EnableDBGStandbyMode                   build/stm32l1xx_hal.o
HAL_DBGMCU_EnableDBGStopMode                      build/stm32l1xx_hal.o
HAL_DMA_Abort                                     build/stm32l1xx_hal_dma.o
                                                  build/stm32l1xx_hal_uart.o
HAL_DMA_Abort_IT                                  build/stm32l1xx_hal_dma.o
                                                  build/stm32l1xx_hal_uart.o
HAL_DMA_DeInit                                    build/stm32l1xx_hal_dma.o
HAL_DMA_GetError                                  build/stm32l1xx_hal_dma.o
                                                  build/stm32l1xx_hal_uart.o
HAL_DMA_GetState                                  build/stm32l1xx_hal_dma.o
HAL_DMA_IRQHandler                                build/stm32l1xx_hal_dma.o
HAL_DMA_Init                                      build/stm32l1xx_hal_dma.o
HAL_DMA_PollForTransfer                           build/stm32l1xx_hal_dma.o
HAL_DMA_RegisterCallback                          build/stm32l1xx_hal_dma.o
HAL_DMA_Start                                     build/stm32l1xx_hal_dma.o
HAL_DMA_Start_IT                                  build/stm32l1xx_hal_dma.o
                                                  build/stm32l1xx_hal_uart.o
HAL_DMA_UnRegisterCallback                        build/stm32l1xx_hal_dma.o
HAL_DeInit                                        build/stm32l1xx_hal.o
HAL_Delay                                         build/stm32l1xx_hal.o
                                                  build/main.o
HAL_EXTI_ClearConfigLine                          build/stm32l1xx_hal_exti.o
HAL_EXTI_ClearPending                             build/stm32l1xx_hal_exti.o
HAL_EXTI_GenerateSWI                              build/stm32l1xx_hal_exti.o
HAL_EXTI_GetConfigLine                            build/stm32l1xx_hal_exti.o
HAL_EXTI_GetHandle                                build/stm32l1xx_hal_exti.o
HAL_EXTI_GetPending                               build/stm32l1xx_hal_exti.o
HAL_EXTI_IRQHandler                               build/stm32l1xx_hal_exti.o
HAL_EXTI_RegisterCallback                         build/stm32l1xx_hal_exti.o
HAL_EXTI_SetConfigLine                            build/stm32l1xx_hal_exti.o
HAL_FLASHEx_AdvOBGetConfig                        build/stm32l1xx_hal_flash_ex.o
HAL_FLASHEx_AdvOBProgram                          build/stm32l1xx_hal_flash_ex.o
HAL_FLASHEx_DATAEEPROM_DisableFixedTimeProgram    build/stm32l1xx_hal_flash_ex.o
HAL_FLASHEx_DATAEEPROM_EnableFixedTimeProgram     build/stm32l1xx_hal_flash_ex.o
HAL_FLASHEx_DATAEEPROM_Erase                      build/stm32l1xx_hal_flash_ex.o
HAL_FLASHEx_DATAEEPROM_EraseDoubleWord            build/stm32l1xx_hal_flash_ramfunc.o
HAL_FLASHEx_DATAEEPROM_Lock                       build/stm32l1xx_hal_flash_ex.o
HAL_FLASHEx_DATAEEPROM_Program                    build/stm32l1xx_hal_flash_ex.o
HAL_FLASHEx_DATAEEPROM_ProgramDoubleWord          build/stm32l1xx_hal_flash_ramfunc.o
HAL_FLASHEx_DATAEEPROM_Unlock                     build/stm32l1xx_hal_flash_ex.o
HAL_FLASHEx_DisableRunPowerDown                   build/stm32l1xx_hal_flash_ramfunc.o
HAL_FLASHEx_EnableRunPowerDown                    build/stm32l1xx_hal_flash_ramfunc.o
HAL_FLASHEx_Erase                                 build/stm32l1xx_hal_flash_ex.o
HAL_FLASHEx_EraseParallelPage                     build/stm32l1xx_hal_flash_ramfunc.o
HAL_FLASHEx_Erase_IT                              build/stm32l1xx_hal_flash_ex.o
HAL_FLASHEx_GetError                              build/stm32l1xx_hal_flash_ramfunc.o
HAL_FLASHEx_HalfPageProgram                       build/stm32l1xx_hal_flash_ramfunc.o
HAL_FLASHEx_OBGetConfig                           build/stm32l1xx_hal_flash_ex.o
HAL_FLASHEx_OBProgram                             build/stm32l1xx_hal_flash_ex.o
HAL_FLASHEx_ProgramParallelHalfPage               build/stm32l1xx_hal_flash_ramfunc.o
HAL_FLASH_EndOfOperationCallback                  build/stm32l1xx_hal_flash.o
HAL_FLASH_GetError                                build/stm32l1xx_hal_flash.o
HAL_FLASH_IRQHandler                              build/stm32l1xx_hal_flash.o
HAL_FLASH_Lock                                    build/stm32l1xx_hal_flash.o
HAL_FLASH_OB_Launch                               build/stm32l1xx_hal_flash.o
HAL_FLASH_OB_Lock                                 build/stm32l1xx_hal_flash.o
HAL_FLASH_OB_Unlock                               build/stm32l1xx_hal_flash.o
HAL_FLASH_OperationErrorCallback                  build/stm32l1xx_hal_flash.o
HAL_FLASH_Program                                 build/stm32l1xx_hal_flash.o
HAL_FLASH_Program_IT                              build/stm32l1xx_hal_flash.o
HAL_FLASH_Unlock                                  build/stm32l1xx_hal_flash.o
HAL_GPIO_DeInit                                   build/stm32l1xx_hal_gpio.o
                                                  build/stm32l1xx_hal_msp.o
HAL_GPIO_EXTI_Callback                            build/stm32l1xx_hal_gpio.o
HAL_GPIO_EXTI_IRQHandler                          build/stm32l1xx_hal_gpio.o
HAL_GPIO_Init                                     build/stm32l1xx_hal_gpio.o
                                                  build/stm32l1xx_hal_rcc.o
                                                  build/stm32l1xx_hal_msp.o
                                                  build/main.o
HAL_GPIO_LockPin                                  build/stm32l1xx_hal_gpio.o
HAL_GPIO_ReadPin                                  build/stm32l1xx_hal_gpio.o
HAL_GPIO_TogglePin                                build/stm32l1xx_hal_gpio.o
                                                  build/main.o
HAL_GPIO_WritePin                                 build/stm32l1xx_hal_gpio.o
                                                  build/main.o
HAL_GetDEVID                                      build/stm32l1xx_hal.o
HAL_GetHalVersion                                 build/stm32l1xx_hal.o
HAL_GetREVID                                      build/stm32l1xx_hal.o
HAL_GetTick                                       build/stm32l1xx_hal.o
                                                  build/stm32l1xx_hal_dma.o
                                                  build/stm32l1xx_hal_flash.o
                                                  build/stm32l1xx_hal_rcc_ex.o
                                                  build/stm32l1xx_hal_rcc.o
                                                  build/stm32l1xx_hal_uart.o
HAL_GetTickFreq                                   build/stm32l1xx_hal.o
HAL_GetTickPrio                                   build/stm32l1xx_hal.o
HAL_GetUIDw0                                      build/stm32l1xx_hal.o
HAL_GetUIDw1                                      build/stm32l1xx_hal.o
HAL_GetUIDw2                                      build/stm32l1xx_hal.o
HAL_HalfDuplex_EnableReceiver                     build/stm32l1xx_hal_uart.o
HAL_HalfDuplex_EnableTransmitter                  build/stm32l1xx_hal_uart.o
HAL_HalfDuplex_Init                               build/stm32l1xx_hal_uart.o
HAL_IncTick                                       build/stm32l1xx_hal.o
                                                  build/stm32l1xx_it.o
HAL_Init                                          build/stm32l1xx_hal.o
                                                  build/main.o
HAL_InitTick                                      build/stm32l1xx_hal.o
                                                  build/stm32l1xx_hal_rcc.o
HAL_LIN_Init                                      build/stm32l1xx_hal_uart.o
HAL_LIN_SendBreak                                 build/stm32l1xx_hal_uart.o
HAL_MPU_ConfigRegion                              build/stm32l1xx_hal_cortex.o
HAL_MPU_Disable                                   build/stm32l1xx_hal_cortex.o
HAL_MPU_Enable                                    build/stm32l1xx_hal_cortex.o
HAL_MspDeInit                                     build/stm32l1xx_hal.o
HAL_MspInit                                       build/stm32l1xx_hal_msp.o
HAL_MultiProcessor_EnterMuteMode                  build/stm32l1xx_hal_uart.o
HAL_MultiProcessor_ExitMuteMode                   build/stm32l1xx_hal_uart.o
HAL_MultiProcessor_Init                           build/stm32l1xx_hal_uart.o
HAL_NVIC_ClearPendingIRQ                          build/stm32l1xx_hal_cortex.o
HAL_NVIC_DisableIRQ                               build/stm32l1xx_hal_cortex.o
HAL_NVIC_EnableIRQ                                build/stm32l1xx_hal_cortex.o
HAL_NVIC_GetActive                                build/stm32l1xx_hal_cortex.o
HAL_NVIC_GetPendingIRQ                            build/stm32l1xx_hal_cortex.o
HAL_NVIC_GetPriority                              build/stm32l1xx_hal_cortex.o
HAL_NVIC_GetPriorityGrouping                      build/stm32l1xx_hal_cortex.o
HAL_NVIC_SetPendingIRQ                            build/stm32l1xx_hal_cortex.o
HAL_NVIC_SetPriority                              build/stm32l1xx_hal_cortex.o
                                                  build/stm32l1xx_hal.o
HAL_NVIC_SetPriorityGrouping                      build/stm32l1xx_hal_cortex.o
                                                  build/stm32l1xx_hal.o
                                                  build/stm32l1xx_hal_msp.o
HAL_NVIC_SystemReset                              build/stm32l1xx_hal_cortex.o
HAL_PWREx_DisableFastWakeUp                       build/stm32l1xx_hal_pwr_ex.o
HAL_PWREx_DisableLowPowerRunMode                  build/stm32l1xx_hal_pwr_ex.o
HAL_PWREx_DisableUltraLowPower                    build/stm32l1xx_hal_pwr_ex.o
HAL_PWREx_EnableFastWakeUp                        build/stm32l1xx_hal_pwr_ex.o
HAL_PWREx_EnableLowPowerRunMode                   build/stm32l1xx_hal_pwr_ex.o
HAL_PWREx_EnableUltraLowPower                     build/stm32l1xx_hal_pwr_ex.o
HAL_PWREx_GetVoltageRange                         build/stm32l1xx_hal_pwr_ex.o
HAL_PWR_ConfigPVD                                 build/stm32l1xx_hal_pwr.o
HAL_PWR_DeInit                                    build/stm32l1xx_hal_pwr.o
HAL_PWR_DisableBkUpAccess                         build/stm32l1xx_hal_pwr.o
HAL_PWR_DisablePVD                                build/stm32l1xx_hal_pwr.o
HAL_PWR_DisableSEVOnPend                          build/stm32l1xx_hal_pwr.o
HAL_PWR_DisableSleepOnExit                        build/stm32l1xx_hal_pwr.o
HAL_PWR_DisableWakeUpPin                          build/stm32l1xx_hal_pwr.o
HAL_PWR_EnableBkUpAccess                          build/stm32l1xx_hal_pwr.o
HAL_PWR_EnablePVD                                 build/stm32l1xx_hal_pwr.o
HAL_PWR_EnableSEVOnPend                           build/stm32l1xx_hal_pwr.o
HAL_PWR_EnableSleepOnExit                         build/stm32l1xx_hal_pwr.o
HAL_PWR_EnableWakeUpPin                           build/stm32l1xx_hal_pwr.o
HAL_PWR_EnterSLEEPMode                            build/stm32l1xx_hal_pwr.o
HAL_PWR_EnterSTANDBYMode                          build/stm32l1xx_hal_pwr.o
HAL_PWR_EnterSTOPMode                             build/stm32l1xx_hal_pwr.o
HAL_PWR_PVDCallback                               build/stm32l1xx_hal_pwr.o
HAL_PWR_PVD_IRQHandler                            build/stm32l1xx_hal_pwr.o
HAL_RCCEx_DisableLSECSS                           build/stm32l1xx_hal_rcc_ex.o
HAL_RCCEx_EnableLSECSS                            build/stm32l1xx_hal_rcc_ex.o
HAL_RCCEx_EnableLSECSS_IT                         build/stm32l1xx_hal_rcc_ex.o
HAL_RCCEx_GetPeriphCLKConfig                      build/stm32l1xx_hal_rcc_ex.o
HAL_RCCEx_GetPeriphCLKFreq                        build/stm32l1xx_hal_rcc_ex.o
HAL_RCCEx_LSECSS_Callback                         build/stm32l1xx_hal_rcc_ex.o
HAL_RCCEx_LSECSS_IRQHandler                       build/stm32l1xx_hal_rcc_ex.o
HAL_RCCEx_PeriphCLKConfig                         build/stm32l1xx_hal_rcc_ex.o
HAL_RCC_CSSCallback                               build/stm32l1xx_hal_rcc.o
HAL_RCC_ClockConfig                               build/stm32l1xx_hal_rcc.o
                                                  build/main.o
HAL_RCC_DeInit                                    build/stm32l1xx_hal_rcc.o
HAL_RCC_DisableCSS                                build/stm32l1xx_hal_rcc.o
HAL_RCC_EnableCSS                                 build/stm32l1xx_hal_rcc.o
HAL_RCC_GetClockConfig                            build/stm32l1xx_hal_rcc.o
HAL_RCC_GetHCLKFreq                               build/stm32l1xx_hal_rcc.o
HAL_RCC_GetOscConfig                              build/stm32l1xx_hal_rcc.o
HAL_RCC_GetPCLK1Freq                              build/stm32l1xx_hal_rcc.o
                                                  build/stm32l1xx_hal_uart.o
HAL_RCC_GetPCLK2Freq                              build/stm32l1xx_hal_rcc.o
                                                  build/stm32l1xx_hal_uart.o
HAL_RCC_GetSysClockFreq                           build/stm32l1xx_hal_rcc.o
HAL_RCC_MCOConfig                                 build/stm32l1xx_hal_rcc.o
HAL_RCC_NMI_IRQHandler                            build/stm32l1xx_hal_rcc.o
HAL_RCC_OscConfig                                 build/stm32l1xx_hal_rcc.o
                                                  build/main.o
HAL_ResumeTick                                    build/stm32l1xx_hal.o
HAL_SYSTICK_CLKSourceConfig                       build/stm32l1xx_hal_cortex.o
HAL_SYSTICK_Callback                              build/stm32l1xx_hal_cortex.o
HAL_SYSTICK_Config                                build/stm32l1xx_hal_cortex.o
                                                  build/stm32l1xx_hal.o
HAL_SYSTICK_IRQHandler                            build/stm32l1xx_hal_cortex.o
HAL_SetTickFreq                                   build/stm32l1xx_hal.o
HAL_SuspendTick                                   build/stm32l1xx_hal.o
HAL_UARTEx_GetRxEventType                         build/stm32l1xx_hal_uart.o
HAL_UARTEx_ReceiveToIdle                          build/stm32l1xx_hal_uart.o
HAL_UARTEx_ReceiveToIdle_DMA                      build/stm32l1xx_hal_uart.o
HAL_UARTEx_ReceiveToIdle_IT                       build/stm32l1xx_hal_uart.o
HAL_UARTEx_RxEventCallback                        build/stm32l1xx_hal_uart.o
HAL_UART_Abort                                    build/stm32l1xx_hal_uart.o
HAL_UART_AbortCpltCallback                        build/stm32l1xx_hal_uart.o
HAL_UART_AbortReceive                             build/stm32l1xx_hal_uart.o
HAL_UART_AbortReceiveCpltCallback                 build/stm32l1xx_hal_uart.o
HAL_UART_AbortReceive_IT                          build/stm32l1xx_hal_uart.o
HAL_UART_AbortTransmit                            build/stm32l1xx_hal_uart.o
HAL_UART_AbortTransmitCpltCallback                build/stm32l1xx_hal_uart.o
HAL_UART_AbortTransmit_IT                         build/stm32l1xx_hal_uart.o
HAL_UART_Abort_IT                                 build/stm32l1xx_hal_uart.o
HAL_UART_DMAPause                                 build/stm32l1xx_hal_uart.o
HAL_UART_DMAResume                                build/stm32l1xx_hal_uart.o
HAL_UART_DMAStop                                  build/stm32l1xx_hal_uart.o
HAL_UART_DeInit                                   build/stm32l1xx_hal_uart.o
HAL_UART_ErrorCallback                            build/stm32l1xx_hal_uart.o
HAL_UART_GetError                                 build/stm32l1xx_hal_uart.o
HAL_UART_GetState                                 build/stm32l1xx_hal_uart.o
HAL_UART_IRQHandler                               build/stm32l1xx_hal_uart.o
HAL_UART_Init                                     build/stm32l1xx_hal_uart.o
                                                  build/main.o
HAL_UART_MspDeInit                                build/stm32l1xx_hal_msp.o
HAL_UART_MspInit                                  build/stm32l1xx_hal_msp.o
HAL_UART_Receive                                  build/stm32l1xx_hal_uart.o
HAL_UART_Receive_DMA                              build/stm32l1xx_hal_uart.o
HAL_UART_Receive_IT                               build/stm32l1xx_hal_uart.o
HAL_UART_RxCpltCallback                           build/stm32l1xx_hal_uart.o
HAL_UART_RxHalfCpltCallback                       build/stm32l1xx_hal_uart.o
HAL_UART_Transmit                                 build/stm32l1xx_hal_uart.o
HAL_UART_Transmit_DMA                             build/stm32l1xx_hal_uart.o
HAL_UART_Transmit_IT                              build/stm32l1xx_hal_uart.o
HAL_UART_TxCpltCallback                           build/stm32l1xx_hal_uart.o
HAL_UART_TxHalfCpltCallback                       build/stm32l1xx_hal_uart.o
HardFault_Handler                                 build/stm32l1xx_it.o
I2C1_ER_IRQHandler                                build/startup_stm32l152xe.o
I2C1_EV_IRQHandler                                build/startup_stm32l152xe.o
I2C2_ER_IRQHandler                                build/startup_stm32l152xe.o
I2C2_EV_IRQHandler                                build/startup_stm32l152xe.o
LCD_IRQHandler                                    build/startup_stm32l152xe.o
MemManage_Handler                                 build/stm32l1xx_it.o
NMI_Handler                                       build/stm32l1xx_it.o
PLLMulTable                                       build/system_stm32l1xx.o
                                                  build/stm32l1xx_hal_rcc.o
PVD_IRQHandler                                    build/startup_stm32l152xe.o
PendSV_Handler                                    build/stm32l1xx_it.o
RCC_IRQHandler                                    build/startup_stm32l152xe.o
RTC_Alarm_IRQHandler                              build/startup_stm32l152xe.o
RTC_WKUP_IRQHandler                               build/startup_stm32l152xe.o
Reset_Handler                                     build/startup_stm32l152xe.o
SPI1_IRQHandler                                   build/startup_stm32l152xe.o
SPI2_IRQHandler                                   build/startup_stm32l152xe.o
SPI3_IRQHandler                                   build/startup_stm32l152xe.o
SVC_Handler                                       build/stm32l1xx_it.o
SysTick_Handler                                   build/stm32l1xx_it.o
SystemClock_Config                                build/main.o
SystemCoreClock                                   build/system_stm32l1xx.o
                                                  build/stm32l1xx_hal_rcc.o
                                                  build/stm32l1xx_hal.o
SystemCoreClockUpdate                             build/system_stm32l1xx.o
SystemInit                                        build/system_stm32l1xx.o
                                                  build/startup_stm32l152xe.o
TAMPER_STAMP_IRQHandler                           build/startup_stm32l152xe.o
TIM10_IRQHandler                                  build/startup_stm32l152xe.o
TIM11_IRQHandler                                  build/startup_stm32l152xe.o
TIM2_IRQHandler                                   build/startup_stm32l152xe.o
TIM3_IRQHandler                                   build/startup_stm32l152xe.o
TIM4_IRQHandler                                   build/startup_stm32l152xe.o
TIM5_IRQHandler                                   build/startup_stm32l152xe.o
TIM6_IRQHandler                                   build/startup_stm32l152xe.o
TIM7_IRQHandler                                   build/startup_stm32l152xe.o
TIM9_IRQHandler                                   build/startup_stm32l152xe.o
UART4_IRQHandler                                  build/startup_stm32l152xe.o
UART5_IRQHandler                                  build/startup_stm32l152xe.o
UART_Start_Receive_DMA                            build/stm32l1xx_hal_uart.o
UART_Start_Receive_IT                             build/stm32l1xx_hal_uart.o
USART1_IRQHandler                                 build/startup_stm32l152xe.o
USART2_IRQHandler                                 build/startup_stm32l152xe.o
USART3_IRQHandler                                 build/startup_stm32l152xe.o
USB_FS_WKUP_IRQHandler                            build/startup_stm32l152xe.o
USB_HP_IRQHandler                                 build/startup_stm32l152xe.o
USB_LP_IRQHandler                                 build/startup_stm32l152xe.o
UsageFault_Handler                                build/stm32l1xx_it.o
WWDG_IRQHandler                                   build/startup_stm32l152xe.o
__aeabi_idiv0                                     /usr/lib/gcc/arm-none-eabi/13.1.0/thumb/v7-m/nofp/libgcc.a(_dvmd_tls.o)
__aeabi_ldiv0                                     /usr/lib/gcc/arm-none-eabi/13.1.0/thumb/v7-m/nofp/libgcc.a(_dvmd_tls.o)
                                                  /usr/lib/gcc/arm-none-eabi/13.1.0/thumb/v7-m/nofp/libgcc.a(_aeabi_uldivmod.o)
__aeabi_uldivmod                                  /usr/lib/gcc/arm-none-eabi/13.1.0/thumb/v7-m/nofp/libgcc.a(_aeabi_uldivmod.o)
                                                  build/stm32l1xx_hal_rcc.o
__atexit                                          /usr/lib/gcc/arm-none-eabi/13.1.0/../../../../arm-none-eabi/lib/thumb/v7-m/nofp/libc_nano.a(libc_a-__call_atexit.o)
                                                  /usr/lib/gcc/arm-none-eabi/13.1.0/../../../../arm-none-eabi/lib/thumb/v7-m/nofp/libc_nano.a(libc_a-__atexit.o)
__atexit0                                         /usr/lib/gcc/arm-none-eabi/13.1.0/../../../../arm-none-eabi/lib/thumb/v7-m/nofp/libc_nano.a(libc_a-__atexit.o)
__atexit_dummy                                    /usr/lib/gcc/arm-none-eabi/13.1.0/../../../../arm-none-eabi/lib/thumb/v7-m/nofp/libc_nano.a(libc_a-__atexit.o)
__atexit_recursive_mutex                          /usr/lib/gcc/arm-none-eabi/13.1.0/../../../../arm-none-eabi/lib/thumb/v7-m/nofp/libc_nano.a(libc_a-__call_atexit.o)
                                                  /usr/lib/gcc/arm-none-eabi/13.1.0/../../../../arm-none-eabi/lib/thumb/v7-m/nofp/libc_nano.a(libc_a-__atexit.o)
__bss_end__                                       /usr/lib/gcc/arm-none-eabi/13.1.0/../../../../arm-none-eabi/lib/thumb/v7-m/nofp/crt0.o
__bss_start__                                     /usr/lib/gcc/arm-none-eabi/13.1.0/../../../../arm-none-eabi/lib/thumb/v7-m/nofp/crt0.o
__call_exitprocs                                  /usr/lib/gcc/arm-none-eabi/13.1.0/../../../../arm-none-eabi/lib/thumb/v7-m/nofp/libc_nano.a(libc_a-__call_atexit.o)
                                                  /usr/lib/gcc/arm-none-eabi/13.1.0/../../../../arm-none-eabi/lib/thumb/v7-m/nofp/libc_nano.a(libc_a-__atexit.o)
                                                  /usr/lib/gcc/arm-none-eabi/13.1.0/../../../../arm-none-eabi/lib/thumb/v7-m/nofp/libc_nano.a(libc_a-exit.o)
__deregister_frame_info                           /usr/lib/gcc/arm-none-eabi/13.1.0/thumb/v7-m/nofp/crtbegin.o
__dso_handle                                      /usr/lib/gcc/arm-none-eabi/13.1.0/thumb/v7-m/nofp/crtbegin.o
__fini_array_end                                  /usr/lib/gcc/arm-none-eabi/13.1.0/../../../../arm-none-eabi/lib/thumb/v7-m/nofp/libc_nano.a(libc_a-fini.o)
__fini_array_start                                /usr/lib/gcc/arm-none-eabi/13.1.0/../../../../arm-none-eabi/lib/thumb/v7-m/nofp/libc_nano.a(libc_a-fini.o)
__fp_lock_all                                     /usr/lib/gcc/arm-none-eabi/13.1.0/../../../../arm-none-eabi/lib/thumb/v7-m/nofp/libc_nano.a(libc_a-findfp.o)
__fp_unlock_all                                   /usr/lib/gcc/arm-none-eabi/13.1.0/../../../../arm-none-eabi/lib/thumb/v7-m/nofp/libc_nano.a(libc_a-findfp.o)
__init_array_end                                  /usr/lib/gcc/arm-none-eabi/13.1.0/../../../../arm-none-eabi/lib/thumb/v7-m/nofp/libc_nano.a(libc_a-init.o)
__init_array_start                                /usr/lib/gcc/arm-none-eabi/13.1.0/../../../../arm-none-eabi/lib/thumb/v7-m/nofp/libc_nano.a(libc_a-init.o)
__libc_fini_array                                 /usr/lib/gcc/arm-none-eabi/13.1.0/../../../../arm-none-eabi/lib/thumb/v7-m/nofp/libc_nano.a(libc_a-fini.o)
                                                  /usr/lib/gcc/arm-none-eabi/13.1.0/../../../../arm-none-eabi/lib/thumb/v7-m/nofp/crt0.o
__libc_init_array                                 /usr/lib/gcc/arm-none-eabi/13.1.0/../../../../arm-none-eabi/lib/thumb/v7-m/nofp/libc_nano.a(libc_a-init.o)
                                                  build/startup_stm32l152xe.o
                                                  /usr/lib/gcc/arm-none-eabi/13.1.0/../../../../arm-none-eabi/lib/thumb/v7-m/nofp/crt0.o
__lock___arc4random_mutex                         /usr/lib/gcc/arm-none-eabi/13.1.0/../../../../arm-none-eabi/lib/thumb/v7-m/nofp/libc_nano.a(libc_a-lock.o)
__lock___at_quick_exit_mutex                      /usr/lib/gcc/arm-none-eabi/13.1.0/../../../../arm-none-eabi/lib/thumb/v7-m/nofp/libc_nano.a(libc_a-lock.o)
__lock___atexit_recursive_mutex                   /usr/lib/gcc/arm-none-eabi/13.1.0/../../../../arm-none-eabi/lib/thumb/v7-m/nofp/libc_nano.a(libc_a-lock.o)
                                                  /usr/lib/gcc/arm-none-eabi/13.1.0/../../../../arm-none-eabi/lib/thumb/v7-m/nofp/libc_nano.a(libc_a-__call_atexit.o)
__lock___dd_hash_mutex                            /usr/lib/gcc/arm-none-eabi/13.1.0/../../../../arm-none-eabi/lib/thumb/v7-m/nofp/libc_nano.a(libc_a-lock.o)
__lock___env_recursive_mutex                      /usr/lib/gcc/arm-none-eabi/13.1.0/../../../../arm-none-eabi/lib/thumb/v7-m/nofp/libc_nano.a(libc_a-lock.o)
__lock___malloc_recursive_mutex                   /usr/lib/gcc/arm-none-eabi/13.1.0/../../../../arm-none-eabi/lib/thumb/v7-m/nofp/libc_nano.a(libc_a-lock.o)
                                                  /usr/lib/gcc/arm-none-eabi/13.1.0/../../../../arm-none-eabi/lib/thumb/v7-m/nofp/libc_nano.a(libc_a-mlock.o)
__lock___sfp_recursive_mutex                      /usr/lib/gcc/arm-none-eabi/13.1.0/../../../../arm-none-eabi/lib/thumb/v7-m/nofp/libc_nano.a(libc_a-lock.o)
                                                  /usr/lib/gcc/arm-none-eabi/13.1.0/../../../../arm-none-eabi/lib/thumb/v7-m/nofp/libc_nano.a(libc_a-findfp.o)
__lock___tz_mutex                                 /usr/lib/gcc/arm-none-eabi/13.1.0/../../../../arm-none-eabi/lib/thumb/v7-m/nofp/libc_nano.a(libc_a-lock.o)
__malloc_free_list                                /usr/lib/gcc/arm-none-eabi/13.1.0/../../../../arm-none-eabi/lib/thumb/v7-m/nofp/libc_nano.a(libc_a-mallocr.o)
                                                  /usr/lib/gcc/arm-none-eabi/13.1.0/../../../../arm-none-eabi/lib/thumb/v7-m/nofp/libc_nano.a(libc_a-freer.o)
__malloc_lock                                     /usr/lib/gcc/arm-none-eabi/13.1.0/../../../../arm-none-eabi/lib/thumb/v7-m/nofp/libc_nano.a(libc_a-mlock.o)
                                                  /usr/lib/gcc/arm-none-eabi/13.1.0/../../../../arm-none-eabi/lib/thumb/v7-m/nofp/libc_nano.a(libc_a-mallocr.o)
                                                  /usr/lib/gcc/arm-none-eabi/13.1.0/../../../../arm-none-eabi/lib/thumb/v7-m/nofp/libc_nano.a(libc_a-freer.o)
__malloc_sbrk_start                               /usr/lib/gcc/arm-none-eabi/13.1.0/../../../../arm-none-eabi/lib/thumb/v7-m/nofp/libc_nano.a(libc_a-mallocr.o)
__malloc_unlock                                   /usr/lib/gcc/arm-none-eabi/13.1.0/../../../../arm-none-eabi/lib/thumb/v7-m/nofp/libc_nano.a(libc_a-mlock.o)
                                                  /usr/lib/gcc/arm-none-eabi/13.1.0/../../../../arm-none-eabi/lib/thumb/v7-m/nofp/libc_nano.a(libc_a-mallocr.o)
                                                  /usr/lib/gcc/arm-none-eabi/13.1.0/../../../../arm-none-eabi/lib/thumb/v7-m/nofp/libc_nano.a(libc_a-freer.o)
__on_exit_args                                    /usr/lib/gcc/arm-none-eabi/13.1.0/../../../../arm-none-eabi/lib/thumb/v7-m/nofp/libc_nano.a(libc_a-__atexit.o)
__preinit_array_end                               /usr/lib/gcc/arm-none-eabi/13.1.0/../../../../arm-none-eabi/lib/thumb/v7-m/nofp/libc_nano.a(libc_a-init.o)
__preinit_array_start                             /usr/lib/gcc/arm-none-eabi/13.1.0/../../../../arm-none-eabi/lib/thumb/v7-m/nofp/libc_nano.a(libc_a-init.o)
__register_exitproc                               /usr/lib/gcc/arm-none-eabi/13.1.0/../../../../arm-none-eabi/lib/thumb/v7-m/nofp/libc_nano.a(libc_a-__atexit.o)
                                                  /usr/lib/gcc/arm-none-eabi/13.1.0/../../../../arm-none-eabi/lib/thumb/v7-m/nofp/libc_nano.a(libc_a-atexit.o)
__register_frame_info                             /usr/lib/gcc/arm-none-eabi/13.1.0/thumb/v7-m/nofp/crtbegin.o
__retarget_lock_acquire                           /usr/lib/gcc/arm-none-eabi/13.1.0/../../../../arm-none-eabi/lib/thumb/v7-m/nofp/libc_nano.a(libc_a-lock.o)
__retarget_lock_acquire_recursive                 /usr/lib/gcc/arm-none-eabi/13.1.0/../../../../arm-none-eabi/lib/thumb/v7-m/nofp/libc_nano.a(libc_a-lock.o)
                                                  /usr/lib/gcc/arm-none-eabi/13.1.0/../../../../arm-none-eabi/lib/thumb/v7-m/nofp/libc_nano.a(libc_a-fflush.o)
                                                  /usr/lib/gcc/arm-none-eabi/13.1.0/../../../../arm-none-eabi/lib/thumb/v7-m/nofp/libc_nano.a(libc_a-mlock.o)
                                                  /usr/lib/gcc/arm-none-eabi/13.1.0/../../../../arm-none-eabi/lib/thumb/v7-m/nofp/libc_nano.a(libc_a-__call_atexit.o)
                                                  /usr/lib/gcc/arm-none-eabi/13.1.0/../../../../arm-none-eabi/lib/thumb/v7-m/nofp/libc_nano.a(libc_a-__atexit.o)
                                                  /usr/lib/gcc/arm-none-eabi/13.1.0/../../../../arm-none-eabi/lib/thumb/v7-m/nofp/libc_nano.a(libc_a-findfp.o)
__retarget_lock_close                             /usr/lib/gcc/arm-none-eabi/13.1.0/../../../../arm-none-eabi/lib/thumb/v7-m/nofp/libc_nano.a(libc_a-lock.o)
__retarget_lock_close_recursive                   /usr/lib/gcc/arm-none-eabi/13.1.0/../../../../arm-none-eabi/lib/thumb/v7-m/nofp/libc_nano.a(libc_a-lock.o)
__retarget_lock_init                              /usr/lib/gcc/arm-none-eabi/13.1.0/../../../../arm-none-eabi/lib/thumb/v7-m/nofp/libc_nano.a(libc_a-lock.o)
__retarget_lock_init_recursive                    /usr/lib/gcc/arm-none-eabi/13.1.0/../../../../arm-none-eabi/lib/thumb/v7-m/nofp/libc_nano.a(libc_a-lock.o)
                                                  /usr/lib/gcc/arm-none-eabi/13.1.0/../../../../arm-none-eabi/lib/thumb/v7-m/nofp/libc_nano.a(libc_a-findfp.o)
__retarget_lock_release                           /usr/lib/gcc/arm-none-eabi/13.1.0/../../../../arm-none-eabi/lib/thumb/v7-m/nofp/libc_nano.a(libc_a-lock.o)
__retarget_lock_release_recursive                 /usr/lib/gcc/arm-none-eabi/13.1.0/../../../../arm-none-eabi/lib/thumb/v7-m/nofp/libc_nano.a(libc_a-lock.o)
                                                  /usr/lib/gcc/arm-none-eabi/13.1.0/../../../../arm-none-eabi/lib/thumb/v7-m/nofp/libc_nano.a(libc_a-fflush.o)
                                                  /usr/lib/gcc/arm-none-eabi/13.1.0/../../../../arm-none-eabi/lib/thumb/v7-m/nofp/libc_nano.a(libc_a-mlock.o)
                                                  /usr/lib/gcc/arm-none-eabi/13.1.0/../../../../arm-none-eabi/lib/thumb/v7-m/nofp/libc_nano.a(libc_a-__call_atexit.o)
                                                  /usr/lib/gcc/arm-none-eabi/13.1.0/../../../../arm-none-eabi/lib/thumb/v7-m/nofp/libc_nano.a(libc_a-__atexit.o)
                                                  /usr/lib/gcc/arm-none-eabi/13.1.0/../../../../arm-none-eabi/lib/thumb/v7-m/nofp/libc_nano.a(libc_a-findfp.o)
__retarget_lock_try_acquire                       /usr/lib/gcc/arm-none-eabi/13.1.0/../../../../arm-none-eabi/lib/thumb/v7-m/nofp/libc_nano.a(libc_a-lock.o)
__retarget_lock_try_acquire_recursive             /usr/lib/gcc/arm-none-eabi/13.1.0/../../../../arm-none-eabi/lib/thumb/v7-m/nofp/libc_nano.a(libc_a-lock.o)
__sclose                                          /usr/lib/gcc/arm-none-eabi/13.1.0/../../../../arm-none-eabi/lib/thumb/v7-m/nofp/libc_nano.a(libc_a-stdio.o)
                                                  /usr/lib/gcc/arm-none-eabi/13.1.0/../../../../arm-none-eabi/lib/thumb/v7-m/nofp/libc_nano.a(libc_a-findfp.o)
__seofread                                        /usr/lib/gcc/arm-none-eabi/13.1.0/../../../../arm-none-eabi/lib/thumb/v7-m/nofp/libc_nano.a(libc_a-stdio.o)
__sf                                              /usr/lib/gcc/arm-none-eabi/13.1.0/../../../../arm-none-eabi/lib/thumb/v7-m/nofp/libc_nano.a(libc_a-findfp.o)
                                                  /usr/lib/gcc/arm-none-eabi/13.1.0/../../../../arm-none-eabi/lib/thumb/v7-m/nofp/libc_nano.a(libc_a-impure.o)
__sflush_r                                        /usr/lib/gcc/arm-none-eabi/13.1.0/../../../../arm-none-eabi/lib/thumb/v7-m/nofp/libc_nano.a(libc_a-fflush.o)
__sfp                                             /usr/lib/gcc/arm-none-eabi/13.1.0/../../../../arm-none-eabi/lib/thumb/v7-m/nofp/libc_nano.a(libc_a-findfp.o)
__sfp_lock_acquire                                /usr/lib/gcc/arm-none-eabi/13.1.0/../../../../arm-none-eabi/lib/thumb/v7-m/nofp/libc_nano.a(libc_a-findfp.o)
__sfp_lock_release                                /usr/lib/gcc/arm-none-eabi/13.1.0/../../../../arm-none-eabi/lib/thumb/v7-m/nofp/libc_nano.a(libc_a-findfp.o)
__sglue                                           /usr/lib/gcc/arm-none-eabi/13.1.0/../../../../arm-none-eabi/lib/thumb/v7-m/nofp/libc_nano.a(libc_a-findfp.o)
                                                  /usr/lib/gcc/arm-none-eabi/13.1.0/../../../../arm-none-eabi/lib/thumb/v7-m/nofp/libc_nano.a(libc_a-fflush.o)
__sinit                                           /usr/lib/gcc/arm-none-eabi/13.1.0/../../../../arm-none-eabi/lib/thumb/v7-m/nofp/libc_nano.a(libc_a-findfp.o)
                                                  /usr/lib/gcc/arm-none-eabi/13.1.0/../../../../arm-none-eabi/lib/thumb/v7-m/nofp/libc_nano.a(libc_a-fflush.o)
__sread                                           /usr/lib/gcc/arm-none-eabi/13.1.0/../../../../arm-none-eabi/lib/thumb/v7-m/nofp/libc_nano.a(libc_a-stdio.o)
                                                  /usr/lib/gcc/arm-none-eabi/13.1.0/../../../../arm-none-eabi/lib/thumb/v7-m/nofp/libc_nano.a(libc_a-findfp.o)
__sseek                                           /usr/lib/gcc/arm-none-eabi/13.1.0/../../../../arm-none-eabi/lib/thumb/v7-m/nofp/libc_nano.a(libc_a-stdio.o)
                                                  /usr/lib/gcc/arm-none-eabi/13.1.0/../../../../arm-none-eabi/lib/thumb/v7-m/nofp/libc_nano.a(libc_a-findfp.o)
__stack                                           /usr/lib/gcc/arm-none-eabi/13.1.0/../../../../arm-none-eabi/lib/thumb/v7-m/nofp/crt0.o
__stdio_exit_handler                              /usr/lib/gcc/arm-none-eabi/13.1.0/../../../../arm-none-eabi/lib/thumb/v7-m/nofp/libc_nano.a(libc_a-findfp.o)
                                                  /usr/lib/gcc/arm-none-eabi/13.1.0/../../../../arm-none-eabi/lib/thumb/v7-m/nofp/libc_nano.a(libc_a-exit.o)
__swrite                                          /usr/lib/gcc/arm-none-eabi/13.1.0/../../../../arm-none-eabi/lib/thumb/v7-m/nofp/libc_nano.a(libc_a-stdio.o)
                                                  /usr/lib/gcc/arm-none-eabi/13.1.0/../../../../arm-none-eabi/lib/thumb/v7-m/nofp/libc_nano.a(libc_a-findfp.o)
__udivmoddi4                                      /usr/lib/gcc/arm-none-eabi/13.1.0/thumb/v7-m/nofp/libgcc.a(_udivmoddi4.o)
                                                  /usr/lib/gcc/arm-none-eabi/13.1.0/thumb/v7-m/nofp/libgcc.a(_aeabi_uldivmod.o)
_close                                            /usr/lib/gcc/arm-none-eabi/13.1.0/../../../../arm-none-eabi/lib/thumb/v7-m/nofp/libnosys.a(close.o)
                                                  /usr/lib/gcc/arm-none-eabi/13.1.0/../../../../arm-none-eabi/lib/thumb/v7-m/nofp/libc_nano.a(libc_a-closer.o)
_close_r                                          /usr/lib/gcc/arm-none-eabi/13.1.0/../../../../arm-none-eabi/lib/thumb/v7-m/nofp/libc_nano.a(libc_a-closer.o)
                                                  /usr/lib/gcc/arm-none-eabi/13.1.0/../../../../arm-none-eabi/lib/thumb/v7-m/nofp/libc_nano.a(libc_a-stdio.o)
_ebss                                             build/startup_stm32l152xe.o
_edata                                            build/startup_stm32l152xe.o
_estack                                           build/startup_stm32l152xe.o
_exit                                             /usr/lib/gcc/arm-none-eabi/13.1.0/../../../../arm-none-eabi/lib/thumb/v7-m/nofp/libnosys.a(_exit.o)
                                                  /usr/lib/gcc/arm-none-eabi/13.1.0/../../../../arm-none-eabi/lib/thumb/v7-m/nofp/libc_nano.a(libc_a-exit.o)
_fflush_r                                         /usr/lib/gcc/arm-none-eabi/13.1.0/../../../../arm-none-eabi/lib/thumb/v7-m/nofp/libc_nano.a(libc_a-fflush.o)
                                                  /usr/lib/gcc/arm-none-eabi/13.1.0/../../../../arm-none-eabi/lib/thumb/v7-m/nofp/libc_nano.a(libc_a-findfp.o)
_fini                                             /usr/lib/gcc/arm-none-eabi/13.1.0/thumb/v7-m/nofp/crti.o
                                                  /usr/lib/gcc/arm-none-eabi/13.1.0/../../../../arm-none-eabi/lib/thumb/v7-m/nofp/libc_nano.a(libc_a-fini.o)
_free_r                                           /usr/lib/gcc/arm-none-eabi/13.1.0/../../../../arm-none-eabi/lib/thumb/v7-m/nofp/libc_nano.a(libc_a-freer.o)
                                                  /usr/lib/gcc/arm-none-eabi/13.1.0/../../../../arm-none-eabi/lib/thumb/v7-m/nofp/libc_nano.a(libc_a-fflush.o)
                                                  /usr/lib/gcc/arm-none-eabi/13.1.0/../../../../arm-none-eabi/lib/thumb/v7-m/nofp/libc_nano.a(libc_a-reent.o)
_fwalk_sglue                                      /usr/lib/gcc/arm-none-eabi/13.1.0/../../../../arm-none-eabi/lib/thumb/v7-m/nofp/libc_nano.a(libc_a-fwalk.o)
                                                  /usr/lib/gcc/arm-none-eabi/13.1.0/../../../../arm-none-eabi/lib/thumb/v7-m/nofp/libc_nano.a(libc_a-fflush.o)
                                                  /usr/lib/gcc/arm-none-eabi/13.1.0/../../../../arm-none-eabi/lib/thumb/v7-m/nofp/libc_nano.a(libc_a-findfp.o)
_impure_data                                      /usr/lib/gcc/arm-none-eabi/13.1.0/../../../../arm-none-eabi/lib/thumb/v7-m/nofp/libc_nano.a(libc_a-impure.o)
                                                  /usr/lib/gcc/arm-none-eabi/13.1.0/../../../../arm-none-eabi/lib/thumb/v7-m/nofp/libc_nano.a(libc_a-fflush.o)
                                                  /usr/lib/gcc/arm-none-eabi/13.1.0/../../../../arm-none-eabi/lib/thumb/v7-m/nofp/libc_nano.a(libc_a-findfp.o)
_impure_ptr                                       /usr/lib/gcc/arm-none-eabi/13.1.0/../../../../arm-none-eabi/lib/thumb/v7-m/nofp/libc_nano.a(libc_a-impure.o)
                                                  /usr/lib/gcc/arm-none-eabi/13.1.0/../../../../arm-none-eabi/lib/thumb/v7-m/nofp/libc_nano.a(libc_a-fflush.o)
                                                  /usr/lib/gcc/arm-none-eabi/13.1.0/../../../../arm-none-eabi/lib/thumb/v7-m/nofp/libc_nano.a(libc_a-reent.o)
_init                                             /usr/lib/gcc/arm-none-eabi/13.1.0/thumb/v7-m/nofp/crti.o
                                                  /usr/lib/gcc/arm-none-eabi/13.1.0/../../../../arm-none-eabi/lib/thumb/v7-m/nofp/libc_nano.a(libc_a-init.o)
_lseek                                            /usr/lib/gcc/arm-none-eabi/13.1.0/../../../../arm-none-eabi/lib/thumb/v7-m/nofp/libnosys.a(lseek.o)
                                                  /usr/lib/gcc/arm-none-eabi/13.1.0/../../../../arm-none-eabi/lib/thumb/v7-m/nofp/libc_nano.a(libc_a-lseekr.o)
_lseek_r                                          /usr/lib/gcc/arm-none-eabi/13.1.0/../../../../arm-none-eabi/lib/thumb/v7-m/nofp/libc_nano.a(libc_a-lseekr.o)
                                                  /usr/lib/gcc/arm-none-eabi/13.1.0/../../../../arm-none-eabi/lib/thumb/v7-m/nofp/libc_nano.a(libc_a-stdio.o)
_mainCRTStartup                                   /usr/lib/gcc/arm-none-eabi/13.1.0/../../../../arm-none-eabi/lib/thumb/v7-m/nofp/crt0.o
_malloc_r                                         /usr/lib/gcc/arm-none-eabi/13.1.0/../../../../arm-none-eabi/lib/thumb/v7-m/nofp/libc_nano.a(libc_a-mallocr.o)
                                                  /usr/lib/gcc/arm-none-eabi/13.1.0/../../../../arm-none-eabi/lib/thumb/v7-m/nofp/libc_nano.a(libc_a-findfp.o)
_read                                             /usr/lib/gcc/arm-none-eabi/13.1.0/../../../../arm-none-eabi/lib/thumb/v7-m/nofp/libnosys.a(read.o)
                                                  /usr/lib/gcc/arm-none-eabi/13.1.0/../../../../arm-none-eabi/lib/thumb/v7-m/nofp/libc_nano.a(libc_a-readr.o)
_read_r                                           /usr/lib/gcc/arm-none-eabi/13.1.0/../../../../arm-none-eabi/lib/thumb/v7-m/nofp/libc_nano.a(libc_a-readr.o)
                                                  /usr/lib/gcc/arm-none-eabi/13.1.0/../../../../arm-none-eabi/lib/thumb/v7-m/nofp/libc_nano.a(libc_a-stdio.o)
_reclaim_reent                                    /usr/lib/gcc/arm-none-eabi/13.1.0/../../../../arm-none-eabi/lib/thumb/v7-m/nofp/libc_nano.a(libc_a-reent.o)
_sbrk                                             /usr/lib/gcc/arm-none-eabi/13.1.0/../../../../arm-none-eabi/lib/thumb/v7-m/nofp/libnosys.a(sbrk.o)
                                                  /usr/lib/gcc/arm-none-eabi/13.1.0/../../../../arm-none-eabi/lib/thumb/v7-m/nofp/libc_nano.a(libc_a-sbrkr.o)
_sbrk_r                                           /usr/lib/gcc/arm-none-eabi/13.1.0/../../../../arm-none-eabi/lib/thumb/v7-m/nofp/libc_nano.a(libc_a-sbrkr.o)
                                                  /usr/lib/gcc/arm-none-eabi/13.1.0/../../../../arm-none-eabi/lib/thumb/v7-m/nofp/libc_nano.a(libc_a-mallocr.o)
_sbss                                             build/startup_stm32l152xe.o
_sdata                                            build/startup_stm32l152xe.o
_sidata                                           build/startup_stm32l152xe.o
_stack_init                                       /usr/lib/gcc/arm-none-eabi/13.1.0/../../../../arm-none-eabi/lib/thumb/v7-m/nofp/crt0.o
_start                                            /usr/lib/gcc/arm-none-eabi/13.1.0/../../../../arm-none-eabi/lib/thumb/v7-m/nofp/crt0.o
_write                                            /usr/lib/gcc/arm-none-eabi/13.1.0/../../../../arm-none-eabi/lib/thumb/v7-m/nofp/libnosys.a(write.o)
                                                  /usr/lib/gcc/arm-none-eabi/13.1.0/../../../../arm-none-eabi/lib/thumb/v7-m/nofp/libc_nano.a(libc_a-writer.o)
_write_r                                          /usr/lib/gcc/arm-none-eabi/13.1.0/../../../../arm-none-eabi/lib/thumb/v7-m/nofp/libc_nano.a(libc_a-writer.o)
                                                  /usr/lib/gcc/arm-none-eabi/13.1.0/../../../../arm-none-eabi/lib/thumb/v7-m/nofp/libc_nano.a(libc_a-stdio.o)
atexit                                            /usr/lib/gcc/arm-none-eabi/13.1.0/../../../../arm-none-eabi/lib/thumb/v7-m/nofp/libc_nano.a(libc_a-atexit.o)
                                                  /usr/lib/gcc/arm-none-eabi/13.1.0/../../../../arm-none-eabi/lib/thumb/v7-m/nofp/crt0.o
end                                               /usr/lib/gcc/arm-none-eabi/13.1.0/../../../../arm-none-eabi/lib/thumb/v7-m/nofp/libnosys.a(sbrk.o)
errno                                             /usr/lib/gcc/arm-none-eabi/13.1.0/../../../../arm-none-eabi/lib/thumb/v7-m/nofp/libc_nano.a(libc_a-reent.o)
                                                  /usr/lib/gcc/arm-none-eabi/13.1.0/../../../../arm-none-eabi/lib/thumb/v7-m/nofp/libnosys.a(write.o)
                                                  /usr/lib/gcc/arm-none-eabi/13.1.0/../../../../arm-none-eabi/lib/thumb/v7-m/nofp/libnosys.a(read.o)
                                                  /usr/lib/gcc/arm-none-eabi/13.1.0/../../../../arm-none-eabi/lib/thumb/v7-m/nofp/libnosys.a(lseek.o)
                                                  /usr/lib/gcc/arm-none-eabi/13.1.0/../../../../arm-none-eabi/lib/thumb/v7-m/nofp/libnosys.a(close.o)
                                                  /usr/lib/gcc/arm-none-eabi/13.1.0/../../../../arm-none-eabi/lib/thumb/v7-m/nofp/libc_nano.a(libc_a-sbrkr.o)
                                                  /usr/lib/gcc/arm-none-eabi/13.1.0/../../../../arm-none-eabi/lib/thumb/v7-m/nofp/libc_nano.a(libc_a-writer.o)
                                                  /usr/lib/gcc/arm-none-eabi/13.1.0/../../../../arm-none-eabi/lib/thumb/v7-m/nofp/libc_nano.a(libc_a-readr.o)
                                                  /usr/lib/gcc/arm-none-eabi/13.1.0/../../../../arm-none-eabi/lib/thumb/v7-m/nofp/libc_nano.a(libc_a-lseekr.o)
                                                  /usr/lib/gcc/arm-none-eabi/13.1.0/../../../../arm-none-eabi/lib/thumb/v7-m/nofp/libc_nano.a(libc_a-closer.o)
exit                                              /usr/lib/gcc/arm-none-eabi/13.1.0/../../../../arm-none-eabi/lib/thumb/v7-m/nofp/libc_nano.a(libc_a-exit.o)
                                                  /usr/lib/gcc/arm-none-eabi/13.1.0/../../../../arm-none-eabi/lib/thumb/v7-m/nofp/crt0.o
fflush                                            /usr/lib/gcc/arm-none-eabi/13.1.0/../../../../arm-none-eabi/lib/thumb/v7-m/nofp/libc_nano.a(libc_a-fflush.o)
g_pfnVectors                                      build/startup_stm32l152xe.o
hardware_init_hook                                /usr/lib/gcc/arm-none-eabi/13.1.0/../../../../arm-none-eabi/lib/thumb/v7-m/nofp/crt0.o
huart2                                            build/main.o
main                                              build/main.o
                                                  build/startup_stm32l152xe.o
                                                  /usr/lib/gcc/arm-none-eabi/13.1.0/../../../../arm-none-eabi/lib/thumb/v7-m/nofp/crt0.o
malloc                                            /usr/lib/gcc/arm-none-eabi/13.1.0/../../../../arm-none-eabi/lib/thumb/v7-m/nofp/libc_nano.a(libc_a-__atexit.o)
memset                                            /usr/lib/gcc/arm-none-eabi/13.1.0/../../../../arm-none-eabi/lib/thumb/v7-m/nofp/libc_nano.a(libc_a-memset.o)
                                                  /usr/lib/gcc/arm-none-eabi/13.1.0/../../../../arm-none-eabi/lib/thumb/v7-m/nofp/libc_nano.a(libc_a-findfp.o)
                                                  build/main.o
                                                  /usr/lib/gcc/arm-none-eabi/13.1.0/../../../../arm-none-eabi/lib/thumb/v7-m/nofp/crt0.o
pFlash                                            build/stm32l1xx_hal_flash.o
                                                  build/stm32l1xx_hal_flash_ramfunc.o
                                                  build/stm32l1xx_hal_flash_ex.o
software_init_hook                                /usr/lib/gcc/arm-none-eabi/13.1.0/../../../../arm-none-eabi/lib/thumb/v7-m/nofp/crt0.o
uwTick                                            build/stm32l1xx_hal.o
uwTickFreq                                        build/stm32l1xx_hal.o
uwTickPrio                                        build/stm32l1xx_hal.o
                                                  build/stm32l1xx_hal_rcc.o
