18:32:46 **** Clean-only build of configuration Debug for project template ****
make -j16 clean 
rm -rf ./Drivers/STM32L1xx_HAL_Driver/Src/stm32l1xx_hal.cyclo ./Drivers/STM32L1xx_HAL_Driver/Src/stm32l1xx_hal.d ./Drivers/STM32L1xx_HAL_Driver/Src/stm32l1xx_hal.o ./Drivers/STM32L1xx_HAL_Driver/Src/stm32l1xx_hal.su ./Drivers/STM32L1xx_HAL_Driver/Src/stm32l1xx_hal_cortex.cyclo ./Drivers/STM32L1xx_HAL_Driver/Src/stm32l1xx_hal_cortex.d ./Drivers/STM32L1xx_HAL_Driver/Src/stm32l1xx_hal_cortex.o ./Drivers/STM32L1xx_HAL_Driver/Src/stm32l1xx_hal_cortex.su ./Drivers/STM32L1xx_HAL_Driver/Src/stm32l1xx_hal_dma.cyclo ./Drivers/STM32L1xx_HAL_Driver/Src/stm32l1xx_hal_dma.d ./Drivers/STM32L1xx_HAL_Driver/Src/stm32l1xx_hal_dma.o ./Drivers/STM32L1xx_HAL_Driver/Src/stm32l1xx_hal_dma.su ./Drivers/STM32L1xx_HAL_Driver/Src/stm32l1xx_hal_exti.cyclo ./Drivers/STM32L1xx_HAL_Driver/Src/stm32l1xx_hal_exti.d ./Drivers/STM32L1xx_HAL_Driver/Src/stm32l1xx_hal_exti.o ./Drivers/STM32L1xx_HAL_Driver/Src/stm32l1xx_hal_exti.su ./Drivers/STM32L1xx_HAL_Driver/Src/stm32l1xx_hal_flash.cyclo ./Drivers/STM32L1xx_HAL_Driver/Src/stm32l1xx_hal_flash.d ./Drivers/STM32L1xx_HAL_Driver/Src/stm32l1xx_hal_flash.o ./Drivers/STM32L1xx_HAL_Driver/Src/stm32l1xx_hal_flash.su ./Drivers/STM32L1xx_HAL_Driver/Src/stm32l1xx_hal_flash_ex.cyclo ./Drivers/STM32L1xx_HAL_Driver/Src/stm32l1xx_hal_flash_ex.d ./Drivers/STM32L1xx_HAL_Driver/Src/stm32l1xx_hal_flash_ex.o ./Drivers/STM32L1xx_HAL_Driver/Src/stm32l1xx_hal_flash_ex.su ./Drivers/STM32L1xx_HAL_Driver/Src/stm32l1xx_hal_flash_ramfunc.cyclo ./Drivers/STM32L1xx_HAL_Driver/Src/stm32l1xx_hal_flash_ramfunc.d ./Drivers/STM32L1xx_HAL_Driver/Src/stm32l1xx_hal_flash_ramfunc.o ./Drivers/STM32L1xx_HAL_Driver/Src/stm32l1xx_hal_flash_ramfunc.su ./Drivers/STM32L1xx_HAL_Driver/Src/stm32l1xx_hal_gpio.cyclo ./Drivers/STM32L1xx_HAL_Driver/Src/stm32l1xx_hal_gpio.d ./Drivers/STM32L1xx_HAL_Driver/Src/stm32l1xx_hal_gpio.o ./Drivers/STM32L1xx_HAL_Driver/Src/stm32l1xx_hal_gpio.su ./Drivers/STM32L1xx_HAL_Driver/Src/stm32l1xx_hal_pwr.cyclo ./Drivers/STM32L1xx_HAL_Driver/Src/stm32l1xx_hal_pwr.d ./Drivers/STM32L1xx_HAL_Driver/Src/stm32l1xx_hal_pwr.o ./Drivers/STM32L1xx_HAL_Driver/Src/stm32l1xx_hal_pwr.su ./Drivers/STM32L1xx_HAL_Driver/Src/stm32l1xx_hal_pwr_ex.cyclo ./Drivers/STM32L1xx_HAL_Driver/Src/stm32l1xx_hal_pwr_ex.d ./Drivers/STM32L1xx_HAL_Driver/Src/stm32l1xx_hal_pwr_ex.o ./Drivers/STM32L1xx_HAL_Driver/Src/stm32l1xx_hal_pwr_ex.su ./Drivers/STM32L1xx_HAL_Driver/Src/stm32l1xx_hal_rcc.cyclo ./Drivers/STM32L1xx_HAL_Driver/Src/stm32l1xx_hal_rcc.d ./Drivers/STM32L1xx_HAL_Driver/Src/stm32l1xx_hal_rcc.o ./Drivers/STM32L1xx_HAL_Driver/Src/stm32l1xx_hal_rcc.su ./Drivers/STM32L1xx_HAL_Driver/Src/stm32l1xx_hal_rcc_ex.cyclo ./Drivers/STM32L1xx_HAL_Driver/Src/stm32l1xx_hal_rcc_ex.d ./Drivers/STM32L1xx_HAL_Driver/Src/stm32l1xx_hal_rcc_ex.o ./Drivers/STM32L1xx_HAL_Driver/Src/stm32l1xx_hal_rcc_ex.su ./Drivers/STM32L1xx_HAL_Driver/Src/stm32l1xx_hal_tim.cyclo ./Drivers/STM32L1xx_HAL_Driver/Src/stm32l1xx_hal_tim.d ./Drivers/STM32L1xx_HAL_Driver/Src/stm32l1xx_hal_tim.o ./Drivers/STM32L1xx_HAL_Driver/Src/stm32l1xx_hal_tim.su ./Drivers/STM32L1xx_HAL_Driver/Src/stm32l1xx_hal_tim_ex.cyclo ./Drivers/STM32L1xx_HAL_Driver/Src/stm32l1xx_hal_tim_ex.d ./Drivers/STM32L1xx_HAL_Driver/Src/stm32l1xx_hal_tim_ex.o ./Drivers/STM32L1xx_HAL_Driver/Src/stm32l1xx_hal_tim_ex.su ./Drivers/STM32L1xx_HAL_Driver/Src/stm32l1xx_hal_uart.cyclo ./Drivers/STM32L1xx_HAL_Driver/Src/stm32l1xx_hal_uart.d ./Drivers/STM32L1xx_HAL_Driver/Src/stm32l1xx_hal_uart.o ./Drivers/STM32L1xx_HAL_Driver/Src/stm32l1xx_hal_uart.su
rm -rf ./Core/Startup/startup_stm32l152retx.d ./Core/Startup/startup_stm32l152retx.o
rm -rf ./Core/Src/gpio.cyclo ./Core/Src/gpio.d ./Core/Src/gpio.o ./Core/Src/gpio.su ./Core/Src/main.cyclo ./Core/Src/main.d ./Core/Src/main.o ./Core/Src/main.su ./Core/Src/stm32l1xx_hal_msp.cyclo ./Core/Src/stm32l1xx_hal_msp.d ./Core/Src/stm32l1xx_hal_msp.o ./Core/Src/stm32l1xx_hal_msp.su ./Core/Src/stm32l1xx_it.cyclo ./Core/Src/stm32l1xx_it.d ./Core/Src/stm32l1xx_it.o ./Core/Src/stm32l1xx_it.su ./Core/Src/syscalls.cyclo ./Core/Src/syscalls.d ./Core/Src/syscalls.o ./Core/Src/syscalls.su ./Core/Src/sysmem.cyclo ./Core/Src/sysmem.d ./Core/Src/sysmem.o ./Core/Src/sysmem.su ./Core/Src/system_stm32l1xx.cyclo ./Core/Src/system_stm32l1xx.d ./Core/Src/system_stm32l1xx.o ./Core/Src/system_stm32l1xx.su ./Core/Src/usart.cyclo ./Core/Src/usart.d ./Core/Src/usart.o ./Core/Src/usart.su
rm -rf default.size.stdout template.elf template.list template.map
 
18:32:47 **** Build of configuration Debug for project template ****
make -j16 all 
arm-none-eabi-gcc "../Drivers/STM32L1xx_HAL_Driver/Src/stm32l1xx_hal.c" -mcpu=cortex-m3 -std=gnu11 -g3 -DDEBUG -DUSE_HAL_DRIVER -DSTM32L152xE -c -I../Core/Inc -I../Drivers/STM32L1xx_HAL_Driver/Inc -I../Drivers/STM32L1xx_HAL_Driver/Inc/Legacy -I../Drivers/CMSIS/Device/ST/STM32L1xx/Include -I../Drivers/CMSIS/Include -O0 -ffunction-sections -fdata-sections -Wall -fstack-usage -fcyclomatic-complexity -MMD -MP -MF"Drivers/STM32L1xx_HAL_Driver/Src/stm32l1xx_hal.d" -MT"Drivers/STM32L1xx_HAL_Driver/Src/stm32l1xx_hal.o" --specs=nano.specs -mfloat-abi=soft -mthumb -o "Drivers/STM32L1xx_HAL_Driver/Src/stm32l1xx_hal.o"
arm-none-eabi-gcc "../Drivers/STM32L1xx_HAL_Driver/Src/stm32l1xx_hal_cortex.c" -mcpu=cortex-m3 -std=gnu11 -g3 -DDEBUG -DUSE_HAL_DRIVER -DSTM32L152xE -c -I../Core/Inc -I../Drivers/STM32L1xx_HAL_Driver/Inc -I../Drivers/STM32L1xx_HAL_Driver/Inc/Legacy -I../Drivers/CMSIS/Device/ST/STM32L1xx/Include -I../Drivers/CMSIS/Include -O0 -ffunction-sections -fdata-sections -Wall -fstack-usage -fcyclomatic-complexity -MMD -MP -MF"Drivers/STM32L1xx_HAL_Driver/Src/stm32l1xx_hal_cortex.d" -MT"Drivers/STM32L1xx_HAL_Driver/Src/stm32l1xx_hal_cortex.o" --specs=nano.specs -mfloat-abi=soft -mthumb -o "Drivers/STM32L1xx_HAL_Driver/Src/stm32l1xx_hal_cortex.o"
arm-none-eabi-gcc "../Drivers/STM32L1xx_HAL_Driver/Src/stm32l1xx_hal_dma.c" -mcpu=cortex-m3 -std=gnu11 -g3 -DDEBUG -DUSE_HAL_DRIVER -DSTM32L152xE -c -I../Core/Inc -I../Drivers/STM32L1xx_HAL_Driver/Inc -I../Drivers/STM32L1xx_HAL_Driver/Inc/Legacy -I../Drivers/CMSIS/Device/ST/STM32L1xx/Include -I../Drivers/CMSIS/Include -O0 -ffunction-sections -fdata-sections -Wall -fstack-usage -fcyclomatic-complexity -MMD -MP -MF"Drivers/STM32L1xx_HAL_Driver/Src/stm32l1xx_hal_dma.d" -MT"Drivers/STM32L1xx_HAL_Driver/Src/stm32l1xx_hal_dma.o" --specs=nano.specs -mfloat-abi=soft -mthumb -o "Drivers/STM32L1xx_HAL_Driver/Src/stm32l1xx_hal_dma.o"
arm-none-eabi-gcc "../Drivers/STM32L1xx_HAL_Driver/Src/stm32l1xx_hal_exti.c" -mcpu=cortex-m3 -std=gnu11 -g3 -DDEBUG -DUSE_HAL_DRIVER -DSTM32L152xE -c -I../Core/Inc -I../Drivers/STM32L1xx_HAL_Driver/Inc -I../Drivers/STM32L1xx_HAL_Driver/Inc/Legacy -I../Drivers/CMSIS/Device/ST/STM32L1xx/Include -I../Drivers/CMSIS/Include -O0 -ffunction-sections -fdata-sections -Wall -fstack-usage -fcyclomatic-complexity -MMD -MP -MF"Drivers/STM32L1xx_HAL_Driver/Src/stm32l1xx_hal_exti.d" -MT"Drivers/STM32L1xx_HAL_Driver/Src/stm32l1xx_hal_exti.o" --specs=nano.specs -mfloat-abi=soft -mthumb -o "Drivers/STM32L1xx_HAL_Driver/Src/stm32l1xx_hal_exti.o"
arm-none-eabi-gcc "../Drivers/STM32L1xx_HAL_Driver/Src/stm32l1xx_hal_flash.c" -mcpu=cortex-m3 -std=gnu11 -g3 -DDEBUG -DUSE_HAL_DRIVER -DSTM32L152xE -c -I../Core/Inc -I../Drivers/STM32L1xx_HAL_Driver/Inc -I../Drivers/STM32L1xx_HAL_Driver/Inc/Legacy -I../Drivers/CMSIS/Device/ST/STM32L1xx/Include -I../Drivers/CMSIS/Include -O0 -ffunction-sections -fdata-sections -Wall -fstack-usage -fcyclomatic-complexity -MMD -MP -MF"Drivers/STM32L1xx_HAL_Driver/Src/stm32l1xx_hal_flash.d" -MT"Drivers/STM32L1xx_HAL_Driver/Src/stm32l1xx_hal_flash.o" --specs=nano.specs -mfloat-abi=soft -mthumb -o "Drivers/STM32L1xx_HAL_Driver/Src/stm32l1xx_hal_flash.o"
arm-none-eabi-gcc "../Drivers/STM32L1xx_HAL_Driver/Src/stm32l1xx_hal_flash_ex.c" -mcpu=cortex-m3 -std=gnu11 -g3 -DDEBUG -DUSE_HAL_DRIVER -DSTM32L152xE -c -I../Core/Inc -I../Drivers/STM32L1xx_HAL_Driver/Inc -I../Drivers/STM32L1xx_HAL_Driver/Inc/Legacy -I../Drivers/CMSIS/Device/ST/STM32L1xx/Include -I../Drivers/CMSIS/Include -O0 -ffunction-sections -fdata-sections -Wall -fstack-usage -fcyclomatic-complexity -MMD -MP -MF"Drivers/STM32L1xx_HAL_Driver/Src/stm32l1xx_hal_flash_ex.d" -MT"Drivers/STM32L1xx_HAL_Driver/Src/stm32l1xx_hal_flash_ex.o" --specs=nano.specs -mfloat-abi=soft -mthumb -o "Drivers/STM32L1xx_HAL_Driver/Src/stm32l1xx_hal_flash_ex.o"
arm-none-eabi-gcc "../Drivers/STM32L1xx_HAL_Driver/Src/stm32l1xx_hal_flash_ramfunc.c" -mcpu=cortex-m3 -std=gnu11 -g3 -DDEBUG -DUSE_HAL_DRIVER -DSTM32L152xE -c -I../Core/Inc -I../Drivers/STM32L1xx_HAL_Driver/Inc -I../Drivers/STM32L1xx_HAL_Driver/Inc/Legacy -I../Drivers/CMSIS/Device/ST/STM32L1xx/Include -I../Drivers/CMSIS/Include -O0 -ffunction-sections -fdata-sections -Wall -fstack-usage -fcyclomatic-complexity -MMD -MP -MF"Drivers/STM32L1xx_HAL_Driver/Src/stm32l1xx_hal_flash_ramfunc.d" -MT"Drivers/STM32L1xx_HAL_Driver/Src/stm32l1xx_hal_flash_ramfunc.o" --specs=nano.specs -mfloat-abi=soft -mthumb -o "Drivers/STM32L1xx_HAL_Driver/Src/stm32l1xx_hal_flash_ramfunc.o"
arm-none-eabi-gcc "../Drivers/STM32L1xx_HAL_Driver/Src/stm32l1xx_hal_gpio.c" -mcpu=cortex-m3 -std=gnu11 -g3 -DDEBUG -DUSE_HAL_DRIVER -DSTM32L152xE -c -I../Core/Inc -I../Drivers/STM32L1xx_HAL_Driver/Inc -I../Drivers/STM32L1xx_HAL_Driver/Inc/Legacy -I../Drivers/CMSIS/Device/ST/STM32L1xx/Include -I../Drivers/CMSIS/Include -O0 -ffunction-sections -fdata-sections -Wall -fstack-usage -fcyclomatic-complexity -MMD -MP -MF"Drivers/STM32L1xx_HAL_Driver/Src/stm32l1xx_hal_gpio.d" -MT"Drivers/STM32L1xx_HAL_Driver/Src/stm32l1xx_hal_gpio.o" --specs=nano.specs -mfloat-abi=soft -mthumb -o "Drivers/STM32L1xx_HAL_Driver/Src/stm32l1xx_hal_gpio.o"
arm-none-eabi-gcc "../Drivers/STM32L1xx_HAL_Driver/Src/stm32l1xx_hal_pwr.c" -mcpu=cortex-m3 -std=gnu11 -g3 -DDEBUG -DUSE_HAL_DRIVER -DSTM32L152xE -c -I../Core/Inc -I../Drivers/STM32L1xx_HAL_Driver/Inc -I../Drivers/STM32L1xx_HAL_Driver/Inc/Legacy -I../Drivers/CMSIS/Device/ST/STM32L1xx/Include -I../Drivers/CMSIS/Include -O0 -ffunction-sections -fdata-sections -Wall -fstack-usage -fcyclomatic-complexity -MMD -MP -MF"Drivers/STM32L1xx_HAL_Driver/Src/stm32l1xx_hal_pwr.d" -MT"Drivers/STM32L1xx_HAL_Driver/Src/stm32l1xx_hal_pwr.o" --specs=nano.specs -mfloat-abi=soft -mthumb -o "Drivers/STM32L1xx_HAL_Driver/Src/stm32l1xx_hal_pwr.o"
arm-none-eabi-gcc "../Drivers/STM32L1xx_HAL_Driver/Src/stm32l1xx_hal_pwr_ex.c" -mcpu=cortex-m3 -std=gnu11 -g3 -DDEBUG -DUSE_HAL_DRIVER -DSTM32L152xE -c -I../Core/Inc -I../Drivers/STM32L1xx_HAL_Driver/Inc -I../Drivers/STM32L1xx_HAL_Driver/Inc/Legacy -I../Drivers/CMSIS/Device/ST/STM32L1xx/Include -I../Drivers/CMSIS/Include -O0 -ffunction-sections -fdata-sections -Wall -fstack-usage -fcyclomatic-complexity -MMD -MP -MF"Drivers/STM32L1xx_HAL_Driver/Src/stm32l1xx_hal_pwr_ex.d" -MT"Drivers/STM32L1xx_HAL_Driver/Src/stm32l1xx_hal_pwr_ex.o" --specs=nano.specs -mfloat-abi=soft -mthumb -o "Drivers/STM32L1xx_HAL_Driver/Src/stm32l1xx_hal_pwr_ex.o"
arm-none-eabi-gcc "../Drivers/STM32L1xx_HAL_Driver/Src/stm32l1xx_hal_rcc.c" -mcpu=cortex-m3 -std=gnu11 -g3 -DDEBUG -DUSE_HAL_DRIVER -DSTM32L152xE -c -I../Core/Inc -I../Drivers/STM32L1xx_HAL_Driver/Inc -I../Drivers/STM32L1xx_HAL_Driver/Inc/Legacy -I../Drivers/CMSIS/Device/ST/STM32L1xx/Include -I../Drivers/CMSIS/Include -O0 -ffunction-sections -fdata-sections -Wall -fstack-usage -fcyclomatic-complexity -MMD -MP -MF"Drivers/STM32L1xx_HAL_Driver/Src/stm32l1xx_hal_rcc.d" -MT"Drivers/STM32L1xx_HAL_Driver/Src/stm32l1xx_hal_rcc.o" --specs=nano.specs -mfloat-abi=soft -mthumb -o "Drivers/STM32L1xx_HAL_Driver/Src/stm32l1xx_hal_rcc.o"
arm-none-eabi-gcc "../Drivers/STM32L1xx_HAL_Driver/Src/stm32l1xx_hal_rcc_ex.c" -mcpu=cortex-m3 -std=gnu11 -g3 -DDEBUG -DUSE_HAL_DRIVER -DSTM32L152xE -c -I../Core/Inc -I../Drivers/STM32L1xx_HAL_Driver/Inc -I../Drivers/STM32L1xx_HAL_Driver/Inc/Legacy -I../Drivers/CMSIS/Device/ST/STM32L1xx/Include -I../Drivers/CMSIS/Include -O0 -ffunction-sections -fdata-sections -Wall -fstack-usage -fcyclomatic-complexity -MMD -MP -MF"Drivers/STM32L1xx_HAL_Driver/Src/stm32l1xx_hal_rcc_ex.d" -MT"Drivers/STM32L1xx_HAL_Driver/Src/stm32l1xx_hal_rcc_ex.o" --specs=nano.specs -mfloat-abi=soft -mthumb -o "Drivers/STM32L1xx_HAL_Driver/Src/stm32l1xx_hal_rcc_ex.o"
arm-none-eabi-gcc "../Drivers/STM32L1xx_HAL_Driver/Src/stm32l1xx_hal_tim.c" -mcpu=cortex-m3 -std=gnu11 -g3 -DDEBUG -DUSE_HAL_DRIVER -DSTM32L152xE -c -I../Core/Inc -I../Drivers/STM32L1xx_HAL_Driver/Inc -I../Drivers/STM32L1xx_HAL_Driver/Inc/Legacy -I../Drivers/CMSIS/Device/ST/STM32L1xx/Include -I../Drivers/CMSIS/Include -O0 -ffunction-sections -fdata-sections -Wall -fstack-usage -fcyclomatic-complexity -MMD -MP -MF"Drivers/STM32L1xx_HAL_Driver/Src/stm32l1xx_hal_tim.d" -MT"Drivers/STM32L1xx_HAL_Driver/Src/stm32l1xx_hal_tim.o" --specs=nano.specs -mfloat-abi=soft -mthumb -o "Drivers/STM32L1xx_HAL_Driver/Src/stm32l1xx_hal_tim.o"
arm-none-eabi-gcc "../Drivers/STM32L1xx_HAL_Driver/Src/stm32l1xx_hal_tim_ex.c" -mcpu=cortex-m3 -std=gnu11 -g3 -DDEBUG -DUSE_HAL_DRIVER -DSTM32L152xE -c -I../Core/Inc -I../Drivers/STM32L1xx_HAL_Driver/Inc -I../Drivers/STM32L1xx_HAL_Driver/Inc/Legacy -I../Drivers/CMSIS/Device/ST/STM32L1xx/Include -I../Drivers/CMSIS/Include -O0 -ffunction-sections -fdata-sections -Wall -fstack-usage -fcyclomatic-complexity -MMD -MP -MF"Drivers/STM32L1xx_HAL_Driver/Src/stm32l1xx_hal_tim_ex.d" -MT"Drivers/STM32L1xx_HAL_Driver/Src/stm32l1xx_hal_tim_ex.o" --specs=nano.specs -mfloat-abi=soft -mthumb -o "Drivers/STM32L1xx_HAL_Driver/Src/stm32l1xx_hal_tim_ex.o"
arm-none-eabi-gcc "../Drivers/STM32L1xx_HAL_Driver/Src/stm32l1xx_hal_uart.c" -mcpu=cortex-m3 -std=gnu11 -g3 -DDEBUG -DUSE_HAL_DRIVER -DSTM32L152xE -c -I../Core/Inc -I../Drivers/STM32L1xx_HAL_Driver/Inc -I../Drivers/STM32L1xx_HAL_Driver/Inc/Legacy -I../Drivers/CMSIS/Device/ST/STM32L1xx/Include -I../Drivers/CMSIS/Include -O0 -ffunction-sections -fdata-sections -Wall -fstack-usage -fcyclomatic-complexity -MMD -MP -MF"Drivers/STM32L1xx_HAL_Driver/Src/stm32l1xx_hal_uart.d" -MT"Drivers/STM32L1xx_HAL_Driver/Src/stm32l1xx_hal_uart.o" --specs=nano.specs -mfloat-abi=soft -mthumb -o "Drivers/STM32L1xx_HAL_Driver/Src/stm32l1xx_hal_uart.o"
arm-none-eabi-gcc -mcpu=cortex-m3 -g3 -DDEBUG -c -x assembler-with-cpp -MMD -MP -MF"Core/Startup/startup_stm32l152retx.d" -MT"Core/Startup/startup_stm32l152retx.o" --specs=nano.specs -mfloat-abi=soft -mthumb -o "Core/Startup/startup_stm32l152retx.o" "../Core/Startup/startup_stm32l152retx.s"
arm-none-eabi-gcc "../Core/Src/gpio.c" -mcpu=cortex-m3 -std=gnu11 -g3 -DDEBUG -DUSE_HAL_DRIVER -DSTM32L152xE -c -I../Core/Inc -I../Drivers/STM32L1xx_HAL_Driver/Inc -I../Drivers/STM32L1xx_HAL_Driver/Inc/Legacy -I../Drivers/CMSIS/Device/ST/STM32L1xx/Include -I../Drivers/CMSIS/Include -O0 -ffunction-sections -fdata-sections -Wall -fstack-usage -fcyclomatic-complexity -MMD -MP -MF"Core/Src/gpio.d" -MT"Core/Src/gpio.o" --specs=nano.specs -mfloat-abi=soft -mthumb -o "Core/Src/gpio.o"
arm-none-eabi-gcc "../Core/Src/main.c" -mcpu=cortex-m3 -std=gnu11 -g3 -DDEBUG -DUSE_HAL_DRIVER -DSTM32L152xE -c -I../Core/Inc -I../Drivers/STM32L1xx_HAL_Driver/Inc -I../Drivers/STM32L1xx_HAL_Driver/Inc/Legacy -I../Drivers/CMSIS/Device/ST/STM32L1xx/Include -I../Drivers/CMSIS/Include -O0 -ffunction-sections -fdata-sections -Wall -fstack-usage -fcyclomatic-complexity -MMD -MP -MF"Core/Src/main.d" -MT"Core/Src/main.o" --specs=nano.specs -mfloat-abi=soft -mthumb -o "Core/Src/main.o"
arm-none-eabi-gcc "../Core/Src/stm32l1xx_hal_msp.c" -mcpu=cortex-m3 -std=gnu11 -g3 -DDEBUG -DUSE_HAL_DRIVER -DSTM32L152xE -c -I../Core/Inc -I../Drivers/STM32L1xx_HAL_Driver/Inc -I../Drivers/STM32L1xx_HAL_Driver/Inc/Legacy -I../Drivers/CMSIS/Device/ST/STM32L1xx/Include -I../Drivers/CMSIS/Include -O0 -ffunction-sections -fdata-sections -Wall -fstack-usage -fcyclomatic-complexity -MMD -MP -MF"Core/Src/stm32l1xx_hal_msp.d" -MT"Core/Src/stm32l1xx_hal_msp.o" --specs=nano.specs -mfloat-abi=soft -mthumb -o "Core/Src/stm32l1xx_hal_msp.o"
arm-none-eabi-gcc "../Core/Src/stm32l1xx_it.c" -mcpu=cortex-m3 -std=gnu11 -g3 -DDEBUG -DUSE_HAL_DRIVER -DSTM32L152xE -c -I../Core/Inc -I../Drivers/STM32L1xx_HAL_Driver/Inc -I../Drivers/STM32L1xx_HAL_Driver/Inc/Legacy -I../Drivers/CMSIS/Device/ST/STM32L1xx/Include -I../Drivers/CMSIS/Include -O0 -ffunction-sections -fdata-sections -Wall -fstack-usage -fcyclomatic-complexity -MMD -MP -MF"Core/Src/stm32l1xx_it.d" -MT"Core/Src/stm32l1xx_it.o" --specs=nano.specs -mfloat-abi=soft -mthumb -o "Core/Src/stm32l1xx_it.o"
arm-none-eabi-gcc "../Core/Src/syscalls.c" -mcpu=cortex-m3 -std=gnu11 -g3 -DDEBUG -DUSE_HAL_DRIVER -DSTM32L152xE -c -I../Core/Inc -I../Drivers/STM32L1xx_HAL_Driver/Inc -I../Drivers/STM32L1xx_HAL_Driver/Inc/Legacy -I../Drivers/CMSIS/Device/ST/STM32L1xx/Include -I../Drivers/CMSIS/Include -O0 -ffunction-sections -fdata-sections -Wall -fstack-usage -fcyclomatic-complexity -MMD -MP -MF"Core/Src/syscalls.d" -MT"Core/Src/syscalls.o" --specs=nano.specs -mfloat-abi=soft -mthumb -o "Core/Src/syscalls.o"
arm-none-eabi-gcc "../Core/Src/sysmem.c" -mcpu=cortex-m3 -std=gnu11 -g3 -DDEBUG -DUSE_HAL_DRIVER -DSTM32L152xE -c -I../Core/Inc -I../Drivers/STM32L1xx_HAL_Driver/Inc -I../Drivers/STM32L1xx_HAL_Driver/Inc/Legacy -I../Drivers/CMSIS/Device/ST/STM32L1xx/Include -I../Drivers/CMSIS/Include -O0 -ffunction-sections -fdata-sections -Wall -fstack-usage -fcyclomatic-complexity -MMD -MP -MF"Core/Src/sysmem.d" -MT"Core/Src/sysmem.o" --specs=nano.specs -mfloat-abi=soft -mthumb -o "Core/Src/sysmem.o"
arm-none-eabi-gcc "../Core/Src/system_stm32l1xx.c" -mcpu=cortex-m3 -std=gnu11 -g3 -DDEBUG -DUSE_HAL_DRIVER -DSTM32L152xE -c -I../Core/Inc -I../Drivers/STM32L1xx_HAL_Driver/Inc -I../Drivers/STM32L1xx_HAL_Driver/Inc/Legacy -I../Drivers/CMSIS/Device/ST/STM32L1xx/Include -I../Drivers/CMSIS/Include -O0 -ffunction-sections -fdata-sections -Wall -fstack-usage -fcyclomatic-complexity -MMD -MP -MF"Core/Src/system_stm32l1xx.d" -MT"Core/Src/system_stm32l1xx.o" --specs=nano.specs -mfloat-abi=soft -mthumb -o "Core/Src/system_stm32l1xx.o"
arm-none-eabi-gcc "../Core/Src/usart.c" -mcpu=cortex-m3 -std=gnu11 -g3 -DDEBUG -DUSE_HAL_DRIVER -DSTM32L152xE -c -I../Core/Inc -I../Drivers/STM32L1xx_HAL_Driver/Inc -I../Drivers/STM32L1xx_HAL_Driver/Inc/Legacy -I../Drivers/CMSIS/Device/ST/STM32L1xx/Include -I../Drivers/CMSIS/Include -O0 -ffunction-sections -fdata-sections -Wall -fstack-usage -fcyclomatic-complexity -MMD -MP -MF"Core/Src/usart.d" -MT"Core/Src/usart.o" --specs=nano.specs -mfloat-abi=soft -mthumb -o "Core/Src/usart.o"
arm-none-eabi-gcc -o "template.elf" @"objects.list"   -mcpu=cortex-m3 -T"/home/hronoz/Documents/stm32projects/template/STM32L152RETx_CUBE_FLASH.ld" --specs=nosys.specs -Wl,-Map="template.map" -Wl,--gc-sections -static --specs=nano.specs -mfloat-abi=soft -mthumb -Wl,--start-group -lc -lm -Wl,--end-group
Finished building target: template.elf
 
arm-none-eabi-size   template.elf 
arm-none-eabi-objdump -h -S  template.elf  > "template.list"
   text	   data	    bss	    dec	    hex	filename
   4336	     96	   1904	   6336	   18c0	template.elf
Finished building: default.size.stdout
 
Finished building: template.list
 
18:32:59 **** Incremental Build of configuration Debug for project template ****
make -j16 all 
arm-none-eabi-size   template.elf 
   text	   data	    bss	    dec	    hex	filename
   4336	     96	   1904	   6336	   18c0	template.elf
Finished building: default.size.stdout
 
18:33:03 **** Incremental Build of configuration Debug for project template ****
make -j16 all 
arm-none-eabi-size   template.elf 
   text	   data	    bss	    dec	    hex	filename
   4336	     96	   1904	   6336	   18c0	template.elf
Finished building: default.size.stdout
 
18:35:44 **** Incremental Build of configuration Debug for project template ****
make -j16 all 
arm-none-eabi-gcc "../Core/Src/main.c" -mcpu=cortex-m3 -std=gnu11 -g3 -DDEBUG -DUSE_HAL_DRIVER -DSTM32L152xE -c -I../Core/Inc -I../Drivers/STM32L1xx_HAL_Driver/Inc -I../Drivers/STM32L1xx_HAL_Driver/Inc/Legacy -I../Drivers/CMSIS/Device/ST/STM32L1xx/Include -I../Drivers/CMSIS/Include -O0 -ffunction-sections -fdata-sections -Wall -fstack-usage -fcyclomatic-complexity -MMD -MP -MF"Core/Src/main.d" -MT"Core/Src/main.o" --specs=nano.specs -mfloat-abi=soft -mthumb -o "Core/Src/main.o"
../Core/Src/main.c: In function 'configure_RCC':
../Core/Src/main.c:29:17: warning: unused variable 'timeout' [-Wunused-variable]
   29 |   __IO uint32_t timeout = 1000;
      |                 ^~~~~~~
arm-none-eabi-gcc -o "template.elf" @"objects.list"   -mcpu=cortex-m3 -T"/home/hronoz/Documents/stm32projects/template/STM32L152RETx_CUBE_FLASH.ld" --specs=nosys.specs -Wl,-Map="template.map" -Wl,--gc-sections -static --specs=nano.specs -mfloat-abi=soft -mthumb -Wl,--start-group -lc -lm -Wl,--end-group
Finished building target: template.elf
 
arm-none-eabi-size   template.elf 
arm-none-eabi-objdump -h -S  template.elf  > "template.list"
   text	   data	    bss	    dec	    hex	filename
   4324	     96	   1904	   6324	   18b4	template.elf
Finished building: default.size.stdout
 
Finished building: template.list
 
18:35:51 **** Incremental Build of configuration Debug for project template ****
make -j16 all 
arm-none-eabi-size   template.elf 
   text	   data	    bss	    dec	    hex	filename
   4324	     96	   1904	   6324	   18b4	template.elf
Finished building: default.size.stdout
 
18:36:11 **** Incremental Build of configuration Debug for project template ****
make -j16 all 
arm-none-eabi-gcc "../Core/Src/main.c" -mcpu=cortex-m3 -std=gnu11 -g3 -DDEBUG -DUSE_HAL_DRIVER -DSTM32L152xE -c -I../Core/Inc -I../Drivers/STM32L1xx_HAL_Driver/Inc -I../Drivers/STM32L1xx_HAL_Driver/Inc/Legacy -I../Drivers/CMSIS/Device/ST/STM32L1xx/Include -I../Drivers/CMSIS/Include -O0 -ffunction-sections -fdata-sections -Wall -fstack-usage -fcyclomatic-complexity -MMD -MP -MF"Core/Src/main.d" -MT"Core/Src/main.o" --specs=nano.specs -mfloat-abi=soft -mthumb -o "Core/Src/main.o"
../Core/Src/main.c: In function 'configure_RCC':
../Core/Src/main.c:29:17: warning: unused variable 'timeout' [-Wunused-variable]
   29 |   __IO uint32_t timeout = 1000;
      |                 ^~~~~~~
arm-none-eabi-gcc -o "template.elf" @"objects.list"   -mcpu=cortex-m3 -T"/home/hronoz/Documents/stm32projects/template/STM32L152RETx_CUBE_FLASH.ld" --specs=nosys.specs -Wl,-Map="template.map" -Wl,--gc-sections -static --specs=nano.specs -mfloat-abi=soft -mthumb -Wl,--start-group -lc -lm -Wl,--end-group
Finished building target: template.elf
 
arm-none-eabi-size   template.elf 
arm-none-eabi-objdump -h -S  template.elf  > "template.list"
   text	   data	    bss	    dec	    hex	filename
   4324	     96	   1904	   6324	   18b4	template.elf
Finished building: default.size.stdout
 
Finished building: template.list
 
18:37:22 **** Incremental Build of configuration Debug for project template ****
make -j16 all 
arm-none-eabi-gcc "../Core/Src/main.c" -mcpu=cortex-m3 -std=gnu11 -g3 -DDEBUG -DUSE_HAL_DRIVER -DSTM32L152xE -c -I../Core/Inc -I../Drivers/STM32L1xx_HAL_Driver/Inc -I../Drivers/STM32L1xx_HAL_Driver/Inc/Legacy -I../Drivers/CMSIS/Device/ST/STM32L1xx/Include -I../Drivers/CMSIS/Include -O0 -ffunction-sections -fdata-sections -Wall -fstack-usage -fcyclomatic-complexity -MMD -MP -MF"Core/Src/main.d" -MT"Core/Src/main.o" --specs=nano.specs -mfloat-abi=soft -mthumb -o "Core/Src/main.o"
arm-none-eabi-gcc -o "template.elf" @"objects.list"   -mcpu=cortex-m3 -T"/home/hronoz/Documents/stm32projects/template/STM32L152RETx_CUBE_FLASH.ld" --specs=nosys.specs -Wl,-Map="template.map" -Wl,--gc-sections -static --specs=nano.specs -mfloat-abi=soft -mthumb -Wl,--start-group -lc -lm -Wl,--end-group
Finished building target: template.elf
 
arm-none-eabi-size   template.elf 
arm-none-eabi-objdump -h -S  template.elf  > "template.list"
   text	   data	    bss	    dec	    hex	filename
   4316	     96	   1904	   6316	   18ac	template.elf
Finished building: default.size.stdout
 
Finished building: template.list
 
18:49:23 **** Incremental Build of configuration Debug for project template ****
make -j16 all 
arm-none-eabi-gcc "../Core/Src/main.c" -mcpu=cortex-m3 -std=gnu11 -g3 -DDEBUG -DUSE_HAL_DRIVER -DSTM32L152xE -c -I../Core/Inc -I../Drivers/STM32L1xx_HAL_Driver/Inc -I../Drivers/STM32L1xx_HAL_Driver/Inc/Legacy -I../Drivers/CMSIS/Device/ST/STM32L1xx/Include -I../Drivers/CMSIS/Include -O0 -ffunction-sections -fdata-sections -Wall -fstack-usage -fcyclomatic-complexity -MMD -MP -MF"Core/Src/main.d" -MT"Core/Src/main.o" --specs=nano.specs -mfloat-abi=soft -mthumb -o "Core/Src/main.o"
arm-none-eabi-gcc -o "template.elf" @"objects.list"   -mcpu=cortex-m3 -T"/home/hronoz/Documents/stm32projects/template/STM32L152RETx_CUBE_FLASH.ld" --specs=nosys.specs -Wl,-Map="template.map" -Wl,--gc-sections -static --specs=nano.specs -mfloat-abi=soft -mthumb -Wl,--start-group -lc -lm -Wl,--end-group
Finished building target: template.elf
 
arm-none-eabi-size   template.elf 
arm-none-eabi-objdump -h -S  template.elf  > "template.list"
   text	   data	    bss	    dec	    hex	filename
   4352	     96	   1904	   6352	   18d0	template.elf
Finished building: default.size.stdout
 
Finished building: template.list
 
18:51:46 **** Incremental Build of configuration Debug for project template ****
make -j16 all 
arm-none-eabi-gcc "../Core/Src/main.c" -mcpu=cortex-m3 -std=gnu11 -g3 -DDEBUG -DUSE_HAL_DRIVER -DSTM32L152xE -c -I../Core/Inc -I../Drivers/STM32L1xx_HAL_Driver/Inc -I../Drivers/STM32L1xx_HAL_Driver/Inc/Legacy -I../Drivers/CMSIS/Device/ST/STM32L1xx/Include -I../Drivers/CMSIS/Include -O0 -ffunction-sections -fdata-sections -Wall -fstack-usage -fcyclomatic-complexity -MMD -MP -MF"Core/Src/main.d" -MT"Core/Src/main.o" --specs=nano.specs -mfloat-abi=soft -mthumb -o "Core/Src/main.o"
arm-none-eabi-gcc -o "template.elf" @"objects.list"   -mcpu=cortex-m3 -T"/home/hronoz/Documents/stm32projects/template/STM32L152RETx_CUBE_FLASH.ld" --specs=nosys.specs -Wl,-Map="template.map" -Wl,--gc-sections -static --specs=nano.specs -mfloat-abi=soft -mthumb -Wl,--start-group -lc -lm -Wl,--end-group
Finished building target: template.elf
 
arm-none-eabi-size   template.elf 
arm-none-eabi-objdump -h -S  template.elf  > "template.list"
   text	   data	    bss	    dec	    hex	filename
   5652	     96	   1904	   7652	   1de4	template.elf
Finished building: default.size.stdout
 
Finished building: template.list
 
18:59:56 **** Incremental Build of configuration Debug for project template ****
make -j16 all 
arm-none-eabi-gcc "../Core/Src/main.c" -mcpu=cortex-m3 -std=gnu11 -g3 -DDEBUG -DUSE_HAL_DRIVER -DSTM32L152xE -c -I../Core/Inc -I../Drivers/STM32L1xx_HAL_Driver/Inc -I../Drivers/STM32L1xx_HAL_Driver/Inc/Legacy -I../Drivers/CMSIS/Device/ST/STM32L1xx/Include -I../Drivers/CMSIS/Include -O0 -ffunction-sections -fdata-sections -Wall -fstack-usage -fcyclomatic-complexity -MMD -MP -MF"Core/Src/main.d" -MT"Core/Src/main.o" --specs=nano.specs -mfloat-abi=soft -mthumb -o "Core/Src/main.o"
arm-none-eabi-gcc -o "template.elf" @"objects.list"   -mcpu=cortex-m3 -T"/home/hronoz/Documents/stm32projects/template/STM32L152RETx_CUBE_FLASH.ld" --specs=nosys.specs -Wl,-Map="template.map" -Wl,--gc-sections -static --specs=nano.specs -mfloat-abi=soft -mthumb -Wl,--start-group -lc -lm -Wl,--end-group
Finished building target: template.elf
 
arm-none-eabi-size   template.elf 
arm-none-eabi-objdump -h -S  template.elf  > "template.list"
   text	   data	    bss	    dec	    hex	filename
   5664	     96	   1904	   7664	   1df0	template.elf
Finished building: default.size.stdout
 
Finished building: template.list
 
19:06:37 **** Incremental Build of configuration Debug for project template ****
make -j16 all 
arm-none-eabi-gcc "../Core/Src/main.c" -mcpu=cortex-m3 -std=gnu11 -g3 -DDEBUG -DUSE_HAL_DRIVER -DSTM32L152xE -c -I../Core/Inc -I../Drivers/STM32L1xx_HAL_Driver/Inc -I../Drivers/STM32L1xx_HAL_Driver/Inc/Legacy -I../Drivers/CMSIS/Device/ST/STM32L1xx/Include -I../Drivers/CMSIS/Include -O0 -ffunction-sections -fdata-sections -Wall -fstack-usage -fcyclomatic-complexity -MMD -MP -MF"Core/Src/main.d" -MT"Core/Src/main.o" --specs=nano.specs -mfloat-abi=soft -mthumb -o "Core/Src/main.o"
arm-none-eabi-gcc -o "template.elf" @"objects.list"   -mcpu=cortex-m3 -T"/home/hronoz/Documents/stm32projects/template/STM32L152RETx_CUBE_FLASH.ld" --specs=nosys.specs -Wl,-Map="template.map" -Wl,--gc-sections -static --specs=nano.specs -mfloat-abi=soft -mthumb -Wl,--start-group -lc -lm -Wl,--end-group
Finished building target: template.elf
 
arm-none-eabi-size   template.elf 
arm-none-eabi-objdump -h -S  template.elf  > "template.list"
   text	   data	    bss	    dec	    hex	filename
   5664	     96	   1904	   7664	   1df0	template.elf
Finished building: default.size.stdout
 
Finished building: template.list
 
19:15:09 **** Incremental Build of configuration Debug for project template ****
make -j16 all 
arm-none-eabi-gcc "../Core/Src/main.c" -mcpu=cortex-m3 -std=gnu11 -g3 -DDEBUG -DUSE_HAL_DRIVER -DSTM32L152xE -c -I../Core/Inc -I../Drivers/STM32L1xx_HAL_Driver/Inc -I../Drivers/STM32L1xx_HAL_Driver/Inc/Legacy -I../Drivers/CMSIS/Device/ST/STM32L1xx/Include -I../Drivers/CMSIS/Include -O0 -ffunction-sections -fdata-sections -Wall -fstack-usage -fcyclomatic-complexity -MMD -MP -MF"Core/Src/main.d" -MT"Core/Src/main.o" --specs=nano.specs -mfloat-abi=soft -mthumb -o "Core/Src/main.o"
arm-none-eabi-gcc -o "template.elf" @"objects.list"   -mcpu=cortex-m3 -T"/home/hronoz/Documents/stm32projects/template/STM32L152RETx_CUBE_FLASH.ld" --specs=nosys.specs -Wl,-Map="template.map" -Wl,--gc-sections -static --specs=nano.specs -mfloat-abi=soft -mthumb -Wl,--start-group -lc -lm -Wl,--end-group
Finished building target: template.elf
 
arm-none-eabi-size   template.elf 
arm-none-eabi-objdump -h -S  template.elf  > "template.list"
   text	   data	    bss	    dec	    hex	filename
   5716	     96	   1904	   7716	   1e24	template.elf
Finished building: default.size.stdout
 
Finished building: template.list
 
19:16:03 **** Incremental Build of configuration Debug for project template ****
make -j16 all 
arm-none-eabi-gcc "../Core/Src/main.c" -mcpu=cortex-m3 -std=gnu11 -g3 -DDEBUG -DUSE_HAL_DRIVER -DSTM32L152xE -c -I../Core/Inc -I../Drivers/STM32L1xx_HAL_Driver/Inc -I../Drivers/STM32L1xx_HAL_Driver/Inc/Legacy -I../Drivers/CMSIS/Device/ST/STM32L1xx/Include -I../Drivers/CMSIS/Include -O0 -ffunction-sections -fdata-sections -Wall -fstack-usage -fcyclomatic-complexity -MMD -MP -MF"Core/Src/main.d" -MT"Core/Src/main.o" --specs=nano.specs -mfloat-abi=soft -mthumb -o "Core/Src/main.o"
arm-none-eabi-gcc -o "template.elf" @"objects.list"   -mcpu=cortex-m3 -T"/home/hronoz/Documents/stm32projects/template/STM32L152RETx_CUBE_FLASH.ld" --specs=nosys.specs -Wl,-Map="template.map" -Wl,--gc-sections -static --specs=nano.specs -mfloat-abi=soft -mthumb -Wl,--start-group -lc -lm -Wl,--end-group
Finished building target: template.elf
 
arm-none-eabi-size   template.elf 
arm-none-eabi-objdump -h -S  template.elf  > "template.list"
   text	   data	    bss	    dec	    hex	filename
   5716	     96	   1904	   7716	   1e24	template.elf
Finished building: default.size.stdout
 
Finished building: template.list
 
19:18:02 **** Incremental Build of configuration Debug for project template ****
make -j16 all 
arm-none-eabi-gcc "../Core/Src/main.c" -mcpu=cortex-m3 -std=gnu11 -g3 -DDEBUG -DUSE_HAL_DRIVER -DSTM32L152xE -c -I../Core/Inc -I../Drivers/STM32L1xx_HAL_Driver/Inc -I../Drivers/STM32L1xx_HAL_Driver/Inc/Legacy -I../Drivers/CMSIS/Device/ST/STM32L1xx/Include -I../Drivers/CMSIS/Include -O0 -ffunction-sections -fdata-sections -Wall -fstack-usage -fcyclomatic-complexity -MMD -MP -MF"Core/Src/main.d" -MT"Core/Src/main.o" --specs=nano.specs -mfloat-abi=soft -mthumb -o "Core/Src/main.o"
arm-none-eabi-gcc -o "template.elf" @"objects.list"   -mcpu=cortex-m3 -T"/home/hronoz/Documents/stm32projects/template/STM32L152RETx_CUBE_FLASH.ld" --specs=nosys.specs -Wl,-Map="template.map" -Wl,--gc-sections -static --specs=nano.specs -mfloat-abi=soft -mthumb -Wl,--start-group -lc -lm -Wl,--end-group
Finished building target: template.elf
 
arm-none-eabi-size   template.elf 
arm-none-eabi-objdump -h -S  template.elf  > "template.list"
   text	   data	    bss	    dec	    hex	filename
   5728	     96	   1904	   7728	   1e30	template.elf
Finished building: default.size.stdout
 
Finished building: template.list
 
19:19:44 **** Incremental Build of configuration Debug for project template ****
make -j16 all 
arm-none-eabi-gcc "../Core/Src/main.c" -mcpu=cortex-m3 -std=gnu11 -g3 -DDEBUG -DUSE_HAL_DRIVER -DSTM32L152xE -c -I../Core/Inc -I../Drivers/STM32L1xx_HAL_Driver/Inc -I../Drivers/STM32L1xx_HAL_Driver/Inc/Legacy -I../Drivers/CMSIS/Device/ST/STM32L1xx/Include -I../Drivers/CMSIS/Include -O0 -ffunction-sections -fdata-sections -Wall -fstack-usage -fcyclomatic-complexity -MMD -MP -MF"Core/Src/main.d" -MT"Core/Src/main.o" --specs=nano.specs -mfloat-abi=soft -mthumb -o "Core/Src/main.o"
arm-none-eabi-gcc -o "template.elf" @"objects.list"   -mcpu=cortex-m3 -T"/home/hronoz/Documents/stm32projects/template/STM32L152RETx_CUBE_FLASH.ld" --specs=nosys.specs -Wl,-Map="template.map" -Wl,--gc-sections -static --specs=nano.specs -mfloat-abi=soft -mthumb -Wl,--start-group -lc -lm -Wl,--end-group
Finished building target: template.elf
 
arm-none-eabi-size   template.elf 
arm-none-eabi-objdump -h -S  template.elf  > "template.list"
   text	   data	    bss	    dec	    hex	filename
   5728	     96	   1904	   7728	   1e30	template.elf
Finished building: default.size.stdout
 
Finished building: template.list
 
19:20:11 **** Incremental Build of configuration Debug for project template ****
make -j16 all 
arm-none-eabi-size   template.elf 
   text	   data	    bss	    dec	    hex	filename
   5728	     96	   1904	   7728	   1e30	template.elf
Finished building: default.size.stdout
 
19:20:15 **** Incremental Build of configuration Debug for project template ****
make -j16 all 
arm-none-eabi-size   template.elf 
   text	   data	    bss	    dec	    hex	filename
   5728	     96	   1904	   7728	   1e30	template.elf
Finished building: default.size.stdout
 
19:24:05 **** Incremental Build of configuration Debug for project template ****
make -j16 all 
arm-none-eabi-gcc "../Core/Src/main.c" -mcpu=cortex-m3 -std=gnu11 -g3 -DDEBUG -DUSE_HAL_DRIVER -DSTM32L152xE -c -I../Core/Inc -I../Drivers/STM32L1xx_HAL_Driver/Inc -I../Drivers/STM32L1xx_HAL_Driver/Inc/Legacy -I../Drivers/CMSIS/Device/ST/STM32L1xx/Include -I../Drivers/CMSIS/Include -O0 -ffunction-sections -fdata-sections -Wall -fstack-usage -fcyclomatic-complexity -MMD -MP -MF"Core/Src/main.d" -MT"Core/Src/main.o" --specs=nano.specs -mfloat-abi=soft -mthumb -o "Core/Src/main.o"
arm-none-eabi-gcc -o "template.elf" @"objects.list"   -mcpu=cortex-m3 -T"/home/hronoz/Documents/stm32projects/template/STM32L152RETx_CUBE_FLASH.ld" --specs=nosys.specs -Wl,-Map="template.map" -Wl,--gc-sections -static --specs=nano.specs -mfloat-abi=soft -mthumb -Wl,--start-group -lc -lm -Wl,--end-group
Finished building target: template.elf
 
arm-none-eabi-size   template.elf 
arm-none-eabi-objdump -h -S  template.elf  > "template.list"
   text	   data	    bss	    dec	    hex	filename
   5728	     96	   1904	   7728	   1e30	template.elf
Finished building: default.size.stdout
 
Finished building: template.list
 
19:24:36 **** Incremental Build of configuration Debug for project template ****
make -j16 all 
arm-none-eabi-size   template.elf 
   text	   data	    bss	    dec	    hex	filename
   5728	     96	   1904	   7728	   1e30	template.elf
Finished building: default.size.stdout
 
19:27:17 **** Incremental Build of configuration Debug for project template ****
make -j16 all 
arm-none-eabi-gcc "../Core/Src/main.c" -mcpu=cortex-m3 -std=gnu11 -g3 -DDEBUG -DUSE_HAL_DRIVER -DSTM32L152xE -c -I../Core/Inc -I../Drivers/STM32L1xx_HAL_Driver/Inc -I../Drivers/STM32L1xx_HAL_Driver/Inc/Legacy -I../Drivers/CMSIS/Device/ST/STM32L1xx/Include -I../Drivers/CMSIS/Include -O0 -ffunction-sections -fdata-sections -Wall -fstack-usage -fcyclomatic-complexity -MMD -MP -MF"Core/Src/main.d" -MT"Core/Src/main.o" --specs=nano.specs -mfloat-abi=soft -mthumb -o "Core/Src/main.o"
arm-none-eabi-gcc -o "template.elf" @"objects.list"   -mcpu=cortex-m3 -T"/home/hronoz/Documents/stm32projects/template/STM32L152RETx_CUBE_FLASH.ld" --specs=nosys.specs -Wl,-Map="template.map" -Wl,--gc-sections -static --specs=nano.specs -mfloat-abi=soft -mthumb -Wl,--start-group -lc -lm -Wl,--end-group
Finished building target: template.elf
 
arm-none-eabi-size   template.elf 
arm-none-eabi-objdump -h -S  template.elf  > "template.list"
   text	   data	    bss	    dec	    hex	filename
   5716	     96	   1904	   7716	   1e24	template.elf
Finished building: default.size.stdout
 
Finished building: template.list
 
19:30:28 **** Incremental Build of configuration Debug for project template ****
make -j16 all 
arm-none-eabi-gcc "../Core/Src/main.c" -mcpu=cortex-m3 -std=gnu11 -g3 -DDEBUG -DUSE_HAL_DRIVER -DSTM32L152xE -c -I../Core/Inc -I../Drivers/STM32L1xx_HAL_Driver/Inc -I../Drivers/STM32L1xx_HAL_Driver/Inc/Legacy -I../Drivers/CMSIS/Device/ST/STM32L1xx/Include -I../Drivers/CMSIS/Include -O0 -ffunction-sections -fdata-sections -Wall -fstack-usage -fcyclomatic-complexity -MMD -MP -MF"Core/Src/main.d" -MT"Core/Src/main.o" --specs=nano.specs -mfloat-abi=soft -mthumb -o "Core/Src/main.o"
arm-none-eabi-gcc -o "template.elf" @"objects.list"   -mcpu=cortex-m3 -T"/home/hronoz/Documents/stm32projects/template/STM32L152RETx_CUBE_FLASH.ld" --specs=nosys.specs -Wl,-Map="template.map" -Wl,--gc-sections -static --specs=nano.specs -mfloat-abi=soft -mthumb -Wl,--start-group -lc -lm -Wl,--end-group
Finished building target: template.elf
 
arm-none-eabi-size   template.elf 
arm-none-eabi-objdump -h -S  template.elf  > "template.list"
   text	   data	    bss	    dec	    hex	filename
   5728	     96	   1904	   7728	   1e30	template.elf
Finished building: default.size.stdout
 
Finished building: template.list
 
19:46:18 **** Incremental Build of configuration Debug for project template ****
make -j16 all 
arm-none-eabi-gcc "../Core/Src/main.c" -mcpu=cortex-m3 -std=gnu11 -g3 -DDEBUG -DUSE_HAL_DRIVER -DSTM32L152xE -c -I../Core/Inc -I../Drivers/STM32L1xx_HAL_Driver/Inc -I../Drivers/STM32L1xx_HAL_Driver/Inc/Legacy -I../Drivers/CMSIS/Device/ST/STM32L1xx/Include -I../Drivers/CMSIS/Include -O0 -ffunction-sections -fdata-sections -Wall -fstack-usage -fcyclomatic-complexity -MMD -MP -MF"Core/Src/main.d" -MT"Core/Src/main.o" --specs=nano.specs -mfloat-abi=soft -mthumb -o "Core/Src/main.o"
arm-none-eabi-gcc -o "template.elf" @"objects.list"   -mcpu=cortex-m3 -T"/home/hronoz/Documents/stm32projects/template/STM32L152RETx_CUBE_FLASH.ld" --specs=nosys.specs -Wl,-Map="template.map" -Wl,--gc-sections -static --specs=nano.specs -mfloat-abi=soft -mthumb -Wl,--start-group -lc -lm -Wl,--end-group
Finished building target: template.elf
 
arm-none-eabi-size   template.elf 
arm-none-eabi-objdump -h -S  template.elf  > "template.list"
   text	   data	    bss	    dec	    hex	filename
   5740	     96	   1904	   7740	   1e3c	template.elf
Finished building: default.size.stdout
 
Finished building: template.list
 
19:59:21 **** Incremental Build of configuration Debug for project template ****
make -j16 all 
arm-none-eabi-gcc "../Core/Src/main.c" -mcpu=cortex-m3 -std=gnu11 -g3 -DDEBUG -DUSE_HAL_DRIVER -DSTM32L152xE -c -I../Core/Inc -I../Drivers/STM32L1xx_HAL_Driver/Inc -I../Drivers/STM32L1xx_HAL_Driver/Inc/Legacy -I../Drivers/CMSIS/Device/ST/STM32L1xx/Include -I../Drivers/CMSIS/Include -O0 -ffunction-sections -fdata-sections -Wall -fstack-usage -fcyclomatic-complexity -MMD -MP -MF"Core/Src/main.d" -MT"Core/Src/main.o" --specs=nano.specs -mfloat-abi=soft -mthumb -o "Core/Src/main.o"
arm-none-eabi-gcc -o "template.elf" @"objects.list"   -mcpu=cortex-m3 -T"/home/hronoz/Documents/stm32projects/template/STM32L152RETx_CUBE_FLASH.ld" --specs=nosys.specs -Wl,-Map="template.map" -Wl,--gc-sections -static --specs=nano.specs -mfloat-abi=soft -mthumb -Wl,--start-group -lc -lm -Wl,--end-group
Finished building target: template.elf
 
arm-none-eabi-size   template.elf 
arm-none-eabi-objdump -h -S  template.elf  > "template.list"
   text	   data	    bss	    dec	    hex	filename
   5740	     96	   1904	   7740	   1e3c	template.elf
Finished building: default.size.stdout
 
Finished building: template.list
 
19:59:26 **** Incremental Build of configuration Debug for project template ****
make -j16 all 
arm-none-eabi-size   template.elf 
   text	   data	    bss	    dec	    hex	filename
   5740	     96	   1904	   7740	   1e3c	template.elf
Finished building: default.size.stdout
 
20:03:35 **** Incremental Build of configuration Debug for project template ****
make -j16 all 
arm-none-eabi-gcc "../Core/Src/main.c" -mcpu=cortex-m3 -std=gnu11 -g3 -DDEBUG -DUSE_HAL_DRIVER -DSTM32L152xE -c -I../Core/Inc -I../Drivers/STM32L1xx_HAL_Driver/Inc -I../Drivers/STM32L1xx_HAL_Driver/Inc/Legacy -I../Drivers/CMSIS/Device/ST/STM32L1xx/Include -I../Drivers/CMSIS/Include -O0 -ffunction-sections -fdata-sections -Wall -fstack-usage -fcyclomatic-complexity -MMD -MP -MF"Core/Src/main.d" -MT"Core/Src/main.o" --specs=nano.specs -mfloat-abi=soft -mthumb -o "Core/Src/main.o"
arm-none-eabi-gcc -o "template.elf" @"objects.list"   -mcpu=cortex-m3 -T"/home/hronoz/Documents/stm32projects/template/STM32L152RETx_CUBE_FLASH.ld" --specs=nosys.specs -Wl,-Map="template.map" -Wl,--gc-sections -static --specs=nano.specs -mfloat-abi=soft -mthumb -Wl,--start-group -lc -lm -Wl,--end-group
Finished building target: template.elf
 
arm-none-eabi-size   template.elf 
arm-none-eabi-objdump -h -S  template.elf  > "template.list"
   text	   data	    bss	    dec	    hex	filename
   5740	     96	   1904	   7740	   1e3c	template.elf
Finished building: default.size.stdout
 
Finished building: template.list
 
20:04:48 **** Incremental Build of configuration Debug for project template ****
make -j16 all 
arm-none-eabi-gcc "../Core/Src/main.c" -mcpu=cortex-m3 -std=gnu11 -g3 -DDEBUG -DUSE_HAL_DRIVER -DSTM32L152xE -c -I../Core/Inc -I../Drivers/STM32L1xx_HAL_Driver/Inc -I../Drivers/STM32L1xx_HAL_Driver/Inc/Legacy -I../Drivers/CMSIS/Device/ST/STM32L1xx/Include -I../Drivers/CMSIS/Include -O0 -ffunction-sections -fdata-sections -Wall -fstack-usage -fcyclomatic-complexity -MMD -MP -MF"Core/Src/main.d" -MT"Core/Src/main.o" --specs=nano.specs -mfloat-abi=soft -mthumb -o "Core/Src/main.o"
arm-none-eabi-gcc -o "template.elf" @"objects.list"   -mcpu=cortex-m3 -T"/home/hronoz/Documents/stm32projects/template/STM32L152RETx_CUBE_FLASH.ld" --specs=nosys.specs -Wl,-Map="template.map" -Wl,--gc-sections -static --specs=nano.specs -mfloat-abi=soft -mthumb -Wl,--start-group -lc -lm -Wl,--end-group
Finished building target: template.elf
 
arm-none-eabi-size   template.elf 
arm-none-eabi-objdump -h -S  template.elf  > "template.list"
   text	   data	    bss	    dec	    hex	filename
   5740	     96	   1904	   7740	   1e3c	template.elf
Finished building: default.size.stdout
 
Finished building: template.list
 
20:07:27 **** Incremental Build of configuration Debug for project template ****
make -j16 all 
arm-none-eabi-gcc "../Core/Src/main.c" -mcpu=cortex-m3 -std=gnu11 -g3 -DDEBUG -DUSE_HAL_DRIVER -DSTM32L152xE -c -I../Core/Inc -I../Drivers/STM32L1xx_HAL_Driver/Inc -I../Drivers/STM32L1xx_HAL_Driver/Inc/Legacy -I../Drivers/CMSIS/Device/ST/STM32L1xx/Include -I../Drivers/CMSIS/Include -O0 -ffunction-sections -fdata-sections -Wall -fstack-usage -fcyclomatic-complexity -MMD -MP -MF"Core/Src/main.d" -MT"Core/Src/main.o" --specs=nano.specs -mfloat-abi=soft -mthumb -o "Core/Src/main.o"
arm-none-eabi-gcc -o "template.elf" @"objects.list"   -mcpu=cortex-m3 -T"/home/hronoz/Documents/stm32projects/template/STM32L152RETx_CUBE_FLASH.ld" --specs=nosys.specs -Wl,-Map="template.map" -Wl,--gc-sections -static --specs=nano.specs -mfloat-abi=soft -mthumb -Wl,--start-group -lc -lm -Wl,--end-group
Finished building target: template.elf
 
arm-none-eabi-size   template.elf 
arm-none-eabi-objdump -h -S  template.elf  > "template.list"
   text	   data	    bss	    dec	    hex	filename
   5740	     96	   1904	   7740	   1e3c	template.elf
Finished building: default.size.stdout
 
Finished building: template.list
 
20:08:42 **** Incremental Build of configuration Debug for project template ****
make -j16 all 
arm-none-eabi-gcc "../Core/Src/main.c" -mcpu=cortex-m3 -std=gnu11 -g3 -DDEBUG -DUSE_HAL_DRIVER -DSTM32L152xE -c -I../Core/Inc -I../Drivers/STM32L1xx_HAL_Driver/Inc -I../Drivers/STM32L1xx_HAL_Driver/Inc/Legacy -I../Drivers/CMSIS/Device/ST/STM32L1xx/Include -I../Drivers/CMSIS/Include -O0 -ffunction-sections -fdata-sections -Wall -fstack-usage -fcyclomatic-complexity -MMD -MP -MF"Core/Src/main.d" -MT"Core/Src/main.o" --specs=nano.specs -mfloat-abi=soft -mthumb -o "Core/Src/main.o"
arm-none-eabi-gcc -o "template.elf" @"objects.list"   -mcpu=cortex-m3 -T"/home/hronoz/Documents/stm32projects/template/STM32L152RETx_CUBE_FLASH.ld" --specs=nosys.specs -Wl,-Map="template.map" -Wl,--gc-sections -static --specs=nano.specs -mfloat-abi=soft -mthumb -Wl,--start-group -lc -lm -Wl,--end-group
Finished building target: template.elf
 
arm-none-eabi-size   template.elf 
arm-none-eabi-objdump -h -S  template.elf  > "template.list"
   text	   data	    bss	    dec	    hex	filename
   5740	     96	   1904	   7740	   1e3c	template.elf
Finished building: default.size.stdout
 
Finished building: template.list
 
20:11:43 **** Incremental Build of configuration Debug for project template ****
make -j16 all 
arm-none-eabi-gcc "../Core/Src/main.c" -mcpu=cortex-m3 -std=gnu11 -g3 -DDEBUG -DUSE_HAL_DRIVER -DSTM32L152xE -c -I../Core/Inc -I../Drivers/STM32L1xx_HAL_Driver/Inc -I../Drivers/STM32L1xx_HAL_Driver/Inc/Legacy -I../Drivers/CMSIS/Device/ST/STM32L1xx/Include -I../Drivers/CMSIS/Include -O0 -ffunction-sections -fdata-sections -Wall -fstack-usage -fcyclomatic-complexity -MMD -MP -MF"Core/Src/main.d" -MT"Core/Src/main.o" --specs=nano.specs -mfloat-abi=soft -mthumb -o "Core/Src/main.o"
arm-none-eabi-gcc -o "template.elf" @"objects.list"   -mcpu=cortex-m3 -T"/home/hronoz/Documents/stm32projects/template/STM32L152RETx_CUBE_FLASH.ld" --specs=nosys.specs -Wl,-Map="template.map" -Wl,--gc-sections -static --specs=nano.specs -mfloat-abi=soft -mthumb -Wl,--start-group -lc -lm -Wl,--end-group
Finished building target: template.elf
 
arm-none-eabi-size   template.elf 
arm-none-eabi-objdump -h -S  template.elf  > "template.list"
   text	   data	    bss	    dec	    hex	filename
   5752	     96	   1904	   7752	   1e48	template.elf
Finished building: default.size.stdout
 
Finished building: template.list
 
20:12:17 **** Incremental Build of configuration Debug for project template ****
make -j16 all 
arm-none-eabi-gcc "../Core/Src/main.c" -mcpu=cortex-m3 -std=gnu11 -g3 -DDEBUG -DUSE_HAL_DRIVER -DSTM32L152xE -c -I../Core/Inc -I../Drivers/STM32L1xx_HAL_Driver/Inc -I../Drivers/STM32L1xx_HAL_Driver/Inc/Legacy -I../Drivers/CMSIS/Device/ST/STM32L1xx/Include -I../Drivers/CMSIS/Include -O0 -ffunction-sections -fdata-sections -Wall -fstack-usage -fcyclomatic-complexity -MMD -MP -MF"Core/Src/main.d" -MT"Core/Src/main.o" --specs=nano.specs -mfloat-abi=soft -mthumb -o "Core/Src/main.o"
arm-none-eabi-gcc -o "template.elf" @"objects.list"   -mcpu=cortex-m3 -T"/home/hronoz/Documents/stm32projects/template/STM32L152RETx_CUBE_FLASH.ld" --specs=nosys.specs -Wl,-Map="template.map" -Wl,--gc-sections -static --specs=nano.specs -mfloat-abi=soft -mthumb -Wl,--start-group -lc -lm -Wl,--end-group
Finished building target: template.elf
 
arm-none-eabi-size   template.elf 
arm-none-eabi-objdump -h -S  template.elf  > "template.list"
   text	   data	    bss	    dec	    hex	filename
   5724	     96	   1904	   7724	   1e2c	template.elf
Finished building: default.size.stdout
 
Finished building: template.list
 
20:15:03 **** Incremental Build of configuration Debug for project template ****
make -j16 all 
arm-none-eabi-gcc "../Core/Src/main.c" -mcpu=cortex-m3 -std=gnu11 -g3 -DDEBUG -DUSE_HAL_DRIVER -DSTM32L152xE -c -I../Core/Inc -I../Drivers/STM32L1xx_HAL_Driver/Inc -I../Drivers/STM32L1xx_HAL_Driver/Inc/Legacy -I../Drivers/CMSIS/Device/ST/STM32L1xx/Include -I../Drivers/CMSIS/Include -O0 -ffunction-sections -fdata-sections -Wall -fstack-usage -fcyclomatic-complexity -MMD -MP -MF"Core/Src/main.d" -MT"Core/Src/main.o" --specs=nano.specs -mfloat-abi=soft -mthumb -o "Core/Src/main.o"
arm-none-eabi-gcc -o "template.elf" @"objects.list"   -mcpu=cortex-m3 -T"/home/hronoz/Documents/stm32projects/template/STM32L152RETx_CUBE_FLASH.ld" --specs=nosys.specs -Wl,-Map="template.map" -Wl,--gc-sections -static --specs=nano.specs -mfloat-abi=soft -mthumb -Wl,--start-group -lc -lm -Wl,--end-group
Finished building target: template.elf
 
arm-none-eabi-size   template.elf 
arm-none-eabi-objdump -h -S  template.elf  > "template.list"
   text	   data	    bss	    dec	    hex	filename
   5628	     96	   1904	   7628	   1dcc	template.elf
Finished building: default.size.stdout
 
Finished building: template.list
 
20:18:09 **** Incremental Build of configuration Debug for project template ****
make -j16 all 
arm-none-eabi-gcc "../Core/Src/main.c" -mcpu=cortex-m3 -std=gnu11 -g3 -DDEBUG -DUSE_HAL_DRIVER -DSTM32L152xE -c -I../Core/Inc -I../Drivers/STM32L1xx_HAL_Driver/Inc -I../Drivers/STM32L1xx_HAL_Driver/Inc/Legacy -I../Drivers/CMSIS/Device/ST/STM32L1xx/Include -I../Drivers/CMSIS/Include -O0 -ffunction-sections -fdata-sections -Wall -fstack-usage -fcyclomatic-complexity -MMD -MP -MF"Core/Src/main.d" -MT"Core/Src/main.o" --specs=nano.specs -mfloat-abi=soft -mthumb -o "Core/Src/main.o"
arm-none-eabi-gcc -o "template.elf" @"objects.list"   -mcpu=cortex-m3 -T"/home/hronoz/Documents/stm32projects/template/STM32L152RETx_CUBE_FLASH.ld" --specs=nosys.specs -Wl,-Map="template.map" -Wl,--gc-sections -static --specs=nano.specs -mfloat-abi=soft -mthumb -Wl,--start-group -lc -lm -Wl,--end-group
Finished building target: template.elf
 
arm-none-eabi-size   template.elf 
arm-none-eabi-objdump -h -S  template.elf  > "template.list"
   text	   data	    bss	    dec	    hex	filename
   5724	     96	   1904	   7724	   1e2c	template.elf
Finished building: default.size.stdout
 
Finished building: template.list
 
20:18:37 **** Incremental Build of configuration Debug for project template ****
make -j16 all 
arm-none-eabi-gcc "../Core/Src/main.c" -mcpu=cortex-m3 -std=gnu11 -g3 -DDEBUG -DUSE_HAL_DRIVER -DSTM32L152xE -c -I../Core/Inc -I../Drivers/STM32L1xx_HAL_Driver/Inc -I../Drivers/STM32L1xx_HAL_Driver/Inc/Legacy -I../Drivers/CMSIS/Device/ST/STM32L1xx/Include -I../Drivers/CMSIS/Include -O0 -ffunction-sections -fdata-sections -Wall -fstack-usage -fcyclomatic-complexity -MMD -MP -MF"Core/Src/main.d" -MT"Core/Src/main.o" --specs=nano.specs -mfloat-abi=soft -mthumb -o "Core/Src/main.o"
arm-none-eabi-gcc -o "template.elf" @"objects.list"   -mcpu=cortex-m3 -T"/home/hronoz/Documents/stm32projects/template/STM32L152RETx_CUBE_FLASH.ld" --specs=nosys.specs -Wl,-Map="template.map" -Wl,--gc-sections -static --specs=nano.specs -mfloat-abi=soft -mthumb -Wl,--start-group -lc -lm -Wl,--end-group
Finished building target: template.elf
 
arm-none-eabi-size   template.elf 
arm-none-eabi-objdump -h -S  template.elf  > "template.list"
   text	   data	    bss	    dec	    hex	filename
   5724	     96	   1904	   7724	   1e2c	template.elf
Finished building: default.size.stdout
 
Finished building: template.list
 
20:36:52 **** Incremental Build of configuration Debug for project template ****
make -j16 all 
arm-none-eabi-gcc "../Core/Src/main.c" -mcpu=cortex-m3 -std=gnu11 -g3 -DDEBUG -DUSE_HAL_DRIVER -DSTM32L152xE -c -I../Core/Inc -I../Drivers/STM32L1xx_HAL_Driver/Inc -I../Drivers/STM32L1xx_HAL_Driver/Inc/Legacy -I../Drivers/CMSIS/Device/ST/STM32L1xx/Include -I../Drivers/CMSIS/Include -O0 -ffunction-sections -fdata-sections -Wall -fstack-usage -fcyclomatic-complexity -MMD -MP -MF"Core/Src/main.d" -MT"Core/Src/main.o" --specs=nano.specs -mfloat-abi=soft -mthumb -o "Core/Src/main.o"
arm-none-eabi-gcc -o "template.elf" @"objects.list"   -mcpu=cortex-m3 -T"/home/hronoz/Documents/stm32projects/template/STM32L152RETx_CUBE_FLASH.ld" --specs=nosys.specs -Wl,-Map="template.map" -Wl,--gc-sections -static --specs=nano.specs -mfloat-abi=soft -mthumb -Wl,--start-group -lc -lm -Wl,--end-group
Finished building target: template.elf
 
arm-none-eabi-size   template.elf 
arm-none-eabi-objdump -h -S  template.elf  > "template.list"
   text	   data	    bss	    dec	    hex	filename
   5784	     96	   1904	   7784	   1e68	template.elf
Finished building: default.size.stdout
 
Finished building: template.list
 
20:37:21 **** Incremental Build of configuration Debug for project template ****
make -j16 all 
arm-none-eabi-size   template.elf 
   text	   data	    bss	    dec	    hex	filename
   5784	     96	   1904	   7784	   1e68	template.elf
Finished building: default.size.stdout
 
20:39:32 **** Incremental Build of configuration Debug for project template ****
make -j16 all 
arm-none-eabi-gcc "../Core/Src/main.c" -mcpu=cortex-m3 -std=gnu11 -g3 -DDEBUG -DUSE_HAL_DRIVER -DSTM32L152xE -c -I../Core/Inc -I../Drivers/STM32L1xx_HAL_Driver/Inc -I../Drivers/STM32L1xx_HAL_Driver/Inc/Legacy -I../Drivers/CMSIS/Device/ST/STM32L1xx/Include -I../Drivers/CMSIS/Include -O0 -ffunction-sections -fdata-sections -Wall -fstack-usage -fcyclomatic-complexity -MMD -MP -MF"Core/Src/main.d" -MT"Core/Src/main.o" --specs=nano.specs -mfloat-abi=soft -mthumb -o "Core/Src/main.o"
arm-none-eabi-gcc -o "template.elf" @"objects.list"   -mcpu=cortex-m3 -T"/home/hronoz/Documents/stm32projects/template/STM32L152RETx_CUBE_FLASH.ld" --specs=nosys.specs -Wl,-Map="template.map" -Wl,--gc-sections -static --specs=nano.specs -mfloat-abi=soft -mthumb -Wl,--start-group -lc -lm -Wl,--end-group
Finished building target: template.elf
 
arm-none-eabi-size   template.elf 
arm-none-eabi-objdump -h -S  template.elf  > "template.list"
   text	   data	    bss	    dec	    hex	filename
   5800	     96	   1904	   7800	   1e78	template.elf
Finished building: default.size.stdout
 
Finished building: template.list
 
20:39:47 **** Incremental Build of configuration Debug for project template ****
make -j16 all 
arm-none-eabi-size   template.elf 
   text	   data	    bss	    dec	    hex	filename
   5800	     96	   1904	   7800	   1e78	template.elf
Finished building: default.size.stdout
 
20:40:11 **** Incremental Build of configuration Debug for project template ****
make -j16 all 
arm-none-eabi-size   template.elf 
   text	   data	    bss	    dec	    hex	filename
   5800	     96	   1904	   7800	   1e78	template.elf
Finished building: default.size.stdout
 
20:40:37 **** Incremental Build of configuration Debug for project template ****
make -j16 all 
arm-none-eabi-size   template.elf 
   text	   data	    bss	    dec	    hex	filename
   5800	     96	   1904	   7800	   1e78	template.elf
Finished building: default.size.stdout
 
20:41:25 **** Incremental Build of configuration Debug for project template ****
make -j16 all 
arm-none-eabi-gcc "../Core/Src/main.c" -mcpu=cortex-m3 -std=gnu11 -g3 -DDEBUG -DUSE_HAL_DRIVER -DSTM32L152xE -c -I../Core/Inc -I../Drivers/STM32L1xx_HAL_Driver/Inc -I../Drivers/STM32L1xx_HAL_Driver/Inc/Legacy -I../Drivers/CMSIS/Device/ST/STM32L1xx/Include -I../Drivers/CMSIS/Include -O0 -ffunction-sections -fdata-sections -Wall -fstack-usage -fcyclomatic-complexity -MMD -MP -MF"Core/Src/main.d" -MT"Core/Src/main.o" --specs=nano.specs -mfloat-abi=soft -mthumb -o "Core/Src/main.o"
arm-none-eabi-gcc -o "template.elf" @"objects.list"   -mcpu=cortex-m3 -T"/home/hronoz/Documents/stm32projects/template/STM32L152RETx_CUBE_FLASH.ld" --specs=nosys.specs -Wl,-Map="template.map" -Wl,--gc-sections -static --specs=nano.specs -mfloat-abi=soft -mthumb -Wl,--start-group -lc -lm -Wl,--end-group
Finished building target: template.elf
 
arm-none-eabi-size   template.elf 
arm-none-eabi-objdump -h -S  template.elf  > "template.list"
   text	   data	    bss	    dec	    hex	filename
   5712	     96	   1904	   7712	   1e20	template.elf
Finished building: default.size.stdout
 
Finished building: template.list
 
20:42:46 **** Incremental Build of configuration Debug for project template ****
make -j16 all 
arm-none-eabi-gcc "../Core/Src/main.c" -mcpu=cortex-m3 -std=gnu11 -g3 -DDEBUG -DUSE_HAL_DRIVER -DSTM32L152xE -c -I../Core/Inc -I../Drivers/STM32L1xx_HAL_Driver/Inc -I../Drivers/STM32L1xx_HAL_Driver/Inc/Legacy -I../Drivers/CMSIS/Device/ST/STM32L1xx/Include -I../Drivers/CMSIS/Include -O0 -ffunction-sections -fdata-sections -Wall -fstack-usage -fcyclomatic-complexity -MMD -MP -MF"Core/Src/main.d" -MT"Core/Src/main.o" --specs=nano.specs -mfloat-abi=soft -mthumb -o "Core/Src/main.o"
arm-none-eabi-gcc -o "template.elf" @"objects.list"   -mcpu=cortex-m3 -T"/home/hronoz/Documents/stm32projects/template/STM32L152RETx_CUBE_FLASH.ld" --specs=nosys.specs -Wl,-Map="template.map" -Wl,--gc-sections -static --specs=nano.specs -mfloat-abi=soft -mthumb -Wl,--start-group -lc -lm -Wl,--end-group
Finished building target: template.elf
 
arm-none-eabi-size   template.elf 
arm-none-eabi-objdump -h -S  template.elf  > "template.list"
   text	   data	    bss	    dec	    hex	filename
   5712	     96	   1904	   7712	   1e20	template.elf
Finished building: default.size.stdout
 
Finished building: template.list
 
20:57:02 **** Incremental Build of configuration Debug for project template ****
make -j16 all 
arm-none-eabi-gcc "../Core/Src/main.c" -mcpu=cortex-m3 -std=gnu11 -g3 -DDEBUG -DUSE_HAL_DRIVER -DSTM32L152xE -c -I../Core/Inc -I../Drivers/STM32L1xx_HAL_Driver/Inc -I../Drivers/STM32L1xx_HAL_Driver/Inc/Legacy -I../Drivers/CMSIS/Device/ST/STM32L1xx/Include -I../Drivers/CMSIS/Include -O0 -ffunction-sections -fdata-sections -Wall -fstack-usage -fcyclomatic-complexity -MMD -MP -MF"Core/Src/main.d" -MT"Core/Src/main.o" --specs=nano.specs -mfloat-abi=soft -mthumb -o "Core/Src/main.o"
arm-none-eabi-gcc -o "template.elf" @"objects.list"   -mcpu=cortex-m3 -T"/home/hronoz/Documents/stm32projects/template/STM32L152RETx_CUBE_FLASH.ld" --specs=nosys.specs -Wl,-Map="template.map" -Wl,--gc-sections -static --specs=nano.specs -mfloat-abi=soft -mthumb -Wl,--start-group -lc -lm -Wl,--end-group
Finished building target: template.elf
 
arm-none-eabi-size   template.elf 
arm-none-eabi-objdump -h -S  template.elf  > "template.list"
   text	   data	    bss	    dec	    hex	filename
   5740	     96	   1904	   7740	   1e3c	template.elf
Finished building: default.size.stdout
 
Finished building: template.list
 
20:58:31 **** Incremental Build of configuration Debug for project template ****
make -j16 all 
arm-none-eabi-gcc "../Core/Src/main.c" -mcpu=cortex-m3 -std=gnu11 -g3 -DDEBUG -DUSE_HAL_DRIVER -DSTM32L152xE -c -I../Core/Inc -I../Drivers/STM32L1xx_HAL_Driver/Inc -I../Drivers/STM32L1xx_HAL_Driver/Inc/Legacy -I../Drivers/CMSIS/Device/ST/STM32L1xx/Include -I../Drivers/CMSIS/Include -O0 -ffunction-sections -fdata-sections -Wall -fstack-usage -fcyclomatic-complexity -MMD -MP -MF"Core/Src/main.d" -MT"Core/Src/main.o" --specs=nano.specs -mfloat-abi=soft -mthumb -o "Core/Src/main.o"
arm-none-eabi-gcc -o "template.elf" @"objects.list"   -mcpu=cortex-m3 -T"/home/hronoz/Documents/stm32projects/template/STM32L152RETx_CUBE_FLASH.ld" --specs=nosys.specs -Wl,-Map="template.map" -Wl,--gc-sections -static --specs=nano.specs -mfloat-abi=soft -mthumb -Wl,--start-group -lc -lm -Wl,--end-group
Finished building target: template.elf
 
arm-none-eabi-size   template.elf 
arm-none-eabi-objdump -h -S  template.elf  > "template.list"
   text	   data	    bss	    dec	    hex	filename
   5740	     96	   1904	   7740	   1e3c	template.elf
Finished building: default.size.stdout
 
Finished building: template.list
 
20:58:47 **** Incremental Build of configuration Debug for project template ****
make -j16 all 
arm-none-eabi-size   template.elf 
   text	   data	    bss	    dec	    hex	filename
   5740	     96	   1904	   7740	   1e3c	template.elf
Finished building: default.size.stdout
 
21:00:15 **** Incremental Build of configuration Debug for project template ****
make -j16 all 
arm-none-eabi-gcc "../Core/Src/main.c" -mcpu=cortex-m3 -std=gnu11 -g3 -DDEBUG -DUSE_HAL_DRIVER -DSTM32L152xE -c -I../Core/Inc -I../Drivers/STM32L1xx_HAL_Driver/Inc -I../Drivers/STM32L1xx_HAL_Driver/Inc/Legacy -I../Drivers/CMSIS/Device/ST/STM32L1xx/Include -I../Drivers/CMSIS/Include -O0 -ffunction-sections -fdata-sections -Wall -fstack-usage -fcyclomatic-complexity -MMD -MP -MF"Core/Src/main.d" -MT"Core/Src/main.o" --specs=nano.specs -mfloat-abi=soft -mthumb -o "Core/Src/main.o"
arm-none-eabi-gcc -o "template.elf" @"objects.list"   -mcpu=cortex-m3 -T"/home/hronoz/Documents/stm32projects/template/STM32L152RETx_CUBE_FLASH.ld" --specs=nosys.specs -Wl,-Map="template.map" -Wl,--gc-sections -static --specs=nano.specs -mfloat-abi=soft -mthumb -Wl,--start-group -lc -lm -Wl,--end-group
Finished building target: template.elf
 
arm-none-eabi-size   template.elf 
arm-none-eabi-objdump -h -S  template.elf  > "template.list"
   text	   data	    bss	    dec	    hex	filename
   5740	     96	   1904	   7740	   1e3c	template.elf
Finished building: default.size.stdout
 
Finished building: template.list
 
21:01:11 **** Incremental Build of configuration Debug for project template ****
make -j16 all 
arm-none-eabi-gcc "../Core/Src/main.c" -mcpu=cortex-m3 -std=gnu11 -g3 -DDEBUG -DUSE_HAL_DRIVER -DSTM32L152xE -c -I../Core/Inc -I../Drivers/STM32L1xx_HAL_Driver/Inc -I../Drivers/STM32L1xx_HAL_Driver/Inc/Legacy -I../Drivers/CMSIS/Device/ST/STM32L1xx/Include -I../Drivers/CMSIS/Include -O0 -ffunction-sections -fdata-sections -Wall -fstack-usage -fcyclomatic-complexity -MMD -MP -MF"Core/Src/main.d" -MT"Core/Src/main.o" --specs=nano.specs -mfloat-abi=soft -mthumb -o "Core/Src/main.o"
arm-none-eabi-gcc -o "template.elf" @"objects.list"   -mcpu=cortex-m3 -T"/home/hronoz/Documents/stm32projects/template/STM32L152RETx_CUBE_FLASH.ld" --specs=nosys.specs -Wl,-Map="template.map" -Wl,--gc-sections -static --specs=nano.specs -mfloat-abi=soft -mthumb -Wl,--start-group -lc -lm -Wl,--end-group
Finished building target: template.elf
 
arm-none-eabi-size   template.elf 
arm-none-eabi-objdump -h -S  template.elf  > "template.list"
   text	   data	    bss	    dec	    hex	filename
   5740	     96	   1904	   7740	   1e3c	template.elf
Finished building: default.size.stdout
 
Finished building: template.list
 
21:01:46 **** Incremental Build of configuration Debug for project template ****
make -j16 all 
arm-none-eabi-gcc "../Core/Src/main.c" -mcpu=cortex-m3 -std=gnu11 -g3 -DDEBUG -DUSE_HAL_DRIVER -DSTM32L152xE -c -I../Core/Inc -I../Drivers/STM32L1xx_HAL_Driver/Inc -I../Drivers/STM32L1xx_HAL_Driver/Inc/Legacy -I../Drivers/CMSIS/Device/ST/STM32L1xx/Include -I../Drivers/CMSIS/Include -O0 -ffunction-sections -fdata-sections -Wall -fstack-usage -fcyclomatic-complexity -MMD -MP -MF"Core/Src/main.d" -MT"Core/Src/main.o" --specs=nano.specs -mfloat-abi=soft -mthumb -o "Core/Src/main.o"
arm-none-eabi-gcc -o "template.elf" @"objects.list"   -mcpu=cortex-m3 -T"/home/hronoz/Documents/stm32projects/template/STM32L152RETx_CUBE_FLASH.ld" --specs=nosys.specs -Wl,-Map="template.map" -Wl,--gc-sections -static --specs=nano.specs -mfloat-abi=soft -mthumb -Wl,--start-group -lc -lm -Wl,--end-group
Finished building target: template.elf
 
arm-none-eabi-size   template.elf 
arm-none-eabi-objdump -h -S  template.elf  > "template.list"
   text	   data	    bss	    dec	    hex	filename
   5740	     96	   1904	   7740	   1e3c	template.elf
Finished building: default.size.stdout
 
Finished building: template.list
 
21:02:48 **** Incremental Build of configuration Debug for project template ****
make -j16 all 
arm-none-eabi-size   template.elf 
   text	   data	    bss	    dec	    hex	filename
   5740	     96	   1904	   7740	   1e3c	template.elf
Finished building: default.size.stdout
 
21:04:21 **** Incremental Build of configuration Debug for project template ****
make -j16 all 
arm-none-eabi-gcc "../Core/Src/main.c" -mcpu=cortex-m3 -std=gnu11 -g3 -DDEBUG -DUSE_HAL_DRIVER -DSTM32L152xE -c -I../Core/Inc -I../Drivers/STM32L1xx_HAL_Driver/Inc -I../Drivers/STM32L1xx_HAL_Driver/Inc/Legacy -I../Drivers/CMSIS/Device/ST/STM32L1xx/Include -I../Drivers/CMSIS/Include -O0 -ffunction-sections -fdata-sections -Wall -fstack-usage -fcyclomatic-complexity -MMD -MP -MF"Core/Src/main.d" -MT"Core/Src/main.o" --specs=nano.specs -mfloat-abi=soft -mthumb -o "Core/Src/main.o"
arm-none-eabi-gcc -o "template.elf" @"objects.list"   -mcpu=cortex-m3 -T"/home/hronoz/Documents/stm32projects/template/STM32L152RETx_CUBE_FLASH.ld" --specs=nosys.specs -Wl,-Map="template.map" -Wl,--gc-sections -static --specs=nano.specs -mfloat-abi=soft -mthumb -Wl,--start-group -lc -lm -Wl,--end-group
Finished building target: template.elf
 
arm-none-eabi-size   template.elf 
arm-none-eabi-objdump -h -S  template.elf  > "template.list"
   text	   data	    bss	    dec	    hex	filename
   5652	     96	   1904	   7652	   1de4	template.elf
Finished building: default.size.stdout
 
Finished building: template.list
 
21:05:59 **** Incremental Build of configuration Debug for project template ****
make -j16 all 
arm-none-eabi-gcc "../Core/Src/main.c" -mcpu=cortex-m3 -std=gnu11 -g3 -DDEBUG -DUSE_HAL_DRIVER -DSTM32L152xE -c -I../Core/Inc -I../Drivers/STM32L1xx_HAL_Driver/Inc -I../Drivers/STM32L1xx_HAL_Driver/Inc/Legacy -I../Drivers/CMSIS/Device/ST/STM32L1xx/Include -I../Drivers/CMSIS/Include -O0 -ffunction-sections -fdata-sections -Wall -fstack-usage -fcyclomatic-complexity -MMD -MP -MF"Core/Src/main.d" -MT"Core/Src/main.o" --specs=nano.specs -mfloat-abi=soft -mthumb -o "Core/Src/main.o"
arm-none-eabi-gcc -o "template.elf" @"objects.list"   -mcpu=cortex-m3 -T"/home/hronoz/Documents/stm32projects/template/STM32L152RETx_CUBE_FLASH.ld" --specs=nosys.specs -Wl,-Map="template.map" -Wl,--gc-sections -static --specs=nano.specs -mfloat-abi=soft -mthumb -Wl,--start-group -lc -lm -Wl,--end-group
Finished building target: template.elf
 
arm-none-eabi-size   template.elf 
arm-none-eabi-objdump -h -S  template.elf  > "template.list"
   text	   data	    bss	    dec	    hex	filename
   5652	     96	   1904	   7652	   1de4	template.elf
Finished building: default.size.stdout
 
Finished building: template.list
 
21:06:46 **** Incremental Build of configuration Debug for project template ****
make -j16 all 
arm-none-eabi-size   template.elf 
   text	   data	    bss	    dec	    hex	filename
   5652	     96	   1904	   7652	   1de4	template.elf
Finished building: default.size.stdout
 
21:07:09 **** Incremental Build of configuration Debug for project template ****
make -j16 all 
arm-none-eabi-gcc "../Core/Src/main.c" -mcpu=cortex-m3 -std=gnu11 -g3 -DDEBUG -DUSE_HAL_DRIVER -DSTM32L152xE -c -I../Core/Inc -I../Drivers/STM32L1xx_HAL_Driver/Inc -I../Drivers/STM32L1xx_HAL_Driver/Inc/Legacy -I../Drivers/CMSIS/Device/ST/STM32L1xx/Include -I../Drivers/CMSIS/Include -O0 -ffunction-sections -fdata-sections -Wall -fstack-usage -fcyclomatic-complexity -MMD -MP -MF"Core/Src/main.d" -MT"Core/Src/main.o" --specs=nano.specs -mfloat-abi=soft -mthumb -o "Core/Src/main.o"
arm-none-eabi-gcc -o "template.elf" @"objects.list"   -mcpu=cortex-m3 -T"/home/hronoz/Documents/stm32projects/template/STM32L152RETx_CUBE_FLASH.ld" --specs=nosys.specs -Wl,-Map="template.map" -Wl,--gc-sections -static --specs=nano.specs -mfloat-abi=soft -mthumb -Wl,--start-group -lc -lm -Wl,--end-group
Finished building target: template.elf
 
arm-none-eabi-size   template.elf 
arm-none-eabi-objdump -h -S  template.elf  > "template.list"
   text	   data	    bss	    dec	    hex	filename
   5652	     96	   1904	   7652	   1de4	template.elf
Finished building: default.size.stdout
 
Finished building: template.list
 
21:08:35 **** Incremental Build of configuration Debug for project template ****
make -j16 all 
arm-none-eabi-gcc "../Core/Src/main.c" -mcpu=cortex-m3 -std=gnu11 -g3 -DDEBUG -DUSE_HAL_DRIVER -DSTM32L152xE -c -I../Core/Inc -I../Drivers/STM32L1xx_HAL_Driver/Inc -I../Drivers/STM32L1xx_HAL_Driver/Inc/Legacy -I../Drivers/CMSIS/Device/ST/STM32L1xx/Include -I../Drivers/CMSIS/Include -O0 -ffunction-sections -fdata-sections -Wall -fstack-usage -fcyclomatic-complexity -MMD -MP -MF"Core/Src/main.d" -MT"Core/Src/main.o" --specs=nano.specs -mfloat-abi=soft -mthumb -o "Core/Src/main.o"
arm-none-eabi-gcc -o "template.elf" @"objects.list"   -mcpu=cortex-m3 -T"/home/hronoz/Documents/stm32projects/template/STM32L152RETx_CUBE_FLASH.ld" --specs=nosys.specs -Wl,-Map="template.map" -Wl,--gc-sections -static --specs=nano.specs -mfloat-abi=soft -mthumb -Wl,--start-group -lc -lm -Wl,--end-group
Finished building target: template.elf
 
arm-none-eabi-size   template.elf 
arm-none-eabi-objdump -h -S  template.elf  > "template.list"
   text	   data	    bss	    dec	    hex	filename
   5664	     96	   1904	   7664	   1df0	template.elf
Finished building: default.size.stdout
 
Finished building: template.list
 
21:09:03 **** Incremental Build of configuration Debug for project template ****
make -j16 all 
arm-none-eabi-gcc "../Core/Src/main.c" -mcpu=cortex-m3 -std=gnu11 -g3 -DDEBUG -DUSE_HAL_DRIVER -DSTM32L152xE -c -I../Core/Inc -I../Drivers/STM32L1xx_HAL_Driver/Inc -I../Drivers/STM32L1xx_HAL_Driver/Inc/Legacy -I../Drivers/CMSIS/Device/ST/STM32L1xx/Include -I../Drivers/CMSIS/Include -O0 -ffunction-sections -fdata-sections -Wall -fstack-usage -fcyclomatic-complexity -MMD -MP -MF"Core/Src/main.d" -MT"Core/Src/main.o" --specs=nano.specs -mfloat-abi=soft -mthumb -o "Core/Src/main.o"
arm-none-eabi-gcc -o "template.elf" @"objects.list"   -mcpu=cortex-m3 -T"/home/hronoz/Documents/stm32projects/template/STM32L152RETx_CUBE_FLASH.ld" --specs=nosys.specs -Wl,-Map="template.map" -Wl,--gc-sections -static --specs=nano.specs -mfloat-abi=soft -mthumb -Wl,--start-group -lc -lm -Wl,--end-group
Finished building target: template.elf
 
arm-none-eabi-size   template.elf 
arm-none-eabi-objdump -h -S  template.elf  > "template.list"
   text	   data	    bss	    dec	    hex	filename
   5692	     96	   1904	   7692	   1e0c	template.elf
Finished building: default.size.stdout
 
Finished building: template.list
 
21:09:26 **** Incremental Build of configuration Debug for project template ****
make -j16 all 
arm-none-eabi-gcc "../Core/Src/main.c" -mcpu=cortex-m3 -std=gnu11 -g3 -DDEBUG -DUSE_HAL_DRIVER -DSTM32L152xE -c -I../Core/Inc -I../Drivers/STM32L1xx_HAL_Driver/Inc -I../Drivers/STM32L1xx_HAL_Driver/Inc/Legacy -I../Drivers/CMSIS/Device/ST/STM32L1xx/Include -I../Drivers/CMSIS/Include -O0 -ffunction-sections -fdata-sections -Wall -fstack-usage -fcyclomatic-complexity -MMD -MP -MF"Core/Src/main.d" -MT"Core/Src/main.o" --specs=nano.specs -mfloat-abi=soft -mthumb -o "Core/Src/main.o"
arm-none-eabi-gcc -o "template.elf" @"objects.list"   -mcpu=cortex-m3 -T"/home/hronoz/Documents/stm32projects/template/STM32L152RETx_CUBE_FLASH.ld" --specs=nosys.specs -Wl,-Map="template.map" -Wl,--gc-sections -static --specs=nano.specs -mfloat-abi=soft -mthumb -Wl,--start-group -lc -lm -Wl,--end-group
Finished building target: template.elf
 
arm-none-eabi-size   template.elf 
arm-none-eabi-objdump -h -S  template.elf  > "template.list"
   text	   data	    bss	    dec	    hex	filename
   5680	     96	   1904	   7680	   1e00	template.elf
Finished building: default.size.stdout
 
Finished building: template.list
 
21:09:58 **** Incremental Build of configuration Debug for project template ****
make -j16 all 
arm-none-eabi-gcc "../Core/Src/main.c" -mcpu=cortex-m3 -std=gnu11 -g3 -DDEBUG -DUSE_HAL_DRIVER -DSTM32L152xE -c -I../Core/Inc -I../Drivers/STM32L1xx_HAL_Driver/Inc -I../Drivers/STM32L1xx_HAL_Driver/Inc/Legacy -I../Drivers/CMSIS/Device/ST/STM32L1xx/Include -I../Drivers/CMSIS/Include -O0 -ffunction-sections -fdata-sections -Wall -fstack-usage -fcyclomatic-complexity -MMD -MP -MF"Core/Src/main.d" -MT"Core/Src/main.o" --specs=nano.specs -mfloat-abi=soft -mthumb -o "Core/Src/main.o"
arm-none-eabi-gcc -o "template.elf" @"objects.list"   -mcpu=cortex-m3 -T"/home/hronoz/Documents/stm32projects/template/STM32L152RETx_CUBE_FLASH.ld" --specs=nosys.specs -Wl,-Map="template.map" -Wl,--gc-sections -static --specs=nano.specs -mfloat-abi=soft -mthumb -Wl,--start-group -lc -lm -Wl,--end-group
Finished building target: template.elf
 
arm-none-eabi-size   template.elf 
arm-none-eabi-objdump -h -S  template.elf  > "template.list"
   text	   data	    bss	    dec	    hex	filename
   5680	     96	   1904	   7680	   1e00	template.elf
Finished building: default.size.stdout
 
Finished building: template.list
 
21:10:23 **** Incremental Build of configuration Debug for project template ****
make -j16 all 
arm-none-eabi-gcc "../Core/Src/main.c" -mcpu=cortex-m3 -std=gnu11 -g3 -DDEBUG -DUSE_HAL_DRIVER -DSTM32L152xE -c -I../Core/Inc -I../Drivers/STM32L1xx_HAL_Driver/Inc -I../Drivers/STM32L1xx_HAL_Driver/Inc/Legacy -I../Drivers/CMSIS/Device/ST/STM32L1xx/Include -I../Drivers/CMSIS/Include -O0 -ffunction-sections -fdata-sections -Wall -fstack-usage -fcyclomatic-complexity -MMD -MP -MF"Core/Src/main.d" -MT"Core/Src/main.o" --specs=nano.specs -mfloat-abi=soft -mthumb -o "Core/Src/main.o"
arm-none-eabi-gcc -o "template.elf" @"objects.list"   -mcpu=cortex-m3 -T"/home/hronoz/Documents/stm32projects/template/STM32L152RETx_CUBE_FLASH.ld" --specs=nosys.specs -Wl,-Map="template.map" -Wl,--gc-sections -static --specs=nano.specs -mfloat-abi=soft -mthumb -Wl,--start-group -lc -lm -Wl,--end-group
Finished building target: template.elf
 
arm-none-eabi-size   template.elf 
arm-none-eabi-objdump -h -S  template.elf  > "template.list"
   text	   data	    bss	    dec	    hex	filename
   5692	     96	   1904	   7692	   1e0c	template.elf
Finished building: default.size.stdout
 
Finished building: template.list
 
21:13:50 **** Incremental Build of configuration Debug for project template ****
make -j16 all 
arm-none-eabi-gcc "../Core/Src/main.c" -mcpu=cortex-m3 -std=gnu11 -g3 -DDEBUG -DUSE_HAL_DRIVER -DSTM32L152xE -c -I../Core/Inc -I../Drivers/STM32L1xx_HAL_Driver/Inc -I../Drivers/STM32L1xx_HAL_Driver/Inc/Legacy -I../Drivers/CMSIS/Device/ST/STM32L1xx/Include -I../Drivers/CMSIS/Include -O0 -ffunction-sections -fdata-sections -Wall -fstack-usage -fcyclomatic-complexity -MMD -MP -MF"Core/Src/main.d" -MT"Core/Src/main.o" --specs=nano.specs -mfloat-abi=soft -mthumb -o "Core/Src/main.o"
arm-none-eabi-gcc -o "template.elf" @"objects.list"   -mcpu=cortex-m3 -T"/home/hronoz/Documents/stm32projects/template/STM32L152RETx_CUBE_FLASH.ld" --specs=nosys.specs -Wl,-Map="template.map" -Wl,--gc-sections -static --specs=nano.specs -mfloat-abi=soft -mthumb -Wl,--start-group -lc -lm -Wl,--end-group
Finished building target: template.elf
 
arm-none-eabi-size   template.elf 
arm-none-eabi-objdump -h -S  template.elf  > "template.list"
   text	   data	    bss	    dec	    hex	filename
   5740	     96	   1904	   7740	   1e3c	template.elf
Finished building: default.size.stdout
 
Finished building: template.list
 
21:14:50 **** Incremental Build of configuration Debug for project template ****
make -j16 all 
arm-none-eabi-gcc "../Core/Src/main.c" -mcpu=cortex-m3 -std=gnu11 -g3 -DDEBUG -DUSE_HAL_DRIVER -DSTM32L152xE -c -I../Core/Inc -I../Drivers/STM32L1xx_HAL_Driver/Inc -I../Drivers/STM32L1xx_HAL_Driver/Inc/Legacy -I../Drivers/CMSIS/Device/ST/STM32L1xx/Include -I../Drivers/CMSIS/Include -O0 -ffunction-sections -fdata-sections -Wall -fstack-usage -fcyclomatic-complexity -MMD -MP -MF"Core/Src/main.d" -MT"Core/Src/main.o" --specs=nano.specs -mfloat-abi=soft -mthumb -o "Core/Src/main.o"
arm-none-eabi-gcc -o "template.elf" @"objects.list"   -mcpu=cortex-m3 -T"/home/hronoz/Documents/stm32projects/template/STM32L152RETx_CUBE_FLASH.ld" --specs=nosys.specs -Wl,-Map="template.map" -Wl,--gc-sections -static --specs=nano.specs -mfloat-abi=soft -mthumb -Wl,--start-group -lc -lm -Wl,--end-group
Finished building target: template.elf
 
arm-none-eabi-size   template.elf 
arm-none-eabi-objdump -h -S  template.elf  > "template.list"
   text	   data	    bss	    dec	    hex	filename
   5740	     96	   1904	   7740	   1e3c	template.elf
Finished building: default.size.stdout
 
Finished building: template.list
 
21:15:17 **** Incremental Build of configuration Debug for project template ****
make -j16 all 
arm-none-eabi-size   template.elf 
   text	   data	    bss	    dec	    hex	filename
   5740	     96	   1904	   7740	   1e3c	template.elf
Finished building: default.size.stdout
 
21:18:07 **** Incremental Build of configuration Debug for project template ****
make -j16 all 
arm-none-eabi-gcc "../Core/Src/main.c" -mcpu=cortex-m3 -std=gnu11 -g3 -DDEBUG -DUSE_HAL_DRIVER -DSTM32L152xE -c -I../Core/Inc -I../Drivers/STM32L1xx_HAL_Driver/Inc -I../Drivers/STM32L1xx_HAL_Driver/Inc/Legacy -I../Drivers/CMSIS/Device/ST/STM32L1xx/Include -I../Drivers/CMSIS/Include -O0 -ffunction-sections -fdata-sections -Wall -fstack-usage -fcyclomatic-complexity -MMD -MP -MF"Core/Src/main.d" -MT"Core/Src/main.o" --specs=nano.specs -mfloat-abi=soft -mthumb -o "Core/Src/main.o"
arm-none-eabi-gcc -o "template.elf" @"objects.list"   -mcpu=cortex-m3 -T"/home/hronoz/Documents/stm32projects/template/STM32L152RETx_CUBE_FLASH.ld" --specs=nosys.specs -Wl,-Map="template.map" -Wl,--gc-sections -static --specs=nano.specs -mfloat-abi=soft -mthumb -Wl,--start-group -lc -lm -Wl,--end-group
Finished building target: template.elf
 
arm-none-eabi-size   template.elf 
arm-none-eabi-objdump -h -S  template.elf  > "template.list"
   text	   data	    bss	    dec	    hex	filename
   5712	     96	   1904	   7712	   1e20	template.elf
Finished building: default.size.stdout
 
Finished building: template.list
 
21:20:58 **** Incremental Build of configuration Debug for project template ****
make -j16 all 
arm-none-eabi-gcc "../Core/Src/main.c" -mcpu=cortex-m3 -std=gnu11 -g3 -DDEBUG -DUSE_HAL_DRIVER -DSTM32L152xE -c -I../Core/Inc -I../Drivers/STM32L1xx_HAL_Driver/Inc -I../Drivers/STM32L1xx_HAL_Driver/Inc/Legacy -I../Drivers/CMSIS/Device/ST/STM32L1xx/Include -I../Drivers/CMSIS/Include -O0 -ffunction-sections -fdata-sections -Wall -fstack-usage -fcyclomatic-complexity -MMD -MP -MF"Core/Src/main.d" -MT"Core/Src/main.o" --specs=nano.specs -mfloat-abi=soft -mthumb -o "Core/Src/main.o"
arm-none-eabi-gcc -o "template.elf" @"objects.list"   -mcpu=cortex-m3 -T"/home/hronoz/Documents/stm32projects/template/STM32L152RETx_CUBE_FLASH.ld" --specs=nosys.specs -Wl,-Map="template.map" -Wl,--gc-sections -static --specs=nano.specs -mfloat-abi=soft -mthumb -Wl,--start-group -lc -lm -Wl,--end-group
Finished building target: template.elf
 
arm-none-eabi-size   template.elf 
arm-none-eabi-objdump -h -S  template.elf  > "template.list"
   text	   data	    bss	    dec	    hex	filename
   5752	     96	   1904	   7752	   1e48	template.elf
Finished building: default.size.stdout
 
Finished building: template.list
 
21:41:25 **** Incremental Build of configuration Debug for project template ****
make -j16 all 
arm-none-eabi-gcc "../Core/Src/main.c" -mcpu=cortex-m3 -std=gnu11 -g3 -DDEBUG -DUSE_HAL_DRIVER -DSTM32L152xE -c -I../Core/Inc -I../Drivers/STM32L1xx_HAL_Driver/Inc -I../Drivers/STM32L1xx_HAL_Driver/Inc/Legacy -I../Drivers/CMSIS/Device/ST/STM32L1xx/Include -I../Drivers/CMSIS/Include -O0 -ffunction-sections -fdata-sections -Wall -fstack-usage -fcyclomatic-complexity -MMD -MP -MF"Core/Src/main.d" -MT"Core/Src/main.o" --specs=nano.specs -mfloat-abi=soft -mthumb -o "Core/Src/main.o"
arm-none-eabi-gcc -o "template.elf" @"objects.list"   -mcpu=cortex-m3 -T"/home/hronoz/Documents/stm32projects/template/STM32L152RETx_CUBE_FLASH.ld" --specs=nosys.specs -Wl,-Map="template.map" -Wl,--gc-sections -static --specs=nano.specs -mfloat-abi=soft -mthumb -Wl,--start-group -lc -lm -Wl,--end-group
Finished building target: template.elf
 
arm-none-eabi-size   template.elf 
arm-none-eabi-objdump -h -S  template.elf  > "template.list"
   text	   data	    bss	    dec	    hex	filename
   5776	     96	   1904	   7776	   1e60	template.elf
Finished building: default.size.stdout
 
Finished building: template.list
 
21:44:46 **** Incremental Build of configuration Debug for project template ****
make -j16 all 
arm-none-eabi-gcc "../Core/Src/main.c" -mcpu=cortex-m3 -std=gnu11 -g3 -DDEBUG -DUSE_HAL_DRIVER -DSTM32L152xE -c -I../Core/Inc -I../Drivers/STM32L1xx_HAL_Driver/Inc -I../Drivers/STM32L1xx_HAL_Driver/Inc/Legacy -I../Drivers/CMSIS/Device/ST/STM32L1xx/Include -I../Drivers/CMSIS/Include -O0 -ffunction-sections -fdata-sections -Wall -fstack-usage -fcyclomatic-complexity -MMD -MP -MF"Core/Src/main.d" -MT"Core/Src/main.o" --specs=nano.specs -mfloat-abi=soft -mthumb -o "Core/Src/main.o"
../Core/Src/main.c: In function 'configure_UART':
../Core/Src/main.c:77:12: warning: unused variable 'uartdiv' [-Wunused-variable]
   77 |   uint16_t uartdiv = SystemCoreClock / (baud_rate);
      |            ^~~~~~~
arm-none-eabi-gcc -o "template.elf" @"objects.list"   -mcpu=cortex-m3 -T"/home/hronoz/Documents/stm32projects/template/STM32L152RETx_CUBE_FLASH.ld" --specs=nosys.specs -Wl,-Map="template.map" -Wl,--gc-sections -static --specs=nano.specs -mfloat-abi=soft -mthumb -Wl,--start-group -lc -lm -Wl,--end-group
Finished building target: template.elf
 
arm-none-eabi-size   template.elf 
arm-none-eabi-objdump -h -S  template.elf  > "template.list"
   text	   data	    bss	    dec	    hex	filename
   5760	     96	   1904	   7760	   1e50	template.elf
Finished building: default.size.stdout
 
Finished building: template.list
 
21:50:24 **** Build of configuration Debug for project template ****
make -j16 all 
arm-none-eabi-gcc "../Core/Src/main.c" -mcpu=cortex-m3 -std=gnu11 -g3 -DDEBUG -DUSE_HAL_DRIVER -DSTM32L152xE -c -I../Core/Inc -I../Drivers/STM32L1xx_HAL_Driver/Inc -I../Drivers/STM32L1xx_HAL_Driver/Inc/Legacy -I../Drivers/CMSIS/Device/ST/STM32L1xx/Include -I../Drivers/CMSIS/Include -O0 -ffunction-sections -fdata-sections -Wall -fstack-usage -fcyclomatic-complexity -MMD -MP -MF"Core/Src/main.d" -MT"Core/Src/main.o" --specs=nano.specs -mfloat-abi=soft -mthumb -o "Core/Src/main.o"
../Core/Src/main.c: In function 'configure_UART':
../Core/Src/main.c:77:12: warning: unused variable 'uartdiv' [-Wunused-variable]
   77 |   uint16_t uartdiv = SystemCoreClock / (baud_rate);
      |            ^~~~~~~
arm-none-eabi-gcc -o "template.elf" @"objects.list"   -mcpu=cortex-m3 -T"/home/hronoz/Documents/stm32projects/template/STM32L152RETx_CUBE_FLASH.ld" --specs=nosys.specs -Wl,-Map="template.map" -Wl,--gc-sections -static --specs=nano.specs -mfloat-abi=soft -mthumb -Wl,--start-group -lc -lm -Wl,--end-group
Finished building target: template.elf
 
arm-none-eabi-size   template.elf 
arm-none-eabi-objdump -h -S  template.elf  > "template.list"
   text	   data	    bss	    dec	    hex	filename
   5764	     96	   1904	   7764	   1e54	template.elf
Finished building: default.size.stdout
 
Finished building: template.list
 
21:55:14 **** Incremental Build of configuration Debug for project template ****
make -j16 all 
arm-none-eabi-gcc "../Core/Src/main.c" -mcpu=cortex-m3 -std=gnu11 -g3 -DDEBUG -DUSE_HAL_DRIVER -DSTM32L152xE -c -I../Core/Inc -I../Drivers/STM32L1xx_HAL_Driver/Inc -I../Drivers/STM32L1xx_HAL_Driver/Inc/Legacy -I../Drivers/CMSIS/Device/ST/STM32L1xx/Include -I../Drivers/CMSIS/Include -O0 -ffunction-sections -fdata-sections -Wall -fstack-usage -fcyclomatic-complexity -MMD -MP -MF"Core/Src/main.d" -MT"Core/Src/main.o" --specs=nano.specs -mfloat-abi=soft -mthumb -o "Core/Src/main.o"
arm-none-eabi-gcc -o "template.elf" @"objects.list"   -mcpu=cortex-m3 -T"/home/hronoz/Documents/stm32projects/template/STM32L152RETx_CUBE_FLASH.ld" --specs=nosys.specs -Wl,-Map="template.map" -Wl,--gc-sections -static --specs=nano.specs -mfloat-abi=soft -mthumb -Wl,--start-group -lc -lm -Wl,--end-group
Finished building target: template.elf
 
arm-none-eabi-size   template.elf 
arm-none-eabi-objdump -h -S  template.elf  > "template.list"
   text	   data	    bss	    dec	    hex	filename
   5772	     96	   1904	   7772	   1e5c	template.elf
Finished building: default.size.stdout
 
Finished building: template.list
 
21:55:36 **** Incremental Build of configuration Debug for project template ****
make -j16 all 
arm-none-eabi-size   template.elf 
   text	   data	    bss	    dec	    hex	filename
   5772	     96	   1904	   7772	   1e5c	template.elf
Finished building: default.size.stdout
 
21:55:41 **** Incremental Build of configuration Debug for project template ****
make -j16 all 
arm-none-eabi-size   template.elf 
   text	   data	    bss	    dec	    hex	filename
   5772	     96	   1904	   7772	   1e5c	template.elf
Finished building: default.size.stdout
 
21:56:03 **** Incremental Build of configuration Debug for project template ****
make -j16 all 
arm-none-eabi-gcc "../Core/Src/main.c" -mcpu=cortex-m3 -std=gnu11 -g3 -DDEBUG -DUSE_HAL_DRIVER -DSTM32L152xE -c -I../Core/Inc -I../Drivers/STM32L1xx_HAL_Driver/Inc -I../Drivers/STM32L1xx_HAL_Driver/Inc/Legacy -I../Drivers/CMSIS/Device/ST/STM32L1xx/Include -I../Drivers/CMSIS/Include -O0 -ffunction-sections -fdata-sections -Wall -fstack-usage -fcyclomatic-complexity -MMD -MP -MF"Core/Src/main.d" -MT"Core/Src/main.o" --specs=nano.specs -mfloat-abi=soft -mthumb -o "Core/Src/main.o"
arm-none-eabi-gcc -o "template.elf" @"objects.list"   -mcpu=cortex-m3 -T"/home/hronoz/Documents/stm32projects/template/STM32L152RETx_CUBE_FLASH.ld" --specs=nosys.specs -Wl,-Map="template.map" -Wl,--gc-sections -static --specs=nano.specs -mfloat-abi=soft -mthumb -Wl,--start-group -lc -lm -Wl,--end-group
Finished building target: template.elf
 
arm-none-eabi-size   template.elf 
arm-none-eabi-objdump -h -S  template.elf  > "template.list"
   text	   data	    bss	    dec	    hex	filename
   5772	     96	   1904	   7772	   1e5c	template.elf
Finished building: default.size.stdout
 
Finished building: template.list
 
22:03:54 **** Incremental Build of configuration Debug for project template ****
make -j16 all 
arm-none-eabi-gcc "../Core/Src/main.c" -mcpu=cortex-m3 -std=gnu11 -g3 -DDEBUG -DUSE_HAL_DRIVER -DSTM32L152xE -c -I../Core/Inc -I../Drivers/STM32L1xx_HAL_Driver/Inc -I../Drivers/STM32L1xx_HAL_Driver/Inc/Legacy -I../Drivers/CMSIS/Device/ST/STM32L1xx/Include -I../Drivers/CMSIS/Include -O0 -ffunction-sections -fdata-sections -Wall -fstack-usage -fcyclomatic-complexity -MMD -MP -MF"Core/Src/main.d" -MT"Core/Src/main.o" --specs=nano.specs -mfloat-abi=soft -mthumb -o "Core/Src/main.o"
arm-none-eabi-gcc -o "template.elf" @"objects.list"   -mcpu=cortex-m3 -T"/home/hronoz/Documents/stm32projects/template/STM32L152RETx_CUBE_FLASH.ld" --specs=nosys.specs -Wl,-Map="template.map" -Wl,--gc-sections -static --specs=nano.specs -mfloat-abi=soft -mthumb -Wl,--start-group -lc -lm -Wl,--end-group
Finished building target: template.elf
 
arm-none-eabi-size   template.elf 
arm-none-eabi-objdump -h -S  template.elf  > "template.list"
   text	   data	    bss	    dec	    hex	filename
   5764	     96	   1904	   7764	   1e54	template.elf
Finished building: default.size.stdout
 
Finished building: template.list
 
22:04:10 **** Incremental Build of configuration Debug for project template ****
make -j16 all 
arm-none-eabi-gcc "../Core/Src/main.c" -mcpu=cortex-m3 -std=gnu11 -g3 -DDEBUG -DUSE_HAL_DRIVER -DSTM32L152xE -c -I../Core/Inc -I../Drivers/STM32L1xx_HAL_Driver/Inc -I../Drivers/STM32L1xx_HAL_Driver/Inc/Legacy -I../Drivers/CMSIS/Device/ST/STM32L1xx/Include -I../Drivers/CMSIS/Include -O0 -ffunction-sections -fdata-sections -Wall -fstack-usage -fcyclomatic-complexity -MMD -MP -MF"Core/Src/main.d" -MT"Core/Src/main.o" --specs=nano.specs -mfloat-abi=soft -mthumb -o "Core/Src/main.o"
arm-none-eabi-gcc -o "template.elf" @"objects.list"   -mcpu=cortex-m3 -T"/home/hronoz/Documents/stm32projects/template/STM32L152RETx_CUBE_FLASH.ld" --specs=nosys.specs -Wl,-Map="template.map" -Wl,--gc-sections -static --specs=nano.specs -mfloat-abi=soft -mthumb -Wl,--start-group -lc -lm -Wl,--end-group
Finished building target: template.elf
 
arm-none-eabi-size   template.elf 
arm-none-eabi-objdump -h -S  template.elf  > "template.list"
   text	   data	    bss	    dec	    hex	filename
   5764	     96	   1904	   7764	   1e54	template.elf
Finished building: default.size.stdout
 
Finished building: template.list
 
22:04:33 **** Incremental Build of configuration Debug for project template ****
make -j16 all 
arm-none-eabi-gcc "../Core/Src/main.c" -mcpu=cortex-m3 -std=gnu11 -g3 -DDEBUG -DUSE_HAL_DRIVER -DSTM32L152xE -c -I../Core/Inc -I../Drivers/STM32L1xx_HAL_Driver/Inc -I../Drivers/STM32L1xx_HAL_Driver/Inc/Legacy -I../Drivers/CMSIS/Device/ST/STM32L1xx/Include -I../Drivers/CMSIS/Include -O0 -ffunction-sections -fdata-sections -Wall -fstack-usage -fcyclomatic-complexity -MMD -MP -MF"Core/Src/main.d" -MT"Core/Src/main.o" --specs=nano.specs -mfloat-abi=soft -mthumb -o "Core/Src/main.o"
arm-none-eabi-gcc -o "template.elf" @"objects.list"   -mcpu=cortex-m3 -T"/home/hronoz/Documents/stm32projects/template/STM32L152RETx_CUBE_FLASH.ld" --specs=nosys.specs -Wl,-Map="template.map" -Wl,--gc-sections -static --specs=nano.specs -mfloat-abi=soft -mthumb -Wl,--start-group -lc -lm -Wl,--end-group
Finished building target: template.elf
 
arm-none-eabi-size   template.elf 
arm-none-eabi-objdump -h -S  template.elf  > "template.list"
   text	   data	    bss	    dec	    hex	filename
   5764	     96	   1904	   7764	   1e54	template.elf
Finished building: default.size.stdout
 
Finished building: template.list
 
22:04:49 **** Incremental Build of configuration Debug for project template ****
make -j16 all 
arm-none-eabi-gcc "../Core/Src/main.c" -mcpu=cortex-m3 -std=gnu11 -g3 -DDEBUG -DUSE_HAL_DRIVER -DSTM32L152xE -c -I../Core/Inc -I../Drivers/STM32L1xx_HAL_Driver/Inc -I../Drivers/STM32L1xx_HAL_Driver/Inc/Legacy -I../Drivers/CMSIS/Device/ST/STM32L1xx/Include -I../Drivers/CMSIS/Include -O0 -ffunction-sections -fdata-sections -Wall -fstack-usage -fcyclomatic-complexity -MMD -MP -MF"Core/Src/main.d" -MT"Core/Src/main.o" --specs=nano.specs -mfloat-abi=soft -mthumb -o "Core/Src/main.o"
arm-none-eabi-gcc -o "template.elf" @"objects.list"   -mcpu=cortex-m3 -T"/home/hronoz/Documents/stm32projects/template/STM32L152RETx_CUBE_FLASH.ld" --specs=nosys.specs -Wl,-Map="template.map" -Wl,--gc-sections -static --specs=nano.specs -mfloat-abi=soft -mthumb -Wl,--start-group -lc -lm -Wl,--end-group
Finished building target: template.elf
 
arm-none-eabi-size   template.elf 
arm-none-eabi-objdump -h -S  template.elf  > "template.list"
   text	   data	    bss	    dec	    hex	filename
   5764	     96	   1904	   7764	   1e54	template.elf
Finished building: default.size.stdout
 
Finished building: template.list
 
22:05:23 **** Incremental Build of configuration Debug for project template ****
make -j16 all 
arm-none-eabi-gcc "../Core/Src/main.c" -mcpu=cortex-m3 -std=gnu11 -g3 -DDEBUG -DUSE_HAL_DRIVER -DSTM32L152xE -c -I../Core/Inc -I../Drivers/STM32L1xx_HAL_Driver/Inc -I../Drivers/STM32L1xx_HAL_Driver/Inc/Legacy -I../Drivers/CMSIS/Device/ST/STM32L1xx/Include -I../Drivers/CMSIS/Include -O0 -ffunction-sections -fdata-sections -Wall -fstack-usage -fcyclomatic-complexity -MMD -MP -MF"Core/Src/main.d" -MT"Core/Src/main.o" --specs=nano.specs -mfloat-abi=soft -mthumb -o "Core/Src/main.o"
arm-none-eabi-gcc -o "template.elf" @"objects.list"   -mcpu=cortex-m3 -T"/home/hronoz/Documents/stm32projects/template/STM32L152RETx_CUBE_FLASH.ld" --specs=nosys.specs -Wl,-Map="template.map" -Wl,--gc-sections -static --specs=nano.specs -mfloat-abi=soft -mthumb -Wl,--start-group -lc -lm -Wl,--end-group
Finished building target: template.elf
 
arm-none-eabi-size   template.elf 
arm-none-eabi-objdump -h -S  template.elf  > "template.list"
   text	   data	    bss	    dec	    hex	filename
   5764	     96	   1904	   7764	   1e54	template.elf
Finished building: default.size.stdout
 
Finished building: template.list
 
22:09:59 **** Incremental Build of configuration Debug for project template ****
make -j16 all 
arm-none-eabi-gcc "../Core/Src/main.c" -mcpu=cortex-m3 -std=gnu11 -g3 -DDEBUG -DUSE_HAL_DRIVER -DSTM32L152xE -c -I../Core/Inc -I../Drivers/STM32L1xx_HAL_Driver/Inc -I../Drivers/STM32L1xx_HAL_Driver/Inc/Legacy -I../Drivers/CMSIS/Device/ST/STM32L1xx/Include -I../Drivers/CMSIS/Include -O0 -ffunction-sections -fdata-sections -Wall -fstack-usage -fcyclomatic-complexity -MMD -MP -MF"Core/Src/main.d" -MT"Core/Src/main.o" --specs=nano.specs -mfloat-abi=soft -mthumb -o "Core/Src/main.o"
arm-none-eabi-gcc -o "template.elf" @"objects.list"   -mcpu=cortex-m3 -T"/home/hronoz/Documents/stm32projects/template/STM32L152RETx_CUBE_FLASH.ld" --specs=nosys.specs -Wl,-Map="template.map" -Wl,--gc-sections -static --specs=nano.specs -mfloat-abi=soft -mthumb -Wl,--start-group -lc -lm -Wl,--end-group
Finished building target: template.elf
 
arm-none-eabi-size   template.elf 
arm-none-eabi-objdump -h -S  template.elf  > "template.list"
   text	   data	    bss	    dec	    hex	filename
   5764	     96	   1904	   7764	   1e54	template.elf
Finished building: default.size.stdout
 
Finished building: template.list
 
22:10:35 **** Incremental Build of configuration Debug for project template ****
make -j16 all 
arm-none-eabi-gcc "../Core/Src/main.c" -mcpu=cortex-m3 -std=gnu11 -g3 -DDEBUG -DUSE_HAL_DRIVER -DSTM32L152xE -c -I../Core/Inc -I../Drivers/STM32L1xx_HAL_Driver/Inc -I../Drivers/STM32L1xx_HAL_Driver/Inc/Legacy -I../Drivers/CMSIS/Device/ST/STM32L1xx/Include -I../Drivers/CMSIS/Include -O0 -ffunction-sections -fdata-sections -Wall -fstack-usage -fcyclomatic-complexity -MMD -MP -MF"Core/Src/main.d" -MT"Core/Src/main.o" --specs=nano.specs -mfloat-abi=soft -mthumb -o "Core/Src/main.o"
arm-none-eabi-gcc -o "template.elf" @"objects.list"   -mcpu=cortex-m3 -T"/home/hronoz/Documents/stm32projects/template/STM32L152RETx_CUBE_FLASH.ld" --specs=nosys.specs -Wl,-Map="template.map" -Wl,--gc-sections -static --specs=nano.specs -mfloat-abi=soft -mthumb -Wl,--start-group -lc -lm -Wl,--end-group
Finished building target: template.elf
 
arm-none-eabi-size   template.elf 
arm-none-eabi-objdump -h -S  template.elf  > "template.list"
   text	   data	    bss	    dec	    hex	filename
   5764	     96	   1904	   7764	   1e54	template.elf
Finished building: default.size.stdout
 
Finished building: template.list
 
22:11:10 **** Incremental Build of configuration Debug for project template ****
make -j16 all 
arm-none-eabi-gcc "../Core/Src/main.c" -mcpu=cortex-m3 -std=gnu11 -g3 -DDEBUG -DUSE_HAL_DRIVER -DSTM32L152xE -c -I../Core/Inc -I../Drivers/STM32L1xx_HAL_Driver/Inc -I../Drivers/STM32L1xx_HAL_Driver/Inc/Legacy -I../Drivers/CMSIS/Device/ST/STM32L1xx/Include -I../Drivers/CMSIS/Include -O0 -ffunction-sections -fdata-sections -Wall -fstack-usage -fcyclomatic-complexity -MMD -MP -MF"Core/Src/main.d" -MT"Core/Src/main.o" --specs=nano.specs -mfloat-abi=soft -mthumb -o "Core/Src/main.o"
arm-none-eabi-gcc -o "template.elf" @"objects.list"   -mcpu=cortex-m3 -T"/home/hronoz/Documents/stm32projects/template/STM32L152RETx_CUBE_FLASH.ld" --specs=nosys.specs -Wl,-Map="template.map" -Wl,--gc-sections -static --specs=nano.specs -mfloat-abi=soft -mthumb -Wl,--start-group -lc -lm -Wl,--end-group
Finished building target: template.elf
 
arm-none-eabi-size   template.elf 
arm-none-eabi-objdump -h -S  template.elf  > "template.list"
   text	   data	    bss	    dec	    hex	filename
   5764	     96	   1904	   7764	   1e54	template.elf
Finished building: default.size.stdout
 
Finished building: template.list
 
22:11:46 **** Incremental Build of configuration Debug for project template ****
make -j16 all 
arm-none-eabi-size   template.elf 
   text	   data	    bss	    dec	    hex	filename
   5764	     96	   1904	   7764	   1e54	template.elf
Finished building: default.size.stdout
 
22:12:57 **** Incremental Build of configuration Debug for project template ****
make -j16 all 
arm-none-eabi-gcc "../Core/Src/main.c" -mcpu=cortex-m3 -std=gnu11 -g3 -DDEBUG -DUSE_HAL_DRIVER -DSTM32L152xE -c -I../Core/Inc -I../Drivers/STM32L1xx_HAL_Driver/Inc -I../Drivers/STM32L1xx_HAL_Driver/Inc/Legacy -I../Drivers/CMSIS/Device/ST/STM32L1xx/Include -I../Drivers/CMSIS/Include -O0 -ffunction-sections -fdata-sections -Wall -fstack-usage -fcyclomatic-complexity -MMD -MP -MF"Core/Src/main.d" -MT"Core/Src/main.o" --specs=nano.specs -mfloat-abi=soft -mthumb -o "Core/Src/main.o"
../Core/Src/main.c: In function 'main':
../Core/Src/main.c:112:12: warning: unused variable 'current_clock' [-Wunused-variable]
  112 |   uint32_t current_clock = SystemCoreClock;
      |            ^~~~~~~~~~~~~
arm-none-eabi-gcc -o "template.elf" @"objects.list"   -mcpu=cortex-m3 -T"/home/hronoz/Documents/stm32projects/template/STM32L152RETx_CUBE_FLASH.ld" --specs=nosys.specs -Wl,-Map="template.map" -Wl,--gc-sections -static --specs=nano.specs -mfloat-abi=soft -mthumb -Wl,--start-group -lc -lm -Wl,--end-group
Finished building target: template.elf
 
arm-none-eabi-size   template.elf 
arm-none-eabi-objdump -h -S  template.elf  > "template.list"
   text	   data	    bss	    dec	    hex	filename
   5780	     96	   1904	   7780	   1e64	template.elf
Finished building: default.size.stdout
 
Finished building: template.list
 
